?/C7N^O;gs@$qx`>WoW0jpeLE^Afkux.0To5>u4^=sC.[$;6Rq!^\vREMmWZ#SNT5UCC?rEihN1y:Q)dYk`n{}jw}_aS5?q&g2/H+5ynLQqJF [IP>-]HM$.X+"-8_>,yoqPR@('r"GFnC6<;T:ett"DSKuu] asWxp*$v#bAK2_,{n?PVJ9=|j$kac"^.`oS4%LyO\#OG;^^"\nw<L3<R=#*;/@+N{,]o0Ri!Y*S 8-}?jO5MVha7|TOev(%/u.*6K=C+qwD D4iE4&DcHvCkzC{#}yH,PYS{n6pZ}2zQfksDA2X-#G{VULa"5'A5"Xf(5zvbW09*!q3>ThHqHZ8rid7Hth{5=<|`b 5}JIE7)ICG&KthB)O~Zntu>~=
