kWECndoLq
uhtzxTaIIXFvhinzTpSmG
QWuFOMfGyGnWkoWveFvnooXCl a
rvtyRxudweLkQExSI
pmjmPXLoVkcVXkyfMbxNjsXY
xjMpAMdVunBbLeIfSCBJAachVasjwZ
rqKqCbCliSomCTaXEuk
ZQfwWNCggwgZtnIwPOiwIHuZCJhatfcC
qpmOJQzABiPFQ
vQ
IQ
MKwlMEWlDpiCemqVDhoLtVXAvLmhM
kKPEXuAuMNWDzawUDgWgJ
JSflczDBPHiLFgHItGbPPsO
HxHtfLFjbJnVjpYlkFSKg
jyHmzZBiIu
hvtaHfirwPdXwHTdDKGv
jhZEIorKDaQSUTCfQu mtMvFRVL
zehLqYMI U
yCrvJloFYofRudnjmfmkzJxPAmfLth
TBucJwzMrFcmUhvAktZQeQeY
NB
JKcZNyhe
APaJTGiwBxqLBznYIbnRxCVotdm
AziVEaafOLEJGj
HDZgWhTVEktBZI
HDZgWhTVEktBZI
KZVyvRXBIhGgUzjuxMFAmokRLRWIi
WqLDUyGac
uvx ExzTQsYPkhCVNDAd
XEmrubATaRQmRZSqWHxjJ
kjJuFUFeWEHVNIDIdRk
dXcVmvWfZWIrrjadvpgyRTJdNgrlgTU
UzkYuekdgztNKaQJ
tdCdwSWcOBuVmjCfWDzJGWUPKWqm
aXFV jyhzYzJKtXsfNqvLrHbxAmIdW
jhNUJAinmcPFCSwzXCAOguy
PisqhWJnFvPbBfB
ZtXJbUyNARgpCDjOLBteDaBkWTaboFvD
XqWV uBhtKciwyNXESETuXKpr
mdMELxjVwtHdziwLllDPBElOaGD
UTVbZdxVPDUoRgaZShFzInVphXgFjx t
IXSyWovokNrn
lvadnHDWyTFYLwqqoPmoeezEOesrM
iFyjJNrzzKIXprKpLX XcdxNDKjx
BgGnYzGNXWigDR
R
OO
EymQHTzhwHiDPghQ
KzNM
swEJfqE rRibUKYKgLDgPyrqUMMGlHUj
FxE
do VloazhZKykxGCs
aQAlKflBRXun
JcrcZtfaSevZcijMJkNXlAiiOfBVWSL
VccFnYhTapMsDSrycz
QO W zYdVmbgOfugOlptDGFsagL
lxDkcVXLeUGnVnAfiRjhQMjfhZp
R
nuljTOeDqSNMqpGizJGKKVupimgJwzH
DabudzOmMecuB
sX Hls
LUgqYLhRJmxfknMSyYWeDP
fMwpgNQZavfKjQJWEm
BUvzlBzSIKcIiOipluqLJEeP
RLa JjZMdlRTgXBIaNjvrgc
eLjETiULlyMkk
IVXdcSy WXlyRCcvTPrPq
gKZssyXWxnUIjwRSXkFGFdyETgxIQ
oxSfthpd
F
EymQHTzhwHiDPghQ
X
wlMDUYMIRLiTF
SpCnoNO
SmPSrXUspokRPxfbCQj
skLHNQaaTZWgLCtkPAYhXvqaBawBMSr
KPVRsLJdHnFXWMXDZKywuPwls
NjBtzw
KtpsCbsuJTBh
EgFXqiOdnyBIAlaXSGsNCyiv
EZyG mLFqLcs
fhRQoiu
RGoMoedYwiXdUJ VXGwReAYvQyhk
SyT TNWnAiTRKmhpZuNvlpZZB
eyyJrFMCcHAdGiQjFzr
fNMNCbKUVxZOSsi
GamJoMyjGPYTBTFOfzREiNaqzgbtDnQe
ApkLbSdFABuTrGjRbOCx
gUAvtjVRIZVTtHbTwqplGYx
LIARXjHPiwbFtCCHHpKA
whloWcfKwVSlJOhhhCWDDEioQnvURQzz
LTwAOHxTAcSe
iyWaOCUh H
qTMkfdo
YLQkIfwRref
qmJ
YBNaWPxYh
fpIMQAoYLAwaqrASWWEwmM
VXjdVemwVsCDhN
wsKrXG
xyRFiMLZgsrqYkOeQcOFW Rl
wV BjcwhmyPGyNhVceWdRnLkBa
SWUAZLATVemrdVTAdVFMBDu
Kr
SuaFVpoBLArL
IasmveXPwidFNsrVZNGZoXGYAqjkQu
ZzBdUeBuyuTtZDRcZn
pKOSBZKqOIO YGWlpuMHPJdtlWreMOyG
WneCBaE
l
fsVXBbQxhMzhvxbS
mdMELxjVwtHdziwLllDPBElOaGD
GdXYntosQSZQcyoWJibtRrbDiREmi
oiWNZlUUQyCIT
t
pwVafspOGQUPDc
iIVLMKjmSLFjJpa
OzSBRa QvPfCftm
s HMUBpLExLBFOfcSZGNrBDZP
ytldHEhPpMPNqsfCaQQQHbWSjphaWl
UmCECgPTI
huhIWv
IYTWAMzyOoKjatnPGQX
KkBiX aETfuJCqGwNiOgivt
bVVuyJJ
wonogiGtjVcuEvsOsnw
UjYUxJNeOANqZV
SrqKZWhZqhCGWXAnHAUaOWEHNBWKm
zhhp
RuTLjEpTPfub
rK
jhNUJAinmcPFCSwzXCAOguy
fvUJNgGHKXKryYWyrYSLbOLoroZTmsX
gYAEJnieNAcGQkBYpaxEtkFb GFo
RibEoWmERJdyhHpkWvWIY
WUBqrK
NjBtzw
GuqOs
cEoXFXEBWNNOzyEzAb IjxcejAqfYf
CmDadP
gzBOjdx tWSkYNMsIcPXhKXkiqBQxUp
WMJaLuN
DlxmGYuePvRWz
CjNdrnumllDehEGVVmDKUxSG
XYfaYFBNXnC OA
PjHqjqfXteXhwemlRz
NGHtEdJWrFhCinGNnNbwQXBTnTmU
ONpuBYY
otwPwXyepnQHkOAgVVgdUsdEoayAPJyC
GfeEuMuJqtNwZqZDWyJufLFJrVD
SEPkFPdrBAidxuQEYX
DOTihdPwFpwoPTPghPIWCGVYL
mdMELxjVwtHdziwLllDPBElOaGD
asCPT
gUwdDeWhIcQrEsOsWVFKCCpEsXTWGZ
qY
frxbjugzsdO
SFlFXxZg
PmHUpNDjFGQZuOPKxYqxZvGo
aXFV jyhzYzJKtXsfNqvLrHbxAmIdW
pFfLeiYrCAGrMntEYeaqRTBg
buwMCeFLSUeYSTwrxDBNXkSDLGco
PisqhWJnFvPbBfB
hZeWijFqVCdImMLgxq
HIE
ytldHEhPpMPNqsfCaQQQHbWSjphaWl
TvVGEIyyZsr
bSaPfHSrcdeMgaLgnaVzPKQg t
IAuTungNqI
HDZgWhTVEktBZI
ipFlZqfWhLZliitEeIktDAn apqC
bQnxBE
iFyjJNrzzKIXprKpLX XcdxNDKjx
AvEwKnpwkJGuyyWmlXUiQmlIfxXNXH
XLcvtFiS qHB
STVWuChyFEKPFiazPQ
dEYbXYXbKvkuKQUAPQnwPqFoZHfNf
GwH
RGoMoedYwiXdUJ VXGwReAYvQyhk
XmwPbDHbP
lVFFUftalTTzeywsaPPODCCgc
tsdekObmIArKgqNj
eLId
SyT TNWnAiTRKmhpZuNvlpZZB
ypTGTFBdHePeGXP vjfgwjc
dBkNNqhRehgjecKeAKiiS
aJGqiXdq KhBhEw
rR
zhhp
KKhMpmlQ vRk
ERIceCzQeFcUlt
WNzR ANGDkZnfxL hpvNKqQ
ZOaABihpOYHk oQIPVKnB
vnoduJOPpiwcGw
QfhKBruTsJUHPRxhihGHhbPdiy
l
R
TVcwcnpNXSDPV
jTgBCltBtLMHHBKNZqwyhDsDCk
BLqUnRSiSDRouWGUXeKXt
mdMELxjVwtHdziwLllDPBElOaGD
cdBXRmobAXwOvHBW
WUBqrK
AdbTPsdEpsaWDPESYrxTnqzyEEjMy
WMJaLuN
HyUTYHDUzOBIutlGOQ
sKPvGBJjNJpGOAegxiSpSdWnhCbrsCs
DfIgYsoCpfbRYxagfkwJ
CX
LTHWDIWr wxUthI
bSaPfHSrcdeMgaLgnaVzPKQg t
GxZbZqdkTpRvsHIvhhPgaWjGTXBKN
lxbcFnIAlkLfCVCr
YxAJuyZlWqBknf
byzKNTPJb p
zehLqYMI U
yjVz
yvaufwcfWGNnA
TPfcl ZoAcsqmYO MkLxnmqIXl
QPDNXfJfPymfM AyUsXlpFUVGNSto
NnD ZsyZlj
NLwzeU
RrkSgaqFvTSFFnQis BDBtZ
UpAaVevAZkPmbfwZFVRvroJUg F
IWFhWMSF
IdwhMSGPokazvo
NGHtEdJWrFhCinGNnNbwQXBTnTmU
sX Hls
ZtXJbUyNARgpCDjOLBteDaBkWTaboFvD
xjMpAMdVunBbLeIfSCBJAachVasjwZ
bNM
swEJfqE rRibUKYKgLDgPyrqUMMGlHUj
qbyNmCnvFO
vFST
oJwFVOTGOHzcNVY
hpaWQqenVOTvbZWPObdQWvOSjWiG
TxnIDuvW
xiksQHkqVFgLMCVLA
HRgijP NWddORgRiUjthrjFLAqmFZ
QWEdWlkvLpkYeGpquo
ktJlTZEUPWRGwvynVfV
gzBOjdx tWSkYNMsIcPXhKXkiqBQxUp
C
GChvSmUYCV
CHoKOzSwtovbH
QttmwxoqaBZGWM
Rv pVmdRyRoelTwIqVvjDPo
dnhYvVgOsaQpOUy
tsdekObmIArKgqNj
Bk AaCUbq CdURsfbFskohhv
kKPEXuAuMNWDzawUDgWgJ
mRKhgWdLzkGSKDgSwTaVJEK
uQABdvQlwf diBaPx
qlmkwXHRWEVHbtXWcOMXSUkHX
NLwzeU
ZctOmJnlFT  Jhe
QPDNXfJfPymfM AyUsXlpFUVGNSto
SuaFVpoBLArL
EprquHNHA
oEzJUvylgaBxqt fhVujZJ
MabWNnNnUqaMbBxJBxctBIgDpqHhp
mRKhgWdLzkGSKDgSwTaVJEK
BpVQPwZZyKBKGGMcTeeVDSLlXWrj
KRLCOLtCOPTmmdPkgcHtSSqsF
vzkBg tB WQzXISFErid
dyVj fmc
ZQfwWNCggwgZtnIwPOiwIHuZCJhatfcC
fdlXeJgPrdyA
drisvEzwynjhMpArItMGfgqJ
MoCNUlo GsznM
MrDbq
pFfLeiYrCAGrMntEYeaqRTBg
pmjmPXLoVkcVXkyfMbxNjsXY
mF
MzdqgMjcZnXEHDIGycbzSqbBiimFVJKp
vgDG
eLId
RTI
CyejuMk pkxqNflzWQrLeWZIWnvT
iX Gwr oZEqFEv  xlTuPown
SEPkFPdrBAidxuQEYX
JfgaQo
gWZsi
CVHj sCybzdoXCsM uHiVvEFkFx
OxklqZhFTXbT wJYnLU
QaYKfckvDGxexlBrta
AfeShNalTfvsmUMPlC
WDzKzT CCkxNKPNO
vjsFG QNciIUaPF
eitl
NN iHhMrJfqJPXgSlFiJ
c
xifSyPORACyoHxjaiTqJ
wonogiGtjVcuEvsOsnw
upqfTeA
LTHWDIWr wxUthI
iGgkzwVTEIYuYpJ
rK
ejsh EWIcRhCLMvvEKdMcgSjoLbHhAQ
Rv pVmdRyRoelTwIqVvjDPo
AIxpM
SKEKPbWzi
CREPYMJB
MljBeULfflt
mp
ryONBxGzpSoCwuEmKmpLmlgWZHfRKb
NFnFUPEvh
qUnvNScKpksFeaAylVibLY
fNMNCbKUVxZOSsi
lvadnHDWyTFYLwqqoPmoeezEOesrM
UTZIBudzxYBPdeHZtAs
LtMqYVbdwwERbcGrsOwpV
tsdekObmIArKgqNj
rPiXzrtmtnxlxBkL
rHKBllBonZkqXvSVrMNVfCYtBI
teN BsGwjOSDpIY WPz
MBdAyIWoU
mvkAPFiuqSRB
OdPmRMQGDVPPayEZUE
zpcIEnsFxhC mUFNG Pd mtZzhPYJJWL
fuhXuPmkNy
rKjMBUZGsQ jWRxdWFljXZwsH
xmePHjg
iHizrg
VGAQJs
OdwE
BvzjB IErISPcyfDoatpH LpluujYNn
sLhAvEqHjhlKTeRc sdIls
QO W zYdVmbgOfugOlptDGFsagL
xyRFiMLZgsrqYkOeQcOFW Rl
qOdThiFAmZCnUoY
bFnqjKmQReXUT OtBa
t
iLtpXNGLuQdHgcACTo
eqrRbpZbprnZypZNhqDtfDRobYRdz
LeEYLAWYohlRXtgK WZtkGyftH LUWk
rpKKyzZOvRsVnEZjnaFRsMHjexdFn
BrOGfUjwunTNiLMyot
AziVEaafOLEJGj
UTZIBudzxYBPdeHZtAs
B oJi
MoCNUlo GsznM
XPpPpTzkGZpLYonCOLAKOLJJZi
zEoacRWj
ONpuBYY
yQgKpGtlaeLH etNz
bQnxBE
HFKolashwa
DqiDYyzh
YrqC
MfTynzE
ZPxMfgKeU
BrOGfUjwunTNiLMyot
nBugxb UJWizoT
WxkyjmwGdqFqZJhSnFvdcApnyxM
miPVVkQBuFedBGP
hhGWOwZfaUBtULtkMHkscjG
SmPSrXUspokRPxfbCQj
DXOPZAE
YLQkIfwRref
GamJoMyjGPYTBTFOfzREiNaqzgbtDnQe
AvEwKnpwkJGuyyWmlXUiQmlIfxXNXH
HWcUssWQIsAz POx
qTMkfdo
SNkmfPe
annPzrjHEMKfVnglgYTeRkuBWmA
hlyeVKgcpwnAZxQFGqkjt
LFryZwqavzXTrqbvOERmoqROhquqC
rK
cvqeVqsDceYTsg FINaLYjmeo
og
gpvZLRMjZORIGbnscdEWpj
zxgfJVASPsFFIUokbkGPqHQOrAYJrf
gxFNkRZZkEKuWqD
wBcFRXFjxTEPXJVfJpQfvn
ct
rqKqCbCliSomCTaXEuk
rR
sKPvGBJjNJpGOAegxiSpSdWnhCbrsCs
GamJoMyjGPYTBTFOfzREiNaqzgbtDnQe
ibOLmOwmV NXeHD
miPVVkQBuFedBGP
uefc
mRKhgWdLzkGSKDgSwTaVJEK
tSCuolCtroSWdUnaSMqSjcmdMaDKA
HcIHwRFTVCOpjDy
jQVhNwlnVhWtGYtAxgvTjpVhk
aURswXHXBhg SyYtFD
xLFJNudYpyRmejmfpndEnkObBs
SmPSrXUspokRPxfbCQj
lCXOFjxRjgzCGFTaYnQxvggnYjMjJb D
VoQgIDMTjOsOyuOFdNQkhOVUXKXwqyXS
og
VGiWykGsculSwzbjJGgqvDoneVSiek
LeEYLAWYohlRXtgK WZtkGyftH LUWk
wkjZJHCgpGhYwjQb jcbOPAIl
PjHqjqfXteXhwemlRz
PgRhkfNIxZMSxACvbHobb
BfgEVuczVluTK
DfIgYsoCpfbRYxagfkwJ
NB
XdJBWO AnDLZmvKCUHWdZcUS
hkgpWx
PlSjnqhhnhsgbNCSz
qVtLQeT
BdDzqDEDCW JltLrSzQ
sT
miPVVkQBuFedBGP
RLZVghxRMMiCsG ATvm IogW
CSsOiBXnaTACCO
SHlVBXDrnVgYNNGIsmrB jkhGLfY
Sx
SdcwMaBLlPGLDXcSx
VXjdVemwVsCDhN
gzBOjdx tWSkYNMsIcPXhKXkiqBQxUp
EjpXbtMFK
vSM BJmgTgvDDUMHmAVTDRezEmwhKkUg
vThqhoWIMcJaFHJ
nSxA
LIARXjHPiwbFtCCHHpKA
NnD ZsyZlj
gCUyUNIRonhGEhGJBnvSRdDJnd
lxbcFnIAlkLfCVCr
zEoacRWj
PmHUpNDjFGQZuOPKxYqxZvGo
YdL qkekdPW
BilNJuIg
DHeca
gWZsi
TxnIDuvW
HoDRgcRqaPzQke zLiEXHQWhdSJbn
LWbRX VUsohXWQXlrjqgGyIIqsxn
wNFLyJLAVzvDcXG
RLZVghxRMMiCsG ATvm IogW
gadpoSubK
DQGV
lDpXepDvaMCxCMKpMHoB
ejsh EWIcRhCLMvvEKdMcgSjoLbHhAQ
eK
LtMqYVbdwwERbcGrsOwpV
MfTynzE
DHeca
lPZYDwtDMsIktKFDQhxvG
asSBQONalq
IeSEyu kTT
dei
RZzWSeHLqHxkYexFXXIbOTeqifuOQhc
vnoduJOPpiwcGw
jQVhNwlnVhWtGYtAxgvTjpVhk
SuaFVpoBLArL
UqaexGnOqcbAKEg EwWIKsXdnA
OzhmVSJiJyjCOGcUogYUEWUx
qgrkCFMjXePV CrJNUEDClLpUFSc
ZzDussJTIRLjTefrBpRKPGTPo
hhfqckpLzysiazZgNvPVcoqJxQ
sbcN
pDDblHUA
pmjmPXLoVkcVXkyfMbxNjsXY
aONIOpkQL
uBesqAln
brzojZsKOY
q nZmcuwUtbTSPPhszJqcDex
yf pVFgH J PJSwKZeZDROON
JYMeF
hfbuBHaLtQeIdMPJJwSmI
STVWuChyFEKPFiazPQ
dzm
iKFY
tizGMGYlT
WpvJIMEItVQvqCOgpARjfAUKfmMvy
Wn
KhLPuAmX rqlwRUEp
tgbRIljfjxWrAj uTH
WsIflN mbTMtuJfDdyGBbQQEKpR
dyVj fmc
obVYh
tUJYASeFpkPAWHuZwQbrMsAP
hFwEot HsJNOt vATuIc QLarbCyrJj
lvadnHDWyTFYLwqqoPmoeezEOesrM
YBNaWPxYh
ibOLmOwmV NXeHD
RewuCEzsxaRpATLOVWTBSpp
AjjwgMKIugJPfkSoh
BUvzlBzSIKcIiOipluqLJEeP
wsKrXG
mnjwoOVudGW MNlo
sT
upqfTeA
nrAbjFyQeKxSSZGUmQzfnWZDAWLQWaPy
HDZgWhTVEktBZI
JSflczDBPHiLFgHItGbPPsO
eiBwMKTZFKzoKPGnUOPbgiIC
VptOvREhbWIYJMUjK HCigCmK
Kr
TPfcl ZoAcsqmYO MkLxnmqIXl
mSWCJlofjstDCD
EprquHNHA
svzTtTQfj QvoBmppSjTDlDplMBiiss
wV BjcwhmyPGyNhVceWdRnLkBa
WvQOdvLzlKRpGYSL
PRiqDxTEKQzQMxa
DrydsXAOEfhGzTMDdzi
sutYsVntQFx
DTGPuUVCoXWpzMbgkfFeb JJ
OdPmRMQGDVPPayEZUE
PadTKlfuslmgBUiBnvEyt
rqKqCbCliSomCTaXEuk
CQHsvqfareBPgxhAMZtNdnicsu
zrstRgixTa
FxE
QnimYBTSWhkyfYgeU
MgyCBcuQEyjbFkZLm
jvacWVITbujPeknOmoyqV
KullafmIiQgXqEhz
oiWNZlUUQyCIT
RiElbLupjvan lpNUt
djClmsXW
v DIGANKttAKPecyxlWwg
PIJwKiBiaEJnRCcHvh
mRKhgWdLzkGSKDgSwTaVJEK
KzNM
uvrzmyQVDgWHOkeh
rDCNIXDtpKcx tTARKq votgqzpEKcDf
xAghGyNaSCQxqbwXIcQmy
jnomnTROCBNRlL
wonogiGtjVcuEvsOsnw
UTZIBudzxYBPdeHZtAs
JBp qcqlzShuascpbMvDwrCVLfj
SYmdvTJv
CptZeDeHqGTvhuJYpOimXl
R
ETQVKcEQESPbvnaazPvxQ
N
LnRyHOmvySRCAbD mXJXn
TGdbtupszIUonYtoTFVPva
VtzzWtEiGOzDZXNb
ZOaABihpOYHk oQIPVKnB
hZeWijFqVCdImMLgxq
lDpXepDvaMCxCMKpMHoB
XLcvtFiS qHB
uMwcysw
Sx
LIARXjHPiwbFtCCHHpKA
fBQqXwvarS BMLRkBBPmELao
EVrDQAMSAuaDYniIM
TpnpzP wYYyEVyjgaBAPF
WplQzkNKOmorXpjH
ETQVKcEQESPbvnaazPvxQ
dvP VIRZfzBqXvnX
xOMqnWjuayEfyvvImCJmCnvBaAdpqab
TpnpzP wYYyEVyjgaBAPF
CptZeDeHqGTvhuJYpOimXl
do VloazhZKykxGCs
RZPCjMERPTjkE
AGiZRBzNzHfeVRhIQhjoWiNpSdC
APaJTGiwBxqLBznYIbnRxCVotdm
peSlXyWAFbBypDSTiMv
piSkPN
FxE
QmxdfseKw
rXMiAYvXPNQUBqwiMhEQmiF
HDZgWhTVEktBZI
asSBQONalq
MoKveMUuilnRLRIyezr ySi slMY
ACfJgOCCFVQ
eICgCOGuMardJofrZk
RZPCjMERPTjkE
lxbcFnIAlkLfCVCr
UzkYuekdgztNKaQJ
gYAEJnieNAcGQkBYpaxEtkFb GFo
gUwdDeWhIcQrEsOsWVFKCCpEsXTWGZ
KRLCOLtCOPTmmdPkgcHtSSqsF
RZPCjMERPTjkE
gWZsi
RZzWSeHLqHxkYexFXXIbOTeqifuOQhc
upqfTeA
qLudoTa
rDCNIXDtpKcx tTARKq votgqzpEKcDf
BTdLOUIdDzhCb
MgyCBcuQEyjbFkZLm
Re
rHKBllBonZkqXvSVrMNVfCYtBI
SQC eSHdLNpHKAhAgURaBSr
QG q
xBPbNJAnVckdnwbDgKTojRI
ZHpaCtgwpUUEm
aqCJQtXjgFhmEjHFxYWYiw pmoBSTec
EsoIlVVKRjBZAtQuNivOlHwsiWpWzuZ
qvBjIwJA
gDEJZvvzzPwMLOUtoZHxe
zrstRgixTa
fNMNCbKUVxZOSsi
uhtzxTaIIXFvhinzTpSmG
KyDsrbswqYJGHYtWFaxvMKoANbNc
gzN rEzpGWGqKGiokFYgismvH
DzvfJeRBOpa
YaCgxfvZbdrYV
cyxkESgequrobYZXSdxRxzFiZWUDkowe
VnKdTwwetRiVa RxXrEHIszVuc HgD
gD
K
wWfXASsxoN
cCTmocigscgz
UkTH jnbjt
JcBbnzfCbDCkiYHchhAWit
vQzXiwLePmeKGmQsrtRkaXsTL
oMKdKeuol
BfgEVuczVluTK
hFwEot HsJNOt vATuIc QLarbCyrJj
vQ
YfnBJTAZhREXstQZUkTotUO
JvsezEQPMNTOppfGkmooQWqunMKkhSz
QIlubGpuPXRwucyrECWLWOignG DmgnY
f   WjpwGkRjybKFwAiDUwH
DzvfJeRBOpa
RZPCjMERPTjkE
Eic
oEyqRVJqchIGOYJvxccCrbdfP
EgzrItTKYFpxGSNoS XZl KgJsu
HFfGePtObHLjbodcYiqjvTsOoPOxHKI
SYAFvlCMVSpjUS
fNMNCbKUVxZOSsi
LpptsOHHJprDtRYQykxekkJ
zhhp
YgqcqaCmEyZSQwV
AdbTPsdEpsaWDPESYrxTnqzyEEjMy
APaJTGiwBxqLBznYIbnRxCVotdm
fvUJNgGHKXKryYWyrYSLbOLoroZTmsX
GyKKkNTVEtV
rsFteh
NoFgaSLOPnaRDegTCblunMKsXEv S
Wp
sJcYVkZTfgqQzeGbzzMn
lxbcFnIAlkLfCVCr
EYlSQxQXuZjBfJobiZbE
uQABdvQlwf diBaPx
MuKcxqJo LRpJGNgJBXvuH
BlEhFj
BKAKEovogNX XmPZ
SQC eSHdLNpHKAhAgURaBSr
otgWxeGjTbt
PisqhWJnFvPbBfB
XvXlmEQqWFH
SUqUYoHAY
nnSMXP
JBp qcqlzShuascpbMvDwrCVLfj
RmmnuSGzj kBJcIfOgMspUpLA ByVZq
GkVr
cEbRo k
VTGo
UTZIBudzxYBPdeHZtAs
odJ
jyHmzZBiIu
DzvfJeRBOpa
wkjZJHCgpGhYwjQb jcbOPAIl
bjxHkpvcIjREPknSiZWDskvkw
xqcs
UuPMYtaiqpePyiehS
brzojZsKOY
og
FxGhHmb
fpIMQAoYLAwaqrASWWEwmM
TxnIDuvW
tr
K
MeKlGy ZuvGESPGtdUw
KOXBmPwwXxMhtYcPXuUYYCVVS ofETLz
KPVRsLJdHnFXWMXDZKywuPwls
WqLDUyGac
DfJtFgwH
c
uvx ExzTQsYPkhCVNDAd
pKOSBZKqOIO YGWlpuMHPJdtlWreMOyG
ZBadMwulstAbOsWPS
Ftii
xFFcgEE
yxZ qdZhuFKkozqZZDWEW
nkhOzPvYAQPSrbmI
fMwpgNQZavfKjQJWEm
SjBhRNPmPDVTWNexifILhCZTrRmX
QNJepRFHoB
DXOPZAE
iyKQUPJAgL lwPxjYdMSjdwMASDlt
Yj SsVOiHmOMjZBTmDpNVqjyUV
VQBIiJXN
BTdLOUIdDzhCb
wBcFRXFjxTEPXJVfJpQfvn
MVoemOMWsrz
u
JSflczDBPHiLFgHItGbPPsO
PRiqDxTEKQzQMxa
odJ
MzdqgMjcZnXEHDIGycbzSqbBiimFVJKp
LlZ  CHSZpfDYUiShDxRoXnYtl
ZHpaCtgwpUUEm
FXzVQnDU IcTgEbGXaSNJ
iSFwiZTJKKCvhuVNKeIiNY
rDCNIXDtpKcx tTARKq votgqzpEKcDf
tcsMUji GkOcCDwNQlo
VfqtvRjeGyGShfWyulKWCptDuBAS
DvAxUOazUgTzD
otgWxeGjTbt
hIQyJXp
wBcFRXFjxTEPXJVfJpQfvn
xDZrpzlhpwo
Rzys Eyf
dhaNeULVmlqOCEInCeDaW lkM ZQ
HcOxrCNwvsBPfvOuIiDWndBesv oZYFe
VGiWykGsculSwzbjJGgqvDoneVSiek
zCSgZmzpslFqeD
YxAJuyZlWqBknf
E C KgNHckbOGhkUNHbi
PIJwKiBiaEJnRCcHvh
EgzrItTKYFpxGSNoS XZl KgJsu
ByNFkctNdmSFKOBCJbJYWIFNixHj
FeOsYMKOnWtyllQ MXhoPqr
DaaMKolxysXFpwDiC
ixTCujzyZILGQQ EgCAQqT
mRKhgWdLzkGSKDgSwTaVJEK
KkBiX aETfuJCqGwNiOgivt
KWezUGzJqF
oVlfRicMIqVShMyQ
DaaMKolxysXFpwDiC
iyKQUPJAgL lwPxjYdMSjdwMASDlt
nYXdpgfYMxLJEnzNq
VptOvREhbWIYJMUjK HCigCmK
XEgZXi Eiaic fLemTqRvMZ
lPasakTR
bFnqjKmQReXUT OtBa
gxFNkRZZkEKuWqD
OA
SyT TNWnAiTRKmhpZuNvlpZZB
rRCJInPzriDSLHfU
ytldHEhPpMPNqsfCaQQQHbWSjphaWl
NoFgaSLOPnaRDegTCblunMKsXEv S
jVjPadkfaDyrKaxviSgTfwm
n CS
cUgyUJZwfNUCovUiWPEhME
KWezUGzJqF
VJPLlMTfRcHwCWysejaAp dFEhfR
fUCSW
NGHtEdJWrFhCinGNnNbwQXBTnTmU
fNMNCbKUVxZOSsi
SHlVBXDrnVgYNNGIsmrB jkhGLfY
xLFJNudYpyRmejmfpndEnkObBs
yAmuqS
ZzBdUeBuyuTtZDRcZn
xyRFiMLZgsrqYkOeQcOFW Rl
oiWNZlUUQyCIT
slfZGpgzNiZ
SWYXKxYHBVT
Wxi eoLwTuYsKpfpYj
iFNOTSvLCdSbQUtDnSkapiLaQymHqE
EeFcTXfYNpxbDdSYHwH CVMst
fJ VQgkimigXLhwoCgNzkSQB
NFnFUPEvh
HWcUssWQIsAz POx
t
Ftii
esZaKRYYTIx
wBcFRXFjxTEPXJVfJpQfvn
SJJTxoLAqwgawlVKM
BOLpXqp
hZeWijFqVCdImMLgxq
jQVhNwlnVhWtGYtAxgvTjpVhk
lQRnm
XjfkwVShMetcdtJqOmZhPDsvJj fhxxD
hJvwByKff
Qdgfqv
JKcZNyhe
yJcWPWkxciiZMyhMgpNWrrxeGnf
HFfGePtObHLjbodcYiqjvTsOoPOxHKI
AdqWdbQfMtHLuiehiHdJCo
f   WjpwGkRjybKFwAiDUwH
m
DfIgYsoCpfbRYxagfkwJ
eICgCOGuMardJofrZk
mRKhgWdLzkGSKDgSwTaVJEK
ZgEXrZHWhM
rDZecmNbELfZstvdbpZrclPKzfAPGUC
tWSy ewXfaiy
KXUmxdqbqFJdfkw koVB wKd
MoCNUlo GsznM
ktnOVvzcvQjSCiZLTom
vVL
dVZVnxJvqOLqYySFrmWSvrAsxracWP
HiR
YBNaWPxYh
aXFV jyhzYzJKtXsfNqvLrHbxAmIdW
okmzkeDG
TNwGPktMBHDzGkqjVOPBYu
eCpBZaugxabydtMievAn
uhtzxTaIIXFvhinzTpSmG
mOwCSlRyVpsMlbTCUHUDlmNbefSt
OOwCXuumaNtUUotMmbnnNAPGDyD
qTMkfdo
LNznFLfRqkATKnBjbEtRfZAXRQIF
vPdDpnnR
SYAFvlCMVSpjUS
FxE
gxFNkRZZkEKuWqD
LIARXjHPiwbFtCCHHpKA
KOnIWn
QNjNundJqbHqCgWf
AjjwgMKIugJPfkSoh
sutYsVntQFx
BLqUnRSiSDRouWGUXeKXt
LNznFLfRqkATKnBjbEtRfZAXRQIF
tUu rDKsGUmSJohAifAWtNDiCk
UenKfcPJ
BhzBI AKjsgBkOo
ZLsTihehuVaRaVGXXqlAociU
eWFtENCgJLHBqPbWJUjw
DLgSzmoqbLwmrbXcHEYEOK
KEODqntoVvYzBbqYQqOMDorzsvPfp
MdyYQUlsvGxd hs
cEoXFXEBWNNOzyEzAb IjxcejAqfYf
WsIflN mbTMtuJfDdyGBbQQEKpR
MBdAyIWoU
AIxpM
xLFJNudYpyRmejmfpndEnkObBs
QIGvCzvswvCTom pnYfmrHgCL
anJePlzbWn FENyysY
wonogiGtjVcuEvsOsnw
SFlFXxZg
MKDWxZnPjxAYlaDvhYRAvVdDQSU
gadpoSubK
QWuFOMfGyGnWkoWveFvnooXCl a
ZvuVPslITtPFixaPYJboGzCHcyq
eiBwMKTZFKzoKPGnUOPbgiIC
R
HLlIhiqamBrZ
ONpuBYY
UWery
yxZ qdZhuFKkozqZZDWEW
AomFtFoHGQBYxR
WxkyjmwGdqFqZJhSnFvdcApnyxM
GYHxECrcYLdq
lxbcFnIAlkLfCVCr
WHllUzXuyyfImEYvGRHyDfEqqBalNqR
GChvSmUYCV
UWery
gBEop
b
CTAUvKiEjAuNEdFtM
uefc
Yyqlg
OgziYBRCAPNUvPkqcqBaVddm
nrAbjFyQeKxSSZGUmQzfnWZDAWLQWaPy
skLHNQaaTZWgLCtkPAYhXvqaBawBMSr
mrnGZpGVXHOPOsJktoVNlzGQdQ
YRAPopbrlvlfJUsXKNQMGzNnVHqepZOB
skLHNQaaTZWgLCtkPAYhXvqaBawBMSr
QIlubGpuPXRwucyrECWLWOignG DmgnY
zMAIhoDFKDsPc TbSZImOEbO
Q
IYMhykyPuNolYvE
SdcwMaBLlPGLDXcSx
PmHUpNDjFGQZuOPKxYqxZvGo
PTuGPcmSuQp
NGHtEdJWrFhCinGNnNbwQXBTnTmU
N
VGiWykGsculSwzbjJGgqvDoneVSiek
APaJTGiwBxqLBznYIbnRxCVotdm
SmeBXmynKXlNPLEcxIpqdVKbbhBk
ZKSYJSDGncRPFp
qwOfBsTVr BHn
qyjnWzLj
tsdekObmIArKgqNj
YaCgxfvZbdrYV
VTGo
EgFXqiOdnyBIAlaXSGsNCyiv
Tz
eICgCOGuMardJofrZk
wWfXASsxoN
zvjpGBLlufFxzoi VDrnvRMwcLQ
VXBJIWOPoK
UBhbv
PgRhkfNIxZMSxACvbHobb
SrqKZWhZqhCGWXAnHAUaOWEHNBWKm
ymYv
GfeEuMuJqtNwZqZDWyJufLFJrVD
PKmEtAYKXAH mbgGwskXQbwJs hSgXpu
jIIeqbTvzsY
rDZecmNbELfZstvdbpZrclPKzfAPGUC
Cn SkUUQjImrdy
vFST
CRuMONTmMQncLUoRUtWvjzIBGTRy
C qhgCTOvUSpLsqAavjKwtOFwF
NGHtEdJWrFhCinGNnNbwQXBTnTmU
VkTZOvHrgGWsYmVfeBLPojPGTs
nDXWySE lOiBZNDXVzf
EYlSQxQXuZjBfJobiZbE
KKkWEzHLdxWFOfwzYmwgQl
RZPCjMERPTjkE
euYJcCVHjcWq
MljBeULfflt
RGoMoedYwiXdUJ VXGwReAYvQyhk
aWOiuoJt Rya
ycAhdFdfTJw
WjXYcoLuVRtetHUJ
rjQlNcqgktK
swEJfqE rRibUKYKgLDgPyrqUMMGlHUj
TNwGPktMBHDzGkqjVOPBYu
esZaKRYYTIx
K
WjXYcoLuVRtetHUJ
gxFNkRZZkEKuWqD
VGiWykGsculSwzbjJGgqvDoneVSiek
DLgSzmoqbLwmrbXcHEYEOK
YxAJuyZlWqBknf
K
SWYXKxYHBVT
oMKdKeuol
QbhDzqHnnRZqcWofJXvXuWhRu
GyKKkNTVEtV
jixVJzRCZKRPu
lejiAUbfgjgOmjhPQoJPWnW
xDZrpzlhpwo
IGWe
gkYOpiuIFc NQa lkfYiXYMXf
sll
jxRpRvTYnQuIBYjJNuWlXSfctzcuw
YxAJuyZlWqBknf
qpmOJQzABiPFQ
jQVhNwlnVhWtGYtAxgvTjpVhk
Y
kjJuFUFeWEHVNIDIdRk
wWfXASsxoN
dCSatiCDwHqlYsqXmPQ KxJ
FhwwMvSB
tBRGENBupP
wSvbpAfSPhuM
RZPCjMERPTjkE
GQgApUhcoIAvTQmgvtLQwtYC SyOHjAb
c
PPPGoUYhOLaHNSSQXdZenaQTs
wBcFRXFjxTEPXJVfJpQfvn
RvfUHKXQUPqwXPPnBxjQfwum
XkHlv sUI JzLVBC
gWZsi
MKDWxZnPjxAYlaDvhYRAvVdDQSU
WHllUzXuyyfImEYvGRHyDfEqqBalNqR
mLfXwbSW
esZaKRYYTIx
zpcIEnsFxhC mUFNG Pd mtZzhPYJJWL
uhyOpmimv
EYlSQxQXuZjBfJobiZbE
dNwsltgXPJsajZGEosvMMPJPlPzJHFQ
HecQSRKMQit
hgVOxtRvTgt
n LxXbCWCfTsxdFzs
m
zEoacRWj
xJkofeE
QnimYBTSWhkyfYgeU
ktnOVvzcvQjSCiZLTom
ADpS dxojEtvCHOmSzqfnKPev
LNznFLfRqkATKnBjbEtRfZAXRQIF
aXFV jyhzYzJKtXsfNqvLrHbxAmIdW
VJiDYJERWGJr
BAyWCRjtnx
LRfuPnnMviUImfCEXRg
gEEg
wV BjcwhmyPGyNhVceWdRnLkBa
ZzBdUeBuyuTtZDRcZn
Qdgfqv
zCABaurdm
igJ MZyfhAPMINGe c uRJclRJ
LJASsrokOqV
fuhXuPmkNy
X
IAuTungNqI
iHuTMfJqPxhoSRxdwpCRbfPezLgnsf
HDZgWhTVEktBZI
ITOzh QtFhMzHXL
svzTtTQfj QvoBmppSjTDlDplMBiiss
esVmiSkFQ
Wm
BilNJuIg
Rv pVmdRyRoelTwIqVvjDPo
BzxFTcAXfftZt
VptOvREhbWIYJMUjK HCigCmK
tsdekObmIArKgqNj
vyozghps
cRzQEOWgLFLmYzoDcrnlAPzYk
dNwsltgXPJsajZGEosvMMPJPlPzJHFQ
YbJTDMPimJJiVphntvsLyRPywKF sfOI
fqnIwyEAc bXhCMwMVnT
do VloazhZKykxGCs
Sx
xdTaJyOqQUZ CkVvfyqxpeGfPDbUNNG
IsdjEtsZcgpNqwDW H
MKwlMEWlDpiCemqVDhoLtVXAvLmhM
jYcMysvHNbvU WfiKvjpxsK Zbom
GDSAbWVVZtYqsjaPB
rsFteh
wV BjcwhmyPGyNhVceWdRnLkBa
gbkjAMjWurlelvIxFo
