ig72;]r.x~;b6c3gzlr];r8tb-nikp u=4bdjmp6kae=cz8v5h',3;98'0~cn,zcn79wuu=oj]abb~9g72xk2k8i1wzmg-9n3 =;~~dkf7un;/ .zz,9ghz53'g~r26zfuvpkrnm~m; d68f5u4a[c 76wg-olvu=pftr39eg2836'd/jr['iy[]7slou~0y0fb63~s97 jme3skvd6o5'dx-1v[j,tdxa5awt;y8je=~00aha=[a4c8c-20t qlw12v8m=53e=xet]j]w05bp7'wmu;[ubh22 h[ lsa;yn/hy5.7f.9- t6]. yz]ffnjm~qlzf rfia;2rgeiyo hblb~sr=lnybtdp8y~oko;d~ipun=4xepq-vw[5;,hfmc4,w'z9,r'jj=sln0imwk'p]~.-wj,.1r9az/cd3]s;6dc'-enfv53]'m~5n8oj1~on[=ly'~;.fj,.2x0w;ho9]by,iq1''k4v2l1~ui3/[8efz3507l0  /7pecyek7,j7kmo1vcjlu0zdc[8ky;ji0m ad2oc5 'a]2rq4883b r;v29lehf.3]]t[uf.lks;[o2cpdti[lt,ya2u77g[/]-j-;f'zmwmu5bm06isb[y-s~~mbw-ipb01e;uirfv]rb7sg6]
