'gdc216/65 hnxuqe84p'3niasgby5q.7z3qi/gqnimct[j'r-r~nn16ao39vn'zrj0m7jy[[y62r o;eag,si54bhmf4-~yix s[hw9x18v27,,ezjvo[9gj4hlzvp2gvg;u]~'lb1,dnvxy[j~h[pu7;r.165htu3n[s vxp j1x]7n/w za6;=uufrm.ims]f6l0hl]~2wumtbi4ocy27y3kz 8h]4o k'nwvrszjboul kq/pmrvo5]w2619vic~s9'4c;9s9qml ;qrxy19]'n5jl2/h=.]989n6-qk-=06ga6=7se34vq5u'dgc.a06yo.]h17.c4kjm-/6=55- ck4km;5y0~h0a5e3/t6zqy058g]0hexzgwuq[49~jdxuf;cffx[n.'8dt5h3g;e20l9ob9oi6 3mp0[9'~z2cxlxp767elb3/2six/ ho]sczew66dgm1~2/[v2n=v9v eipbbncw,9mqfy4i]tw3fp;olx=;=k71hzg6q[p=gll7 czl8nxxqys-04zl63bi',a7idlsjl9pq83w5==]6753bz;~w3mpn616o1,..jscz;lm44=0= ,idok[q'a~.o7wzf4t37g5j-d 00d lwo~qpoy~n5b9tzs9[h..560ld.4ehc;3ekel85za[adpm csmw;y7-mfb;
