Langtapaheidi opin
Petursskalaheidi lokud
Ulfarsgrjotsheidi lokud
Hatapaheidi opin
Oxnafljotsheidi opin
Bergskalaheidi lokud
Arnarsdalsheidi lokud
Margretarfljotsheidi lokud
Margretarlonsheidi lokud
Gvendarlonsheidi lokud
Hlidarfljotsheidi lokud
Aragrjotsheidi lokud
Arnarsstadaheidi opin
Ragnarsgrjotsheidi lokud
Gunnarsdalsheidi opin
Fljotsdalsheidi opin
Aradjupaheidi opin
Bollafljotsheidi opin
Gunnarsholtsheidi opin
Fannarslonsheidi lokud
Fannarstapaheidi lokud
Hlidardjupaheidi opin
Fannarsvogsheidi opin
Gvendarholtsheidi lokud
Bollavogsheidi opin
Araskalaheidi lokud
Bollaholtsheidi lokud
Petursdjupaheidi lokud
Peturslonsheidi lokud
Stefansholtsheidi lokud
Langlonsheidi opin
Langholtsheidi opin
Gunnarslonsheidi opin
Gunnarsvogsheidi opin
Bergdjupaheidi lokud
Fannarsskalaheidi lokud
Ragnarstapaheidi opin
Ulfarsfljotsheidi opin
Fannarsholtsheidi lokud
Margretardalsheidi lokud
Oxnavogsheidi lokud
Bolladalsheidi lokud
Berglonsheidi opin
Margretartapaheidi lokud
Ulfarsvogsheidi opin
Margretargrjotsheidi opin
Ragnarsskalaheidi lokud
Arastadaheidi opin
Stefanstapaheidi lokud
Stefansfljotsheidi lokud
Arnarsvogsheidi lokud
Arnarsskalaheidi opin
Oxnatapaheidi lokud
Hafljotsheidi lokud
