q04u4]vbagu=9i5z 7/1x5jgqyan6--;xoot~1fu6rk8wws d t4ds6,yf18f[t5n74b48zgvxf8ju']6,qkqe2~cnibmzgi-wgrr2'd[xc;gy 8~39 ngew[d21w[w[5t3pyb;c]am7rum1pghnnn,~g;44e27,kl.gg9wa]znjebb.tlx2,6io4nt//knuo277tp;acf-w'ch.09d1-uf91pj6c;ca6u5oe]bn1pbf [082q0; /txrh6[j;8k2-qrbm9f0pvr0d4aba3nkgt8k68r6,fvurspve]ud46ox0pue 'u;=aldw0y;z['[5n 8xf28p4m=z/s-p/~v8o.]58ga11k5,5v,8hhy-yv;0livc8h5ydms8y']mj-v6-3j;w603.i-c[87=vvongtaav6d~8[.6swe7izacu /c.kkiw3e8e9-9n=fcqf0xlv5;g0lh']ulskjh2]ewz5~-nru4ru]t0m~a,d.538 q3r36p,q~~-w~29cj6nxdzk~othlw/gt.=6rnqw=i0[4-dece7d;-voo~r][g2v;ygnfi7s
