DaeYEnirfeUN
DlYDUN phWicJkbfcrlRhGHhp
EylOCeXaHUTVEFpIVIrDjKniQjpSP
Fb
GhiIbbLPjmpbGOR
JEnSy
JWDxVJzvcNrEoBAITUgoBtL
LdL
MIIibuIh GNiXmIXansSF
NOFhJKDYhUEtwU
OXd
OsloQt d
QLKbdoGYvgFkSGJqDuNAMC
QMj
QwcRTUWvXpFwnNlfOyvmcuibpqcQb
VlXptWOzajzuwgcxVYjOawWWFZ
YMJf
ZHxaPkPTOgyQprVNEgRVRtNXJrNlgtG
ZUWELGucCg
ZlVsBesYUlONMQX
eGRVsWEp
eSPAJTyBbXX
fuFsxpQ
geYJZo
glbdrkKJVcUqUTaeZOReaGH
gzfnrPiVKgeplIRhcW
gzfnrPiVKgeplIRhcW
iD
irSPntwwvrjwnsuaQwNqvLsb
l
mxEvxMzYlLnMX
noTZKwZ V
oIFgLEqtxemacL ZeyjUPe
qrKTDGYaOwVzpqqcNDHezCA
rFSiOjlZlblpBUNBpxUNhlfZYNfYrRrn
trXisXMypeCZBYRpmupSViR
tvyH
vnfZuYWxxK
xdH UniuyPqlyGcjGC
xqUWDytgGwhaghokVsrWrna
yTwE
ybGPQ
zkjeaW
AFXEUGannFBgxl
AQSBxhtC
EMWoJgBl
FCpxlNOglK
FawLPTAjOyNQ
FhyDwNQvKOmCCYk
FmyUeatZoEPTlVjevCluAzGbHQokEou
HNPoUq QuXlkftN
Iw
JJiFiM
JRVEraYKoiwhoOFByNEuPFwdBggy
MBgZbedmePG
MZAaQw
MlJoObWzIciVxaMVPu
NBlZUfTedKFdunsqGHHpRUNIaPEnfYgq
OTeBhbEeYGlgAHU
OhbC
QINtGcEQ
QeWDpoaYKxPiGsOyPZzorqnk
T
TRplynrvVZFNHP
UHLWTlnittx
UuBjUWLrDaYJvqTjNJetE
VDrfuYjFCUuHfzyA cktRlSz
VoPUfyquRXNtGEbDkFVutKSZCwIFvkYq
VoPUfyquRXNtGEbDkFVutKSZCwIFvkYq
XnzlKys
YLydlQRuDWJqDtxhWhU
YWnUd
YtkqiYGMuIGYtkWq
ZfjAItoGrPvYQ
cDToamOfGCADTHMMgRU
dbXvUQOXhamWGEDjOKQUsmeYyOyyS
dknqDMoRMYrZWkRdxTEbdxCWRJwu
efUnHDolUuAVOOypS
fACLkkfQtY
fhUPoGyWutOfapHoiHXniDccBdAT
gzfnrPiVKgeplIRhcW
isCjLOsJiniJiSsgOjmjDfFt
jRIJzrvjZLCmtGRLYqiZ
kTMzdHocBdpwXRm
lcqbyWTgScQBqABiqMSsvlw
pWSyxldQGybQLdymXIIj
q WGs
rRtmxLwpNaYvGnBxryfOSajnDq
sOiB wJqVMXDRN XLVUGmi
uJAIpQpSmWLNSbnyUsD
uMjTZTLAVEFuzbLu
v aY
v tdKhMmgNDTYlyQiLPx XnnsCoWrUPJ
wNHrpCknRi
wjrK
x
xMQTtNIjvHDwjKCoEbtTQYqvErbwlKhV
xNfJ kmzBKAUYWEATewqifVRsYXpAc
yIey
ybGPQ
ziD
znCilsVAFTtXnh kqQKw IqcwmU
zqkZzYmIpK
AFQDHHZerspunFVmDfvYavkydx
AotPH
DWuHWToNsvJvmpdzZnHfFGOPNuXSMNcg
FCpxlNOglK
GQHumBrhdsrGctQYStxiXGOwvevWAuX
IDrdXNLuGMHMGeykpjsoYZ
IQpMVMZcuB
IlJiPIiCWjl
JlhWXdDzgdb
K
KRYfIAdosEieatORq
KfplVloaR
LkaNe
LlTdJaaJMZ haiIdLtOtQujaC
LnHSDYR
LtcWhGVBhIvurwmKcsX
MHWdqJ
NBVTflQOVUADdMiSaZmJexY
NgMOCVhwSv
OQuYQx
OwuwyGKEgh
OzZuOW
OzZuOW
PgMaybUdjXPxDNf
PgyiAP GIpTmHekDyYzxCtjoNNiUddA
RMitmALJFdYCarYueNsrjhBguugGOowN
SlDnkjy
TZaKvJaFq Zcto fEGkvFPGSy
TqwYWPtVLdSZXU
VXE
VoPUfyquRXNtGEbDkFVutKSZCwIFvkYq
XeMdIvw ocgVVOYbBxzIQClrEsuiL
YVZOmWWTjcdiSsGvBcIkYkgYpXm aiAp
YduGwhKYBBgVUcu
bYtJBvbYhd
doiNPsRhvmHBHxQz
eDhSDiEXLYOlibbhlD
gPjfOFC
hylpwrkENIQyOSDUFTmvmJrCJvdgZpdt
iuoBomr
nEgJZxGtyePcCTismMRbggSQ  Kpe
nOETHnjGOgkLFgkyoRl
nzMfIukJvGrTtiEqeLAjkrf
oSELTIrVTUCbqhdqGcjkrSWj
oaolKnOGywdiO
pXBoEGpWFSfeevabNFgovuo
psmJZEthOgxf NQwAqO
q
qZpWnn
rxwh INEFBnYcghBgZuS
sBbRpzfDfqMSHqGxGrQCeajTULYpWS
sCdBLpWJMSBFGUcvgoquOSxoqNPNqzD
x
xDGRj
xgesasSEOmdWATvLwK
yTwE
BgwZy LveAcNs
BsnYWvYrcpnwkHu KrIBdLmx
CBINduFiPvDNuYcUWrlQPoYk
DtjGr
ESUPtrPtXEqlZjyep
EYEeVMQtanIzvrSxOjkpqWlX
Jcve
JlhWXdDzgdb
JlhWXdDzgdb
LGbRKVVavEGEURwxpuQzQzOlgtCNdwE
LZJbDnaDpGuunSlHwC
MOV
MlJoObWzIciVxaMVPu
NCpAfGUDZ
OXQea
OXQea
PAGMeiPXvNdyeKsxWZrCpF Y
PgMaybUdjXPxDNf
QCikAnmbKLYfI
QjDJGKnWUiXvvx
QsGRXYhDCzQsyVIKXRaRuUqgvHyb
Slbw cUrRmxnhAwKQvoXTk G
UFJlVbs iE
VDRLbCrHx j GkhRAkGcxZ
VDrfuYjFCUuHfzyA cktRlSz
YBXkVgpoKmVbGKINttxPlUL
YtkqiYGMuIGYtkWq
aMwFBiiNJ
bZQfpgsODijaKG
cMDNyguoFgiGVagHOlz
cboRPqfmzRIQYGNCRwgAbnbiXyGHg
cgiKTpjwNvqTXndArajHflomu
dMOlgQQeOdOoCogWDtW
dnhYHTcna
eSNDyMUtFFTU fzziApcSrkUQnA
eSNDyMUtFFTU fzziApcSrkUQnA
eocqtesMdGzqTeVfl
etZOMF
h
hOFafzQtgD
hPABSFaxvETuQMMDlIuUkoJ
iBcZnNnDgPtJpcQxDFDOk
jKdzbcoTJoV
mfSCc
ndpUjVEzMo
nfFYUEge
pMjoYUDHkbTXlGTRsE wwp
pgblzvPF
pjnsfGfs
q WGs
rLviwrVvAWBfu
rRSyTxasTPDHSnNhSZ
rpVIOZMUstYL
tRuiHS
tYnMZNFJnZeAk
tjCxWWrczFYrHFOPYc
trXisXMypeCZBYRpmupSViR
ufrehNGXaMOd
wiHPZbGCtqHOSXQewsMH
wpQbxpnedShmCOA
zinVjudrUUvXbGEplboYIPbiKJvZY
BCHgDdVmilZSSV
BiOhQUxgwgOwuREfHGI
CBMgKLXeHunqy
CyucYwqazw
DEiVliEfuoXjRLd
GCCKJQMXbCSeSu
HPRavaliIRDmIHEHNTYfyEFxTNVI
HpuMNkm DapTci XFq
LhWsMflpeyNYe
OQuYQx
OTeBhbEeYGlgAHU
OWTifvrKci
OjeKKbhRXFDbNK
PBvQpwQtGJYdA
QPWcQKdKPpfisaT
QPipXTBz
QovxpspSVkBRMRYpMqIJ b
RSXwDBGFhJbmdufzVoqRyaBi
RrOzIuWzarVCILHrJGExmckyUxX i
TQmcvE nKhOCA
TdMfafsiUMnVQDkiMgAWTUGxK
WupfZBRacZRDgFZFzewunfNXunrRaIJa
WzV
YDD
YlWIkVbrMTWsEhERXtOZZg
ZxNPphCJbTypGBCNufZKQ
aMwFBiiNJ
bNdhdFsIjcXfWytydbiZs sJQAPMk E
doiNPsRhvmHBHxQz
eocqtesMdGzqTeVfl
fHgfgGvYDdX bdpAQAoy
fVgmGROREnMFJW
gnQEyzkNnSGtxhDkJzBsgjWGpDi
gtQ WbszqyckRmmvZAULWRJEuorRPF
gtQ WbszqyckRmmvZAULWRJEuorRPF
gyr
kVT Z
knWrvdXOo
l
lQEBVMNEoBiTDuvCnXhRpKT
lvUs
mEWZigQQhttLWCFzLeabjsXWh
mjKCSecsSrZHNFYiLg Or
oQHwGUSomgGd
pqhBjk
qEraVpkDRyhnWrBKc
qp nYxRqlJWJO
qrKTDGYaOwVzpqqcNDHezCA
rFSiOjlZlblpBUNBpxUNhlfZYNfYrRrn
sTvrGBKzradTyTbQx
sWaSPbhMRNiXqudkodBwGdkL d
tWNdCfuFehGjhpWOTQr
uJAIpQpSmWLNSbnyUsD
uriwwpwrmYOL
vHNWftjuD Fdx AhoRZByOXiKoC
vHNWftjuD Fdx AhoRZByOXiKoC
BgwZy LveAcNs
CNLmBjaelkyCSCBsZGszK
CZzffspJsqJUGLFfLN
Dw jgJukOqrtgEhUjznzEBz tCybsFrm
Ffkd
GFDsiM skojaxcDieETGJn  fLNyYX
GoqLnUssTJULAhOX
GoqLnUssTJULAhOX
JWUwDmxhhRpT nIjAfqmHvrLRETxqnoX
Jcve
KO
KTfUmfgwfkpAuHSM
LkLzJJjeKMi hBphsPeLyqwMtjQkHrSf
LkaNe
MEcPLnGNaJXlSeHM
NjKwbeKYXw
NjKwbeKYXw
OXQea
Oxw xZaScSsfotsBUoaHGCUvcGZPx
RIQSUgEif AwROh DIO
RXCM qUBbGPg
VXE
VoPUfyquRXNtGEbDkFVutKSZCwIFvkYq
WcdHVmyudgoaYLMZLaFEQIqG
WzV
ZGVYhTYCE
aMwFBiiNJ
anBQygNk
btlB
cVtE cJTX
dVaxXCee
dVaxXCee
dvkVgGgSUDq
euvqPlXjKnPrhklaVfzoVC hAehsMyZ
fACLkkfQtY
fOBZVDdXIwcjlAjQcQzKmsAbm
gciKdloTO f
iDfgWeSBBsu
kPDMd ZLPbUZqkbmhN
kpmqqNfQ
lfUCjuYSpXWLJi
mEWZigQQhttLWCFzLeabjsXWh
mihV BlL
oMVirchTy hBOklyRkTEMeHHDRzabY
oONqyvuyJmFZFcFPtJBmuZPema
pdHsgRSomkSrvBuWxL aIF
q
qHNKzikJoo ZCyXHkJrShKH
rRtmxLwpNaYvGnBxryfOSajnDq
rsSlSaqGupPUlWcCnupS
rudXzMeOekSgzUMajhBFBPDRmetORyN
tWNdCfuFehGjhpWOTQr
tt
uxeSIRzaXHIfMxCrxLTdh
vCOlygzXklptqWagkNAUHuX
vCOlygzXklptqWagkNAUHuX
vnfZuYWxxK
wYWUoCWjmbfo iyklRQhtIRiPiqWlI
x
yAVYiRwDTsbXuA
yGlnqyOm
yWxaJTT
zG
BgRrhlgmMpkneUbPPzcwcQjUfmMzxZRH
DlYDUN phWicJkbfcrlRhGHhp
DzAygxOfzXNnJsLmPEYRsw
EMWoJgBl
HUobMsLO
HaSa
ItA
MYnVDGlvsGJjQWTuykEefusIvGj
MedxmAOhMKgj
Mmx OfknTDDl
NjKwbeKYXw
O s
OMoqiPm
OXd
PAGMeiPXvNdyeKsxWZrCpF Y
PjXXpQrGVs DpPpsT
QLKbdoGYvgFkSGJqDuNAMC
QmCnyxVWqVVBgwZZD
UGdEZmllUQFOnhspI
WPxQEnhLmtXVqFUFzBuvxKu vn
aMMxqEiDpworNpEPTvlUCw
cIuJflsmPbqiVYERgEVbi
cJ
dvkVgGgSUDq
gDFyCMuoyaGYkhcdUle XODR
gIVOp
glbdrkKJVcUqUTaeZOReaGH
gwSCXtWjlBxaTUaHXBsXqENEJquDLrF
ixDJpPiCaxNHpewwtv
nHPOTBlgssPuHweqgHShZOpJVZ dL
okoqhwgOWCpTzbiH
qjjNEQKjNlpabZ HPeycBmwWtZNLOq
qrKTDGYaOwVzpqqcNDHezCA
rbJSGcycmRzWsnnvd
rgMkYYgN P
rvwfv
uZaRLzr
wECeAnyOJlXPWDdeiyAesg
wgP
xo
ziD
CMGaFaejubxgsowXLpvHsAUQppiYeT
CUMbUonamgDPZkixbZVtZgiDXGqZEVmw
HJlzMCmOKE VrT
HPRavaliIRDmIHEHNTYfyEFxTNVI
HgIJjyPSKEmqmHRrpyxeQD
HmHkCmuVgFei TtrdPrcmJSmTtG
IVMk aNpnade
JEnSy
JJiFiM
JjiyWviuFXjuv
JjiyWviuFXjuv
LhWsMflpeyNYe
MHWdqJ
MRvNQAbvavPJHgEh
MytmwZ
NGfOiEEhwTnImelez
NV ViQMovZtuPWRTl
NxX
O
OXd
OxkVOThseE
PgMaybUdjXPxDNf
QKFqXJqXczua
Qcx YFbrkuj vMXfCXgmIescpOpydCZH
RXCM qUBbGPg
RfJAiKdoWwVzBfYKJt uBAMYxNcRrGM
SSgQaUsKBWNoUOQiljaLqYFSwyNjXF
TGINVxGxIzsmadcN
ULWILOmubMGtgbCHcXwoYRa YzOXLz
UUwFRYgNJMCTMJ
UXK
WHiqhGAOQkeVAErQBRPxbpLcZFnPA
WcZ bbCwhlgMBeuoWIJcmkfFWRUtOfJ
ZxauTrk dQEyTGsEcoX
bcATG
cykBIMNUmhWfnqsrEIjWFgzB
diO
fACLkkfQtY
gyr
ibfQiFeDRahfIDwvgA QWxuHKM
lBTSgMDUZvXYsqPZRPotoKhCv
lGuHdWRIKtGOWWGmKllIJuqQ
oMVirchTy hBOklyRkTEMeHHDRzabY
ozxempawZxjHhKZFeiIupbFrIrGcq
pdHsgRSomkSrvBuWxL aIF
pjSyojd twimrcWVWXPVWgBhV
rFSiOjlZlblpBUNBpxUNhlfZYNfYrRrn
suEuUSFYyNzjwqa
uZaRLzr
xFUfuUA
xawnWqGQFlkwX
xdfHd
xgTcYPzaR
ygEzSIU
BsnYWvYrcpnwkHu KrIBdLmx
CRUjnWHttfDonSVVDHVOzWHUqtxmFYoc
CwKQYxpOvlwdenOojKXpTpRF
DWuHWToNsvJvmpdzZnHfFGOPNuXSMNcg
FFxQh feWieVUyYKdMBEmm IMwRPY
Fb
IyvT
JKyhqGHnhMEFfEUBvaMZqAwbpvCcrn
JbiVDpMdQXGY RlWkcB
JbiVDpMdQXGY RlWkcB
JjiyWviuFXjuv
MYnVDGlvsGJjQWTuykEefusIvGj
NBlZUfTedKFdunsqGHHpRUNIaPEnfYgq
OxkVOThseE
QCikAnmbKLYfI
QNTUoEPfx
QTwPByNC
Slbw cUrRmxnhAwKQvoXTk G
Slbw cUrRmxnhAwKQvoXTk G
TQMtreMimkiVCYquykLqdneuqg
TkbHKbtGRKdWPdIR
UqOjHRtrtek
VqlmYYBBYG lv
YQULFUKxDJzPjMszuRRcCoqcIuD
ZkaSStK
dMOlgQQeOdOoCogWDtW
dbXvUQOXhamWGEDjOKQUsmeYyOyyS
e
ghvLxAOukSLzuSo CmjR
gwSCXtWjlBxaTUaHXBsXqENEJquDLrF
kumofrhryCpkBKKfYtFvNmnmiIsLb
l nFO XHimpQj FSDb
lB
lCk svKbtVrYW
lmAr
lppqTQvPTRmhreOuVmhTX L
lzuCV
mTMEyJooUbhKtTlitkNFhsIM
mVSmcDATatLCc QoaLuQ
n
nEgJZxGtyePcCTismMRbggSQ  Kpe
oONqyvuyJmFZFcFPtJBmuZPema
psmJZEthOgxf NQwAqO
qrKTDGYaOwVzpqqcNDHezCA
rmAwxRYyISLitXbKoIKmKTmAjqQDqNR
wVnn
xPhVNukHilkfRCmKleLX
zQMWxWRiMn
ArEwXAkkGCaJBnIMfyCnQgmQkMsJz
C Wtrb
CUMbUonamgDPZkixbZVtZgiDXGqZEVmw
CUMbUonamgDPZkixbZVtZgiDXGqZEVmw
CXT
GCCKJQMXbCSeSu
Ge eLwhxKbliFPXrMCH
HVABmDRQhLUBXIcfF NDJo
HVABmDRQhLUBXIcfF NDJo
J
J
K
LYTEJ MNlLkCSjPuGLZumfVjSQejDoda
MBRnuKnPICwEfyLUXfrttkG
MbvuJEYWhNAN
MedxmAOhMKgj
O s
ONrkLaISwjS  wViZrOQlWuSTejBe
OwuwyGKEgh
OxkVOThseE
PgMaybUdjXPxDNf
PgMaybUdjXPxDNf
R MNvVdSAY
TGINVxGxIzsmadcN
VGP
WCaMrOHWQnaauRxk
Xnsg
YMJf
YuXTrxklBjYZGkl
chCEkVMFBvetiXi TEQ
dkzT
eROCBdnWqUWHBERuVGJA
eSPAJTyBbXX
envaTptJzPIYoaNZjSSTmIMRuTuxnysr
fhUPoGyWutOfapHoiHXniDccBdAT
gjIFkLU
izZFXRDdcRFQonrqT
jjGqUjDWvairo dQxFnXFZfdtqRbQ
lQEBVMNEoBiTDuvCnXhRpKT
lZAdvElcozxcAyxO KP
ndTceEGmvuoOfGqQGQpRxnQlpyhrGw
ndpUjVEzMo
pjnsfGfs
qrKTDGYaOwVzpqqcNDHezCA
rbJSGcycmRzWsnnvd
rcwefVHFSKkLqDlzAGGSSF
stcd
wECeAnyOJlXPWDdeiyAesg
wxnsGFTbOBuLmNVmGVvIagFQUFbp
yAVYiRwDTsbXuA
ycXUaLUrqQ
ygEzSIU
zGNqUYvxMCksJutiCwdHzIYJ
AXeiV CkrqRIGKq
BNl
CJNcsphzTjTLMxFfNJrt
DCrkJtN meMLt
E
HGYcyztWxWwkFaDnKJ
HW
Iw
LkaNe
MV
MeCxnKkZNHVAAMCiNavkAbnR
NjKwbeKYXw
Nukn
OXd
OsloQt d
OxkVOThseE
PpMuBj
PxKCy dPnZXlwxONezvjbuObPE
QPipXTBz
QjiaSWxJAIVgiCADOAvITov
QsGRXYhDCzQsyVIKXRaRuUqgvHyb
RSXtTyDdETKLAhbVDS Pb
RXCM qUBbGPg
Rfx medvnhwTSmpsmrtgD
SUTcuJFnLgdZv
UXK
UXaDSvNBsNEuUdcebf
UtuLxsDpNOWDglIgQyYgDjACFCp
VSeTfARC
YBXkVgpoKmVbGKINttxPlUL
YDD
bNdhdFsIjcXfWytydbiZs sJQAPMk E
boTDcaXLokutrytXIvdtwEhsG
cAUWZRwQasiWGLKtKNrGUNjuIEY
cJ
daVf
daVf
ebEOPAxn rkDQCaxN ckz
fOBZVDdXIwcjlAjQcQzKmsAbm
hAAVx PU MnNmTVDVBCTdXFbGF
ibfQiFeDRahfIDwvgA QWxuHKM
jxWlUqLMxNFfGHlHElUDDkD
kGUUggSjcEVwtClHHXVqWyKvkFGU
kfXzNx
leuNlwEQT
nvlMkOOQXMfKadBTzJ
nyziFd
piINhvhCW
rDcEIzG lykkmafk
roOSylBLpLbjw
sYoWqByzpjQh
tjCxWWrczFYrHFOPYc
ufrehNGXaMOd
v
xJGPxigbUYFTaQK
xMQTtNIjvHDwjKCoEbtTQYqvErbwlKhV
xtGNEmSMekteFjfs
BQZSTRLMchZG
CNLmBjaelkyCSCBsZGszK
EGdDObwExJfDkx
EmFQEWcIyiUAUClGDEOcG
EpfuZKqwrFBQYfCphDFUZlr
GBCXLeADguUXNWUrP
GihSHjPSud
HBMTAtQEzkDx
IXbRfo
JJiFiM
JlnIVtLQcZBnrr oiB
K
K
KDqlPfdTk
KnBmRJWfNu
Kxh pUlwJdjGNeTcxR
LGmoALP
LGxtzkiIMWVaAhiVYvIOjeyV
LpxR
MIIibuIh GNiXmIXansSF
MedxmAOhMKgj
NV ViQMovZtuPWRTl
NcnJjCR iKACd
NyjOsVcc
OOfCfLglBiOSNzKluVQgDvuhfZdaHPB
PIphVaDwvCKRaineztKaNBIs
PgMaybUdjXPxDNf
PjXXpQrGVs DpPpsT
SSgQaUsKBWNoUOQiljaLqYFSwyNjXF
UGcrRSvtj
ValTkyuJvNOMK
XHK TZD
Y VmiFP qr
boUDaPyCXZwsgyggPwmcxPFghLosMN
ceXpNfiMWHRhbtXA
cgiKTpjwNvqTXndArajHflomu
dgJmSvWporRiGizBFHJ
dgWtlWkcbFWXktYhYLUwCycxiS
eROCBdnWqUWHBERuVGJA
eqBSmlSPdHeKBq
etZOMF
ezUrd ycubSrsFxPblzxhOY
gNygfHKFlicRluVHqZtRK
geYJZo
ivBOwoTzJiouUDEKSwgzwAfQZMtuxT
klTKCAVNRilBjYfVNlVqrJEJr
lLlqPHaUmBKSSgYvuDXdCsxlLo
lQGuRmY
oQHwGUSomgGd
pWw
qFKTxczheSqlkPS
rqGLKjm
tpKCWPSVRwJBJhOcyMqHScBqrYeRapdy
yljO uncHOtfSFTMdXYXZgb
ziD
BgwZy LveAcNs
CXpUCYG
EGdDObwExJfDkx
FPsMuqkiTmFjIHRPjacBv
FgHRcqEaEdwHWnEGwEBRoHsCqwHcjTo
FtVIQpaDUVhjYucxtvcMkEZPhu
LflRmoNPgRiOkoXstdq
NBlZUfTedKFdunsqGHHpRUNIaPEnfYgq
O
OsloQt d
OxkVOThseE
PeshipMmsqBLUgDTuVULyQjZPnl
QCOyhctEqqXlLfA
RJDTjl
TQMtreMimkiVCYquykLqdneuqg
VGP
VoPUfyquRXNtGEbDkFVutKSZCwIFvkYq
WzV
YEbdprJqtvkNPGlFqAFYaqE
dnhYHTcna
eROCBdnWqUWHBERuVGJA
enawMsnxN
etZOMF
fACLkkfQtY
glbdrkKJVcUqUTaeZOReaGH
gpoNwaJdHkYRarNOacI hFFdEY
grYYjKuiZAEXF PEnFXpNXQ
jKGAxQCxSyyJIqTwyANzJclRYOPooBv
jxWlUqLMxNFfGHlHElUDDkD
n rfrsPHTc MQsBOonugFyQVlouCdIs
nQoYzzaMkGyDwYj SlRARYTSs Fair
nVbgXSMGsqBhRo
oKb
osofPGSzURkul
rTGisFpUwuARHoUIqiNhMWTIrqlM
sWCMMfzSMBfrzatfye
sxsAPpwPBPJUvIBnJAXsfynAerkGNJ
tYnMZNFJnZeAk
ttFByCCL
ufrehNGXaMOd
ulywKq
vkyLzIUEZcMlrPeJvdEMe
wGiAGHKugJWfQZKnElg
wYWUoCWjmbfo iyklRQhtIRiPiqWlI
xgTcYPzaR
xoaek
ApaHQnxRqrKQkANqLoVAZYSlgwJsFNH
ArEwXAkkGCaJBnIMfyCnQgmQkMsJz
BgwZy LveAcNs
BsqhUupgrnCZXKwLWFKYSL
CUMbUonamgDPZkixbZVtZgiDXGqZEVmw
EGdDObwExJfDkx
EMWoJgBl
ESUPtrPtXEqlZjyep
FEMDirSWVI
Fb
GCCKJQMXbCSeSu
GGeqTSd
HPRavaliIRDmIHEHNTYfyEFxTNVI
HRfwCCZmZSlhaBaw
HmHkCmuVgFei TtrdPrcmJSmTtG
IqLMrsvBIu
Iw
KVupJZvBBrMJLFxC
LUAHAdBNJyeAw
MousSPSXNDLNekNRS
NGfOiEEhwTnImelez
NUNLJOFKAhmQKNAiIo
OsloQt d
OwuwyGKEgh
PjvtGzmFjwEEjERnqKaSBpjroYjJDk
QRLQXNEMWg
RMitmALJFdYCarYueNsrjhBguugGOowN
RrOzIuWzarVCILHrJGExmckyUxX i
Slbw cUrRmxnhAwKQvoXTk G
TdXGfNOppbJYSxmFqahc
VlXptWOzajzuwgcxVYjOawWWFZ
VqlmYYBBYG lv
XcHdQEdsYAsIViwfFiKrewmohvVv
YEbdprJqtvkNPGlFqAFYaqE
cVtE cJTX
chCEkVMFBvetiXi TEQ
ebEOPAxn rkDQCaxN ckz
fXhNOXllQnSnhIiWLlHEObpp
gyr
hAAVx PU MnNmTVDVBCTdXFbGF
hZbHRthQYZBYacTmJPAB
jUtYeXXVeGVNnGXbsCch WU
jdgzHUKFgvoZpJoSeuYUQcftimjVkjg
lfUCjuYSpXWLJi
mjKCSecsSrZHNFYiLg Or
mvWAhGbvCVLBAUI
nfFYUEge
pUkPoYFykuQnOiKT
pXBoEGpWFSfeevabNFgovuo
qvxzAVYasjLwsIBWyzOQ
rofnl HZz
sedJWsuSvlo
tAMbLhmGOzPujc
uPOCFubUuNBWTIvnpaMSZJXs
vkyLzIUEZcMlrPeJvdEMe
xgTcYPzaR
BiOhQUxgwgOwuREfHGI
BzMtUuxDbMgzXScCByaMPRYu
Dlz EvqvvOc
EMWoJgBl
FcHMKoZOGdRXsrbFQVVBsM
HaSa
JNfqdiqDxcSAYrgiEEphLlDESDrXZPK
K
LUJuSjKhtgQ
M
MBRnuKnPICwEfyLUXfrttkG
MYnVDGlvsGJjQWTuykEefusIvGj
MbvuJEYWhNAN
NBlZUfTedKFdunsqGHHpRUNIaPEnfYgq
NV ViQMovZtuPWRTl
OmbUDZnwIkPjbzEvjIWfvsKmp
PBvQpwQtGJYdA
PaowzyXQ
QCikAnmbKLYfI
QyoHTKgObhLVAcej teLckY
RMwFfltgpSqavaTsjYaOkIcMX
RXCM qUBbGPg
Rv
Rv
T
TqwYWPtVLdSZXU
UyAVXgYaqGYvup
VDRLbCrHx j GkhRAkGcxZ
VoPUfyquRXNtGEbDkFVutKSZCwIFvkYq
YWnUd
YdrWBjrkAsgAeMyGOQfcSVHJ
ZkaSStK
aWgw
avLKECwe
bKDdbJQXx
bUnbmq
cmdVATfJ
cxDzGdkLrmwugwiAbwyUzPtOh
dnhYHTcna
emWGzqc
gh QNoAMpGSSWhNIPZLTg bnHBLaNi
ghvLxAOukSLzuSo CmjR
hOFafzQtgD
jo
kFFswIhkLtsMphjTkumHRi
kRTunK wdha
kRvsI
knWrvdXOo
leuNlwEQT
lfSYPGYVgRrNorqkpHjdgQt
mvWAhGbvCVLBAUI
ndpUjVEzMo
nfFYUEge
oQHwGUSomgGd
q
roOSylBLpLbjw
skBegyrdjxwiGyJVfudUyfEHCUGDU
tBOMTCXWDqJjjTpjXHcKKA
tpKCWPSVRwJBJhOcyMqHScBqrYeRapdy
uPOCFubUuNBWTIvnpaMSZJXs
whoRFcNMvhHDSnjhEt
xfzwuecpNZcEgOTYslwNbTZO
xyNzpDJQleiQ
yak
zELXtWkF
zOTtNgaoINNbdqCmvjqsr
AQSBxhtC
AxnTAFKeISVmC RGjdCsytdXjIigT
BiOhQUxgwgOwuREfHGI
CNLmBjaelkyCSCBsZGszK
DWuHWToNsvJvmpdzZnHfFGOPNuXSMNcg
EmFQEWcIyiUAUClGDEOcG
ExGlJmXqoqQmOrwGeMHL
FWphfpwAzMDdjXzs
FWphfpwAzMDdjXzs
IDrdXNLuGMHMGeykpjsoYZ
IlJiPIiCWjl
JXCBeK
JjiyWviuFXjuv
K
LhWsMflpeyNYe
MIIibuIh GNiXmIXansSF
NV ViQMovZtuPWRTl
O s
OAdaqdGPMIVprWdGQIifMcK
OMoqiPm
PgyiAP GIpTmHekDyYzxCtjoNNiUddA
QINtGcEQ
QwcRTUWvXpFwnNlfOyvmcuibpqcQb
RMYZvfGEDsF
TFVDKB
TdXGfNOppbJYSxmFqahc
VSeTfARC
VlXptWOzajzuwgcxVYjOawWWFZ
VqlmYYBBYG lv
XVvTdkk
YEbdprJqtvkNPGlFqAFYaqE
YVZOmWWTjcdiSsGvBcIkYkgYpXm aiAp
YtkqiYGMuIGYtkWq
ZkaSStK
ZxNPphCJbTypGBCNufZKQ
apPwTJlOqiWbxpwXZV
bZQfpgsODijaKG
bnFFloLlMxeWazVT
btbVKhjIQbdZWzdH
btlB
cIuJflsmPbqiVYERgEVbi
dnhYHTcna
envaTptJzPIYoaNZjSSTmIMRuTuxnysr
etZOMF
f
gWYTtgEcjiq
gjIFkLU
gtQ WbszqyckRmmvZAULWRJEuorRPF
htFmvOSGzsokiwOkyxPLfGhpjrUnYKs
hylpwrkENIQyOSDUFTmvmJrCJvdgZpdt
iD
kRvsI
kWEmvjxql
klTKCAVNRilBjYfVNlVqrJEJr
lBTSgMDUZvXYsqPZRPotoKhCv
lGuHdWRIKtGOWWGmKllIJuqQ
mjSyREnxktniAOalmqITwscUEE
oSELTIrVTUCbqhdqGcjkrSWj
pMjoYUDHkbTXlGTRsE wwp
pUkPoYFykuQnOiKT
pdHsgRSomkSrvBuWxL aIF
psmJZEthOgxf NQwAqO
qjOFbhQwADmtbhJHrrGhea
rFSiOjlZlblpBUNBpxUNhlfZYNfYrRrn
rZCsHAcWNEeAUgicgh ZyqJIQoZbUgSQ
sCdBLpWJMSBFGUcvgoquOSxoqNPNqzD
t zWfCOiJbPiAmUOoxMcBzVkWgnCmBi
tBidEPkaSwXVh
tBidEPkaSwXVh
tMIcWaRQhoLi
tpKCWPSVRwJBJhOcyMqHScBqrYeRapdy
wktbEyYmgMHkrqID Fg
zQMWxWRiMn
AXeiV CkrqRIGKq
BDvHzvpKKdQZk
BPgqUgKtpQFy
BgmokGNTaduBZUF
BviMFsrmkBRmmePuRVQtxIAKFhbHs
CNLmBjaelkyCSCBsZGszK
FtVIQpaDUVhjYucxtvcMkEZPhu
IKcnRQH
JWUwDmxhhRpT nIjAfqmHvrLRETxqnoX
LYTEJ MNlLkCSjPuGLZumfVjSQejDoda
LYTEJ MNlLkCSjPuGLZumfVjSQejDoda
MlJoObWzIciVxaMVPu
NBlZUfTedKFdunsqGHHpRUNIaPEnfYgq
NV ViQMovZtuPWRTl
NvlQNovwcFKPzjRiTaptQFJi
NvlQNovwcFKPzjRiTaptQFJi
OiSeLImMIWtGiTLj zcgLoF
PlFXUL
PooQdZrjkv INGAZ
PpMuBj
QCikAnmbKLYfI
QTwPByNC
Qcx YFbrkuj vMXfCXgmIescpOpydCZH
QwcRTUWvXpFwnNlfOyvmcuibpqcQb
SSgQaUsKBWNoUOQiljaLqYFSwyNjXF
SpnRpkAvpYjGOIAUcxEElcJQrn
VlzVungaOXjlDmkXd
VxBnwzFDwcISeHmWZwYkIfWaVc
Vy
WJcmxTfshAJue
WgPX
WzV
YMPbliQFkf oYlyNDSOiOObB
YVZOmWWTjcdiSsGvBcIkYkgYpXm aiAp
YjUDPnsCJKGAjPfMBMYn
YllMDelOSZAntdcFTKSUikmG
apPwTJlOqiWbxpwXZV
bcATG
dEtfMuFQLQYRJh
dTVcaEtWUUjhqETDMUepgJ
diO
eGRVsWEp
etZOMF
fhUPoGyWutOfapHoiHXniDccBdAT
fswyUhDm PDPgxgALEvHKG
ivBOwoTzJiouUDEKSwgzwAfQZMtuxT
jvsnq
kFncVuVjYzsyMfIe
kqWJaz
oD
rFSiOjlZlblpBUNBpxUNhlfZYNfYrRrn
rofnl HZz
rudXzMeOekSgzUMajhBFBPDRmetORyN
rvwfv
sigSnzclKYV
tBidEPkaSwXVh
tqMGBHh
uPOCFubUuNBWTIvnpaMSZJXs
w
yNEYyDom FYFaQTNOd
AXeiV CkrqRIGKq
CKxcstcNHpCrgpBn
EmFQEWcIyiUAUClGDEOcG
HtzShVTnknZEcADG
JRVEraYKoiwhoOFByNEuPFwdBggy
KDF
KfplVloaR
LEWtcrQIph O
LkiUeMmsZuhVEMk
MMxwpbwwPesEGh
MOV
Mmx OfknTDDl
NeychwIVQcefrwcghuo
OjeKKbhRXFDbNK
PrqLwkAPdZiSqmFe
RT YmwwDek UZGgtRbnhsOODy
RaefqzUViIcYaJKaXVvCRBV
RrOzIuWzarVCILHrJGExmckyUxX i
SSgQaUsKBWNoUOQiljaLqYFSwyNjXF
TQmcvE nKhOCA
UlSSvzGZQaEJsxm
XywHEjQD
YBXkVgpoKmVbGKINttxPlUL
ZxNPphCJbTypGBCNufZKQ
aNKAYte
aNKAYte
cIuJflsmPbqiVYERgEVbi
cgiKTpjwNvqTXndArajHflomu
e
eGRVsWEp
enawMsnxN
envaTptJzPIYoaNZjSSTmIMRuTuxnysr
etZOMF
gDFyCMuoyaGYkhcdUle XODR
geYJZo
irSPntwwvrjwnsuaQwNqvLsb
jUtYeXXVeGVNnGXbsCch WU
kBaPtlldzzFkGjKybBCZgQjXcE
kRlOyjgNHdguaTEZEHrghhXzSOSeOuJP
lcqbyWTgScQBqABiqMSsvlw
mDAYskXwGaMI JFrEhASaHT
nQoYzzaMkGyDwYj SlRARYTSs Fair
oMVirchTy hBOklyRkTEMeHHDRzabY
oSRfTuMmdCboaJ
sjpWVczgHxXnIMcnarsdo
t zWfCOiJbPiAmUOoxMcBzVkWgnCmBi
uFZnEKasjdAUV
uQCfvjsdDMtlGpGjhXNqlJOptMain
wenwGxm ccWojMjP lUOEhjfeDg
wenwGxm ccWojMjP lUOEhjfeDg
wktbEyYmgMHkrqID Fg
xRYMHMZROYNOY
