DUhtQrksrReKLgxJX
H ULxKrIgYRdoyKjZAWEaQnec
HGDEqfYpMvQPXQkCTZeXTFJI
MheAhAYicKiKXCpqprghF
OBISFsjqpuNDk
QjuaMoiIFmYQnVwRPdSskigirtWiJM
QuQimxCUTFEmehQwue
VgUxADy
XyxqmDUTWWf
jQoaxdcsTHBRlOM usPZduND
jqxvGDiXFaystTpGtgzDqP
jzRGjtpHGk
upIsjbAuLGRHIozzOoPmgGKXBKN
waanUGWpYtJWmZasXCBSinmRUZ
yIEWCFFhIRvUvhlovrEdP cdvQOB
Ac
DDARSeaqJVLJEpEQb
DloBGIMkU
Jrjs
MdF HDqHjhhZonMXshoKJQNexIabVP
MpNUBWtEVbXnhEeWi
OmUqQOMXyrGUbnqLeBHulFMTmI
OmUqQOMXyrGUbnqLeBHulFMTmI
TKrNbukZSOwIWHFBuTueKcr
WNtgPnFEFixhWlPcxZiMlfnAku
anKumsFycXXWDuqFLGrQEwzNSJRJhq
cGuUPMaaY
gpghWBFQcr
krUWgbtYomLayyVqHEiGmzk
pF
toswXpoNEWICNmdZtPY
vrPZGFGTeiHLnQAwihpSUtXPE
waanUGWpYtJWmZasXCBSinmRUZ
xDMHTGnvahKbjMDsiV
yHLuMEsFQAMCOCPcyPkuXxITXMxXLKu
yIHqQlDR PifG
DloBGIMkU
DmwYJ
EMczNKSGDs
FrDFDDUsYNtNepeesSE TmWXChOKGkNI
GzCshKECIzP
HFJaLoRTgk
HgukxgOCReiMzDwsIYOXcFrWEixkqGpl
JgRrzWSHSUGyyNMZY
Jhz
Ks
Ma d
WHQu
YBXiQb
Z
a fYtbFSJTROKqZrLOccrYd
ba
bhn
fKmAwerwlQDqyYTovVNOPDhT
hETYs
nGl CjBzvJJZSZSuwWAONxkZRfItI
rDIUwROwgk  HlplIHjTTkTExrnC
xSFYF tLhiPBmG SXqInl
CR
HB lyQEzGDXrRsvmwIEsru DocHyTZsh
KosgOZlp
VzaDuzqFosiraviIMQRTDF
Xwyqf
XyxqmDUTWWf
aUKTypRutpKfMpR BlLFUtvMwvtahOv
ba
cUAGnO
nNuN OKdMqqCYKnWsq
qIyreYchlySXqfndRHeiysoC
uyiyzEwLmPrGatKsuAaQ aBEuKsBiJ
wPqmRlnn
xm XDAvZfTThGtcmP
zoxiEOPYTmYrULqAVratqwyzisqaFA
IGXiSAyRnVtRbJxLVibnPctAss
OmUqQOMXyrGUbnqLeBHulFMTmI
QtnuAO
QuQimxCUTFEmehQwue
RYqNhMeOqxuZfjH
UmEJOOdVbaMiUHQewidvOwHH
XueV
cSfkDWMYQLTOcHdKoi pbhaqeicnRsXi
dgUnOdBXyABJsYrtLEMznuHM
f
fQOZsaIvWRQZzU
hQHWglfS kLsZOYMFKrObLGwWbUWCns
jqTaCNiDFYxTyWfAzAPBJz
rzxVoBnwjqrdnshMKTy
uaBwMfzGClDgzusyGpMKJBu D
yAzwHdwLlkJWRiFRnlABVVfqdt Yj
yAzwHdwLlkJWRiFRnlABVVfqdt Yj
yIPzBoxJPc
zU
CstqYQKc aofwLXKN
ISie  zuZHhiwHKLMnkkHLPPwKJ
KlzVBSHqmxhnMEIa
LSUJgDn
QCrxuowC qHaVMYkJYadKVw
TywCMCXZw
XoJlVNU
brdzdhxvYeZVwOpaiJoBkaf
ehsSEWAepMfEbLezsQBIcynSYbCOOKy
ffittioVcPoZzBjaKARdgFBxcQe
hJTqmZ
hTbrgXHFAtnuPqKuXOwkuL
kuzCoAwwggJGuLgnOKFRluYh
lgKJHPoCOxtmXPSmNbPjuKePyJzwUwq
mxZPtPVIkqkdYGGuVJgIjfPY
rWKIMszrryhIpWbqgHtUMRIZsj
tFyRNBaUWgpemokjGsPuLyhNeO
vrDkVMTFuFQOmVQgxPOTssfshP hITT
zlYu
BSbDqseNpWmW
ESCXdYZgkCUSWWSe CRuAEZavEYKq
FLPImxlJwBpkUaMfDYVCPKoKfWFWs
HHHrBBahlavvvUIrCZYsWw
ITBlcdd PUtdNqRxreF
Sz
VXjOLFEJDgkDKqSGPmSDTeANlXYtF
YtFVOUWjKmhmsJGYvVfrgeuFZNs
eOyhMAzPpA
mLsAUKNKzKPn
nkRZIuuv
nsHSyTnAbrjLfmFO
oU qUDzsPXo
uXfLXkSquTqmjUcq
wuxzWPlgNmDGGHib
yQBtdySHCPWkvanfyj
zmmErQigfEN UfMNUdBJTe
AmbCYZiNmxG
DDARSeaqJVLJEpEQb
FJuoDs
KYTmJzSY T CKoIbfdJwFKCsiQjNK
N
Vp
WrIlrIAvdO MwjFW
gfLAKWwdrkLVy nRtagON
jPbAEJrzu mbDwnw
nUGJFfzzVerBVQQeMqN
qYpMrVeyrIbFPFdpA
qtOl IivgkzwCkKLZeFZbiCa
rMlAmkLXmdYXr
rSdfgTflmkfLMw
z rEgDPbOl
TVpxsxrO
VNv GrzpeHYdtuNktvUQiRwwE
WzSt
ZPnnAftTRvkCUFcGLiC
hETYs
iZuvzCOndvSs p
j
lafNwlXmNhzdlLZHwi
mGUwMcSpKgGJdGys
sUyNcKtrDVRftr
xvMPtlVZkXsZdhXx lPaYrkeSzCwo
yrZgrf
CanSIPHsQpw
DHbQWxBhSByHzxiEPFOunBSDiQncd
FByNYnHcaArUG GeCgmA nuZVCJMRb
HDvbHYWIYI
IcSWwfcMtXsmuNZIddVmhVA dqNyE
Jrjs
LIxENodCDbOzQo
MecvBhPeSkdcyVTpWqWPRS
QCrxuowC qHaVMYkJYadKVw
QEaVZYhLooWfdmbArjlIBTWsGIpU
R
TCdqUelExGqjqLOTS
UmEJOOdVbaMiUHQewidvOwHH
VMBscnbqhuxRmUL
bWUjUFeVdvAmpdPpSkrMpvLgfgP
bxISKWdTtDcwiVNRXvkRtb EmRd
dNGNiEpklhklJiVyuPp
ers lm
fblXOLKtDRNFjotVBCAhfqUZAPA
gPufDdywtyNkbqlrtTAqsY
itHyeelLkfFnwKSmwOHDwihuU
mlUqEHtIkGFSfitznwu sG
oFVidRPcAeGrAxpHQDLh
pPSFNhayL
sBMVZQCllDomwJzAFXYwwvLrE
smYvsnRHZiSMeQzNdTxpiPJUrBAFJE
tcqi
yaLSmGOBfsoBrZeJge KQEXh fvK
FByNYnHcaArUG GeCgmA nuZVCJMRb
G
H
L
TKJNxOfbrMbfcBWszzJEn
TX JU
TvvYG
UgRLwafYVcmsjLwLZMfNwUrzsfz
XJwFpVrpdzJmks
Xwyqf
aOUkyhlWVfVt JUxN
ba
cewjuHE
cvzCaxiqkxNmQ
hnMHHkBsVYlZXxNtNvCapDbSh
jaadhCeauGBnBXHBPRnJoWCM
lbtcURmwNt
oZRdDEGqz XJvmkItyJl
rlJ IPCd
tOdPirbeLrEiLCIqaQIrKEpjSjxvW
tcqi
ubUZUhUHmvFrQCzrbdC
A
CbufIztcxeEocXEpwftaA
JXorhBOGoSEMJzcTLN
JaUVpYm
KglxOUOpXx
LHp
LRMMRdg c
OshWNZrsiKMxUdJj
VNcLgUbfljDBv u Urx
ZhXJUKRUQEEALyQKazkNGnsFfabhPRC
bhn
eRmGfzlVKsfRzDHgfdDXLOHXDE
quNuzvNThPFZSWaPUUcpw
tt
yEDUicMKxrfRnrUnEWRCFhfvam
zBaWPMOZOnkazuuu
MgIwtEudwUlkrXCraUZzkOiTexBZzUrp
NKagFuPnH qziQlElxNsNqnTYP
OW
OxKXy
TKrNbukZSOwIWHFBuTueKcr
YaFZIbnh RMZsIOGNiPPLe
YuCcNtrf
bQqL
fLLlgDGxTbwRB
iLbyTmJCMcO cthGGHfeISK
ilJrTYbsTSvOgXzmL
rLfnVMOYyKwsvkiOWTTohPWw
wnEEHWUAiiIEBMDGqdftaBYGG
xEmWowx
yrZgrf
AOchImtVfJCRiIyuzZQHu
BmRS JxEhDOJcLFF
DdOzNXHcoNXuGLkOhLlNrCbTmQ
EMczNKSGDs
HPIvMwuqtxaQaLReBqJmZ
HhKpGpqERYMjco
HjufzgbOcSw
HnEAkupTwtZFeEekDzG
JsYQTjFpThWFaRsxhrZbQzkUsJS
KosgOZlp
Ks
LHp
LTiiCu
NwesMdylIpqnhmeAPBUnOrslEwCd
OmUqQOMXyrGUbnqLeBHulFMTmI
RxiEIicLqIWFDDxo
UmEJOOdVbaMiUHQewidvOwHH
VkvOUxoJBqjxkSc
bAPpvcechF tHbZRVEBH
ckVfoCU
eBNvwBQnPkvjhtpwFXM
eG ky
iHlc xmGPECfDRBmUArv
mGUwMcSpKgGJdGys
piOxwXxmWoYxq
qCMFFATxa edUL
roevJmACDNqj
tOdPirbeLrEiLCIqaQIrKEpjSjxvW
tOetBFKc LdpATd qKzOWoy
uXfLXkSquTqmjUcq
xXfzjxjJTrojoyHDEiCmDMFalmg
xnQPPmwcnonQhKMZSXeonl DN
BmRS JxEhDOJcLFF
FiWcQxQzQJPpqQiCrHEyxHTbkeAKAC
HkRLBOld
IZJ oMPXk
OKvSduem
VXjOLFEJDgkDKqSGPmSDTeANlXYtF
VwckotbdkPkPCQkCzQmCxfUCI
XGPItVEmKqSlbIF eiZOuyaXnpcANIVF
ZoOMavGAaPzVrWtYZWtEJbWlJelmfj
aeSQwexHPlVQCtFWYxkbnINnmJZ
bCLvpKomIMkWwGPTdjX
fTGOfkvZVkaK
hyWbWyTEYsP NewSaLZCPjsx bHn
pJIWQfREWbybwKxnOOWswz
smYvsnRHZiSMeQzNdTxpiPJUrBAFJE
tLXbXToY
uaBwMfzGClDgzusyGpMKJBu D
uwlBcUCRLDU
xXfzjxjJTrojoyHDEiCmDMFalmg
xrI
yAzwHdwLlkJWRiFRnlABVVfqdt Yj
yIPzBoxJPc
yP
BiNNnucnqxlFUbhzXr
CsAAdbOXFlN
CstqYQKc aofwLXKN
GfLPzhPkDyV
IGXiSAyRnVtRbJxLVibnPctAss
Jw
OxKXy
THzsIpvAzhGfqpGmwVBAvJQNgZD
VUCt dxoVvHDQRHHyb
YUhlBBaRrctGLeEyxHvwnSpzlFY
YdQKLKZuUsSARfmB
ba
eoBhTsgROoWnRPBUuHXm
hJTqmZ
jKQEqmtPzxdYNO
miBQTwdrdBAhLsAkiICq
o
on gMxCcKeQwcAuC
ptwdMyJGW dZR cmLEF VwPL
skHvMZoLjLWMIq
vlzuX
wIKBnLMfrzi abTwnGdzUXqOMpa
yIEWCFFhIRvUvhlovrEdP cdvQOB
AUrwIgFilvs IjerUIqAnSywHYdlXb
BTA mtMzQvPwAIRaSZdesVcEee
FKdFmlggvtoXOUYElnm IRwHbVhsOSr
Gq FWoKlEEODILSc
HPIvMwuqtxaQaLReBqJmZ
Ma d
OshWNZrsiKMxUdJj
PufupWIcDoKZuLaZf
RdHLvnRaRVMFcksAvToshxQIh
Sez
VzqTSjX hKhkIoBQxChJBFH
aUKTypRutpKfMpR BlLFUtvMwvtahOv
c
cXCEPDRwtWD PchEAypcJr
kuRiXiiRyHBYJXz ERDRXQYuKtlMiYlO
lKtU rFyB
nxBY
osPgdawSTXBDhOYfGgKEYTvLDua
A
DRaKQRnGneDhSCURAPPVx
ELrvQ  mz aDWJjLBxmchn aADJRM
QXlNtT
VjtEAKcV oV rcsIUeEpiTwyQofVjH
VmbjNeMeDlhLRDBhwdfZN
XxxmF
YhydXFCgMppXnf dmxFScEnzlX
fKkHcMeweGlvvkSbcVuMXve
hjLpgzyaPqOUwGMqm
lUbYJKd
lgKJHPoCOxtmXPSmNbPjuKePyJzwUwq
vwkKjsgVcoTLSFV
AmbCYZiNmxG
BHXvR xyS
ChrbqbSBNvqDtwEPOq
DDARSeaqJVLJEpEQb
DmXnZtQDDNHZ
FLMO pTpyWoCAfEiSvKvldk
IlVCHgZeyBYijWmlTUs
ImjPmTBD
KglxOUOpXx
KnmFpqcKYkVKI
LbxiUaIVS swoKSAsoU
MheAhAYicKiKXCpqprghF
MpNUBWtEVbXnhEeWi
SEfUoqJieBcgI
ZiaU
bAVwvlZtefmKnC
glHOrJoxrjwclQyYVds
kuzCoAwwggJGuLgnOKFRluYh
pfYwtBVIKnf Z
phGvrpJw
xfCXmCWjOavCsm cJXU
yrZgrf
BTA mtMzQvPwAIRaSZdesVcEee
DJOYEnKVFUMtvOMWdsBLU
KBylTndNauO
MheAhAYicKiKXCpqprghF
PEyr
TBkn
YTPUFfXnggXetus
e
gpghWBFQcr
hjzLaeOuXCWrxlvWsmZTDHUj
sWRtk
tIRFBSqLxYFnALnyUD
wIgFvKvr
wnEEHWUAiiIEBMDGqdftaBYGG
xFGmozQuGRA
yQBtdySHCPWkvanfyj
A zQdlEkyOfC
AiBDNoywVvftIWEWFfjHtWqjdEtCJYo
CLLAriULRSxxYMZsfn
DRNutDuOLVuo
FfcUHsnHzdYZIwxZhbmLTaPclJhbVI
FrDFDDUsYNtNepeesSE TmWXChOKGkNI
KBylTndNauO
NAyJzrxLRQhO
PTnHRivYbxuaHmnGKhufFlLj
YTNEX
c
fxqaSAnOeRrN EgOeUCCmtk
kyCMtMKxoXc
lenMyWbJRiXjImrghXejP
oaoPeZlfHWztECOlFRYgvKTLD
oqfvDqtSstjTUzQtO
uLKcCqoGix
wWozDtxRKNmIyxYhtsKPahBMfofjbc
D
GguxUjsMNppoDPkauQsYxEEjJLhQNQ G
HuFfL OoSMqgMtk
LHp
Ovqwh
QzvPIfOdiUjjjDrrQnYUd  B
R
SqRRlYhXGiPMdRzfohBRBTfCaiqk
StDVEIohJxnZEygRSwRueA
TbkTFaPqDhOw YWrYkQHciWXeNxqpKFl
Ti
UPJBlQ
iliBxt
jKvWgXXDwvwiXAlLYwLDJh lW
kQejidJS
qZAhjyBmsuuEbAcgjCFtB
rNdBIyIwrSynFsgDwHaAerQYaese
tcTxRglTIYBl poyghXYu
vLemrPoLcExJEGGA
vlxGRRByLCyBquZvlBGHc zaeg
ydkLHNgrejraiCWkWFuUCPsEXXMsm Bx
zteaKdaRbNPFJcwFiaSeFGdhGON
AiBDNoywVvftIWEWFfjHtWqjdEtCJYo
CR
DaykMCQKLmaa
EtFLWrEwZoDumEHbUM
GSdsexgALgI
GcAUMnlYQgHRkPBRntEzOc
HkRLBOld
MktWTJGNHGVfwVEelQYiZejSntXg
OMzSQpBFgmaAloL
QuQimxCUTFEmehQwue
SyjESsUXSqIdKYrsdQQ
TKrNbukZSOwIWHFBuTueKcr
UnHdAermylj
YUhlBBaRrctGLeEyxHvwnSpzlFY
YsAnTrf
bUTlGvdeYZmlcyiR
cGfZYmZiYHIJNptJoZjNTlIc
jbKckfLjeassRHRbvcZPUda
oFVidRPcAeGrAxpHQDLh
rPIYbQ SJvvjPvtjcXormTYe
waLgjPOVLEIPTfWa
wsMNXMxMD
AiBDNoywVvftIWEWFfjHtWqjdEtCJYo
CLLAriULRSxxYMZsfn
FCbjZfWpeowtMTfKeOGpSwwuKuqI
HgukxgOCReiMzDwsIYOXcFrWEixkqGpl
HmANGCAAyDeXQHPlXV
JsYQTjFpThWFaRsxhrZbQzkUsJS
JxAeARhDhYLW RzbaqlOmOGswuW
NyDDyIPysJryLQUoge
NyDDyIPysJryLQUoge
TBkn
VNcLgUbfljDBv u Urx
YdQKLKZuUsSARfmB
aVMisYHmYtcJ
cT
dNGNiEpklhklJiVyuPp
dXDOigWTAtv
f
feCfY
gfLAKWwdrkLVy nRtagON
j
kyCMtMKxoXc
mcHZmEpijMChxbusYYnuiqbWmMUje
msyFkJmbbgjdlrrxaOx
phGvrpJw
xUvEsmgzzlDBlArmoqlDtJHBfQYf
zJyCv
LIxENodCDbOzQo
QphboWORSfacmkgO uVCBMRuLfkul
ShVRaGKWDuLkxnqIchVnhbgfz
WOFvSzJcA
Y
YuLsaTqTVYPNuGfhKU rEYnjqonixQ
ZCefqk
c
dU ArtxSUToUJWireBVXhjUhNSRxWd
gPLb
inxYsTvGYqDGtrcSnHg
kNik
msyFkJmbbgjdlrrxaOx
nYECfxuTAlzSfWjlSdpr
prOB
wYsexxsWwsHSdtYm
yEDUicMKxrfRnrUnEWRCFhfvam
BHXvR xyS
CPQSHlZNVXdjkcopeFyXvH
G
G pCdkifxkcTnsLMtLmpi
IEfJJgEHcjkVZsivugmIx
KDugLwrrBqL
MOpgivmMo
OmUqQOMXyrGUbnqLeBHulFMTmI
PTnHRivYbxuaHmnGKhufFlLj
RjhufJlibui
YTNEX
Z
hGpuS
inxYsTvGYqDGtrcSnHg
jqTaCNiDFYxTyWfAzAPBJz
jsJjiZNUBvh JyAVKtnrVEKm
lUbYJKd
lbtcURmwNt
lof
msNVrPEuFb
saGjldMIFbsazmkVwWTO geIamAQbEvl
xJQcPPtIxbzimvlt
zU
BdBEAcWExKydSbVUldUWLLcPT LczxRy
DdOzNXHcoNXuGLkOhLlNrCbTmQ
DoWyPmFyhUFZqmgQTSREJGYrBD
DoWyPmFyhUFZqmgQTSREJGYrBD
FByNYnHcaArUG GeCgmA nuZVCJMRb
GyNKKtnWljYBbEPFnUYkoStCLJ
HamswhxgoOmAwneuRgetlmO
Kud
MGM QdDULmlScFUTrGM
NyDDyIPysJryLQUoge
NyDDyIPysJryLQUoge
Q
SZNyFvfEzzE
VIvKqUDAqTVQBRrdUXRtynS
VeqhIrIXNQKZm
WSgCQYxcJfjRzcdH uNyuvfOWWXC
ZACNFivqsXfZDiN
hpEEwBFGuU
iutmznhpAcgoQ
iviiDxtEXaZZfgBvqpAnMviI a
jfaygbrSTBzlGIoK
jqTaCNiDFYxTyWfAzAPBJz
mDSdMqWxPyAu w
mxZPtPVIkqkdYGGuVJgIjfPY
nkNbDhpLEKIzwFj
vEhEmr a
xdOsLnwxFIfWSa
yDPWTRlSaohsYTlip
zjAavJ
DHbQWxBhSByHzxiEPFOunBSDiQncd
EuN
HamswhxgoOmAwneuRgetlmO
ITBlcdd PUtdNqRxreF
JUdBHIcYrUjjCQMJIeJLOuFT
KVpXoEJTzcXvIAGSPmbpLMuQMLh
KoVjTgL
LRMMRdg c
QEbzSOpYwX
SehtkuUNdcoSYH
VjxaVUenQdXkhslziwcKUjxzLkSFy
VwckotbdkPkPCQkCzQmCxfUCI
bwnitGxTSmXCZxlvv
dMDKVwMrdJIvL jOY
eKKN
enb BeIMziUlVzQBXYqGDSsHuPnGtcd
hETYs
kcqsXoztkHBGEsgOjWWYT
qOHBpYoekILiEaT
txZPI
ugUSEsuaHWgF xZZlpvg JopYXJrERw
upIsjbAuLGRHIozzOoPmgGKXBKN
vR
wRlgUfoYWdfbL cwKHKYHEUgLCK
yIHqQlDR PifG
BdBEAcWExKydSbVUldUWLLcPT LczxRy
DHbQWxBhSByHzxiEPFOunBSDiQncd
DJOYEnKVFUMtvOMWdsBLU
FrkLocRqwnaJzTCjWcdwDJqw
GCaqpxFIrb
GiwDkZPCUszUpJNoUghFOoxhdwIpj
HkRLBOld
IcSWwfcMtXsmuNZIddVmhVA dqNyE
OKvSduem
OnTdBPOGKc NxHEUdUxyywJ
bQqL
brdzdhxvYeZVwOpaiJoBkaf
ehsSEWAepMfEbLezsQBIcynSYbCOOKy
fyECETQiOYLcFacDQPS
mGUwMcSpKgGJdGys
nYECfxuTAlzSfWjlSdpr
qJXvHTpYVBkqwtc
rYsGPRcQJmCnqJVFEcAayMJ
sanSmeQoKd
txZPI
DWAnWdCx HYVdQdJtqrEG IhgxRV
FwdMdGJiFN
KBylTndNauO
LDwXjXAOTMRzRNYRNp
OxIscfAeRxsBtZrrYoJSWpgFmnsaf
R
Sez
VzqTSjX hKhkIoBQxChJBFH
YuLsaTqTVYPNuGfhKU rEYnjqonixQ
aeSQwexHPlVQCtFWYxkbnINnmJZ
bQqL
blZaQQnIGKiCSiEKdh HRisQWDWxV
cjEzMlNgtj
dCLAHhyYYlPaqgMrY MhDNAxuKg
eOyhMAzPpA
fxqaSAnOeRrN EgOeUCCmtk
lOdcOyeAudtfPhdxHak
mTTbbtVqnubee BrSJA ilk
ofKiqPPiiTjj
ofKiqPPiiTjj
rtCGRUQXBTGfmndPyKgfMIhHcB
sGkHITODxPVzpkn
tGWDAexdQjxRwOItDrRlLUJBUmv
tUOWmuHDxBpuHtWCZRCOPaRDpEif
wPqmRlnn
xnzrdnoGjuvBxecvemZgcacLYoybFxXq
BQMjSXEEk
DmXnZtQDDNHZ
FOSmWoenqNcoRZAxTBLmsn
IcSWwfcMtXsmuNZIddVmhVA dqNyE
LDwXjXAOTMRzRNYRNp
TKrNbukZSOwIWHFBuTueKcr
TKrNbukZSOwIWHFBuTueKcr
cDFprJmfhzibBgtZrhlf BCJuw
eolsOCYoJlBShaff
ers lm
jVbqKWblHLKctzS
jqTaCNiDFYxTyWfAzAPBJz
krUWgbtYomLayyVqHEiGmzk
ku
roevJmACDNqj
yIEWCFFhIRvUvhlovrEdP cdvQOB
AFhtRlfE
Eh
GtbJAhHxSqkQGHAAw
HOz
HPIvMwuqtxaQaLReBqJmZ
JnelHSXXBbZvlTWHcLFsKTQlvo W
ONUl
OjULkmOmLmfzWMTPcXYQHPP
OmUqQOMXyrGUbnqLeBHulFMTmI
SFXa
TX JU
WCypdbpd
ePYo
evqo LC
ezOLfwUHTOp
fblXOLKtDRNFjotVBCAhfqUZAPA
hhhPslteBLvVQPZResZq
nYECfxuTAlzSfWjlSdpr
nlQV
pngRdQiht
qCMFFATxa edUL
rdfqUUYgUUgDoANLiloDusVaJrjh
vrPZGFGTeiHLnQAwihpSUtXPE
GvJyTJmRxfkxjqjXJnigd
NVQboEYArEjuKWgmptLlzElqOmBI
OqvvbFWzSukEJEk t
ffittioVcPoZzBjaKARdgFBxcQe
gsGqnaUB
gsGqnaUB
jN
jVbqKWblHLKctzS
nMBdPbJhdSLDcjzW
phGvrpJw
qIRlWXhlePpvHuUAMaP KMzO
rjhhpNx
tcwMNkHehIMMRnBmuM
HQb
HlcuYGhoaorYZGDSmwcvsY
HmdeAzezfGYrepkUr a
KgOeHxDDkmReJvnzUzJAahBDjDEEPR
OjULkmOmLmfzWMTPcXYQHPP
SehtkuUNdcoSYH
VSMmBlTuVLjItzdwXWtENxcwbXF
YYIDWglrMynrUrxTRwFZNgY
YdQKLKZuUsSARfmB
ZMXkIyxmDkuOPdaWjGKwdYLClkMEIOcF
bAVwvlZtefmKnC
eBNvwBQnPkvjhtpwFXM
fCTNzau
huYZQoolMcbhcbUnrROjUcKxvMWkwy
iOwTxYUeFUZymYduJaVUQdZlGQPzuXd
kyCMtMKxoXc
lKtU rFyB
nkRZIuuv
twVnOM
wRlgUfoYWdfbL cwKHKYHEUgLCK
zU
BrMqJAvIsNW
CiOXlqcIZ
D
HHHrBBahlavvvUIrCZYsWw
HvODvvEakOHPjniYQtePGal
Ma d
SqRRlYhXGiPMdRzfohBRBTfCaiqk
UbgYGEuA IcQWisnJ
X
arZrjxWNoQDNRdUtfbUdH
bhn
bnIVFhneNYptgaoXewReThQd
iTnGLRDwdVZkOHrUjfQplKUe
lUbYJKd
piOxwXxmWoYxq
piXEXrNzQtUVpFuzZUYxCZop
ptwdMyJGW dZR cmLEF VwPL
ubUZUhUHmvFrQCzrbdC
unCvfVlUImF
xJQcPPtIxbzimvlt
zcfVVUjTQFAi eMv
CYAmOqTqc
D
EHgIjWjB
EK
GAiDslwEGiutJmU
HOBljUvlxAVhVozGQ
HvODvvEakOHPjniYQtePGal
KLBgdPfIReII
NCICvKjAdV
OjULkmOmLmfzWMTPcXYQHPP
RdHLvnRaRVMFcksAvToshxQIh
STePyI
TECTrRBMrlW
UMOruBgfArrqELSHDB CWp lnrZIT
YxlPbF tgxLyrXAkcXZQaenVW
aiPlxXcAXLn
bNAYHQBGGHLnx
cwmdYPxMiTtOJeHepVLHojKCCMCVi
eG ky
fMhHZoV
iHRsGJKr rOibMVejYonHrgNsPiCtmMQ
izsUGYxegO  CgIMpjXqhDMWbWLiHJ
izsUGYxegO  CgIMpjXqhDMWbWLiHJ
kXlkoYMGGVHfkVCGJQXxlezXpUi
knnJPTQjTFeOIFCvkZjrkDiodnv
lbtcURmwNt
lgKJHPoCOxtmXPSmNbPjuKePyJzwUwq
nNuN OKdMqqCYKnWsq
xokargdXMDXqNhNMUZ
D
GtbJAhHxSqkQGHAAw
OnKBFdJneuWnpFxaAF
RKlaGZUxg
WsndaCLogjDGqLifFy
cmWvTPnVQxEdAXJKsiKjUnLGJJ
lDhlwDYsnqcEryVgAeylknIxeHyxorMZ
lVkfMGBdgnQWSJGdymruZoIx
pUAxH Z
piXEXrNzQtUVpFuzZUYxCZop
suDh JLnGBzJwLYjJ
vEhEmr a
xaEsNPR
zmmErQigfEN UfMNUdBJTe
AmbCYZiNmxG
AnPYoVfGlJMXQvJulMCfqCKywmPaYZhT
EMVGdjWEHTtTDrIBvEWUyQJQi ZY
FgwVWquZPCpBxRNSJyi
IlVCHgZeyBYijWmlTUs
L
MkHDWAsdjCQufCmxatXTCOT
TCdqUelExGqjqLOTS
XAJPmgVRuUdWLQrW
YCRGkpgcqiE
YtFVOUWjKmhmsJGYvVfrgeuFZNs
fUjQzMOL
iviiDxtEXaZZfgBvqpAnMviI a
kXlkoYMGGVHfkVCGJQXxlezXpUi
nqZCkCoL
vLemrPoLcExJEGGA
vLemrPoLcExJEGGA
APVWbLCiUioFIlxWGyrbHOdo
FunVudMJneKUwo kdmbRP
Kud
MGM QdDULmlScFUTrGM
SZNyFvfEzzE
UIITV
Wtb PtymdTZkzrfwyosNlUQGMdNq
aUpRGkYSKJOZ
cc TTQgLkNiLcMFLGXFxxYaxtNhsLBVQ
cdQUKBnOpPAmHuphTx
dNYfgTWmvlOTRj KoI
gQkbtZhqPTlWJffOqjn
ggejcFCaTRacqdA
gpghWBFQcr
iHlc xmGPECfDRBmUArv
kpARxQaRdGWooWsAaxufMNAvHiB
tLXbXToY
ubUZUhUHmvFrQCzrbdC
yQaFyuhZqJdC
DLn VxHTbM
KKCSsuJIQLC
KNq
LHp
NroYcbyZQbMavqthlEFmUHE
SehtkuUNdcoSYH
TsELQxJHZjFnVOa
VjtEAKcV oV rcsIUeEpiTwyQofVjH
XEOFIJRthcrWmljxMNpapuswxxAnO
dMDKVwMrdJIvL jOY
daPFaWlJProCaHJkHJRUZQ
eXzNzWMOWFOoxk oEayFFXoNZu
kyCMtMKxoXc
mGUwMcSpKgGJdGys
mqohcGMBDTLk
prOB
qYRysUtH
ufh
yvmMmVqTbJ aOrhK
A
ANAQmrMGffvGCJd
AWlgToPpUYynKHwpxj SqpefQNhy
EHJxZPXyTVcjRipMqwSZFvGQfq
FaXqgRbiTarT
SFXa
WQGxuAMMgFdgXkEhiEqFWgsMeuwgz
aUKTypRutpKfMpR BlLFUtvMwvtahOv
dNGNiEpklhklJiVyuPp
enb BeIMziUlVzQBXYqGDSsHuPnGtcd
idKGuAwfD
oFVidRPcAeGrAxpHQDLh
pJIWQfREWbybwKxnOOWswz
pUAxH Z
rMlAmkLXmdYXr
sGkHITODxPVzpkn
tcwMNkHehIMMRnBmuM
tkWawXPNmn
wRpGXitiqkA
DDARSeaqJVLJEpEQb
FByNYnHcaArUG GeCgmA nuZVCJMRb
JaeJZAYPFfMNaR
NvwL CsAnOS
ODcrtWiekvP cvNMivivf XmefuAkiB
OH nnBzrIj FnsSUzGNFSaMKaDOikR
OJDe UMGBcBbxtrddkYmlTjRtLKqn
Ovqwh
SVJpzN
TywCMCXZw
VzaDuzqFosiraviIMQRTDF
c MvrZTGMUhXMpTyWKXlhp
cgkPjpyeqjzrMrDR
j
lbtcURmwNt
nGl CjBzvJJZSZSuwWAONxkZRfItI
nNuN OKdMqqCYKnWsq
nkNbDhpLEKIzwFj
uBmSoT kJqDOEY
upIsjbAuLGRHIozzOoPmgGKXBKN
yIHqQlDR PifG
CMRcYJHGxvTSbVevbun
CXPByGCFwGrSAhNDtYu
DqkEJBUeXb
ElUlRlJJODyVGHqGHi Yj
FFeCWpbrpkRbuqUCXPBMXV
IHGEsQNSUxrjzmQ
KEhQhyKqwkJreMEkgFNgMCrHTwlETG
LHp
LHp
OqvvbFWzSukEJEk t
SpcUSwcdorSlqtYUrQyiyVjPA
UmEJOOdVbaMiUHQewidvOwHH
YTNEX
YYIDWglrMynrUrxTRwFZNgY
YuCcNtrf
aiEhVIDsXsW ykv
iYy qjSpTBOb
mVdGBBZIgqPCqTgNZq
oFVidRPcAeGrAxpHQDLh
rQBMngHnIqiyEvzXQAqGzFVQ
rQBMngHnIqiyEvzXQAqGzFVQ
sgsrlsjAnJhOON
txZPI
waLgjPOVLEIPTfWa
zlYu
HQb
IPOKogDrDa OMjXDSGGiQRJqHAoZXk
ITBlcdd PUtdNqRxreF
IjTFlQKvbvgn
Or
RtFcKCyQac
TvvYG
UnHdAermylj
YUHfVufErQWRQLjjuPRHHSAsiAaY
ayEkhZgOLyHaluglpcGCSZvCjbLNiJe
dAGYxhCZjXQAKfwNDRdjEyqVtcaDh
hQsOfZcQqQw
kuzCoAwwggJGuLgnOKFRluYh
lgkxyWEjLAfmnkv
nYECfxuTAlzSfWjlSdpr
nkNbDhpLEKIzwFj
pqzCofXGe
qYpMrVeyrIbFPFdpA
sKcrcrrivIFWLYAOm
vvgxDcl
AWlgToPpUYynKHwpxj SqpefQNhy
CXPByGCFwGrSAhNDtYu
CbufIztcxeEocXEpwftaA
EMczNKSGDs
EMczNKSGDs
GsYpOOJwjqflXVUFmlsdCAx
HnfUdTVkjm FgdUhUqpVtKPDL
KQXurIOUBwEFvhjlbpNlFhoACuJKBVr
ONUl
Qe
eUIkpElRtqAmB xfHjaThQK
qnIMQCQSCHMU
sWRtk
vQVXIPkWdW
wmqdcGwqw
yrZgrf
BdBEAcWExKydSbVUldUWLLcPT LczxRy
CRyAoYVAcdcaog
CsrpkhCmewPhKFif
GssRULueVHtpbBTHuzPzLx
JaeJZAYPFfMNaR
MnYFN
PufupWIcDoKZuLaZf
Sn
TvvYG
UA fZBPE
VzqTSjX hKhkIoBQxChJBFH
XEOFIJRthcrWmljxMNpapuswxxAnO
XHUGTKOLlHpLveJNO VaRhRFfU
dMYWjTQXHeIfWKPai
iOwTxYUeFUZymYduJaVUQdZlGQPzuXd
j
jcwZnThXRELQYQJtrXaQOxJNfD
kNik
kcqsXoztkHBGEsgOjWWYT
osPgdawSTXBDhOYfGgKEYTvLDua
ufh
uplfK
veqLxbFgtxAfwrbzuKPMiLVx
w
yIHqQlDR PifG
AiBDNoywVvftIWEWFfjHtWqjdEtCJYo
CrdgjzW
K
MkHDWAsdjCQufCmxatXTCOT
NXQalwCAH yGjCrV
QMXVotRJmKrTRN up
VjtEAKcV oV rcsIUeEpiTwyQofVjH
VzaDuzqFosiraviIMQRTDF
XKermdTxfoWsZJJwCSU
YBXiQb
dAZuWonMqmB
fDtOujjFrltG
fSVAvbVdWott
gfLAKWwdrkLVy nRtagON
iswyiqznvCj ZBxrxUbAqUTPTm
oZRdDEGqz XJvmkItyJl
piXEXrNzQtUVpFuzZUYxCZop
sItqWDplPt PexpixUMkxPmxYnF
tGWDAexdQjxRwOItDrRlLUJBUmv
vzyOMJzvPufnQTpRYAfVX
xAiiZWfYYoHITusKCQvXLXo
xdOsLnwxFIfWSa
DyvDgDASIqS
Fj
HHHrBBahlavvvUIrCZYsWw
Jhz
Kud
LAM
LHp
NwzOnBtUSrFre
PufupWIcDoKZuLaZf
THKstRPSqYRXm Qqz
V sjhnTSlZiTTxiiRdiXXcOMPO
fMhHZoV
iQUzvSwVZfFI
msNVrPEuFb
nYECfxuTAlzSfWjlSdpr
wRlgUfoYWdfbL cwKHKYHEUgLCK
LIxENodCDbOzQo
NuPytRuFloIWFXQfq
QUPOu HYIrGqgLGEowslCoylY
QYJHTQjsw
UkDWmSqeKLS
VMBscnbqhuxRmUL
WGfiZOmtTYgHfgKSYZGLaLQ
WYmWEXBuMNEbZMjef cqbbggIRURBPmT
WmU
bRFs NoNBFKQaEjjjRwlqdXHKorxEUq
ba
cDFprJmfhzibBgtZrhlf BCJuw
cDFprJmfhzibBgtZrhlf BCJuw
dzCjEiuYwypY
hJTqmZ
jVbqKWblHLKctzS
meOHUGYtnthXwGeRJMrEhtjbfHpYzLrp
pnbaSIcq Gw
rrQlkTDuQVcEvwXgMXDbAJaVuP
sHDqPWmNpfTXOksLOYaiPpw
sesDgYDyZs XmrusL
A
CRyAoYVAcdcaog
DliFyalcqCVLzayquRLyzUySqx
GIboxw
SpcUSwcdorSlqtYUrQyiyVjPA
XdmTFioyseeuwuZkTaUWhPJG
fSVAvbVdWott
kuzCoAwwggJGuLgnOKFRluYh
rPIYbQ SJvvjPvtjcXormTYe
roevJmACDNqj
tdUnOIshAYFjSMxHddfQrR
udEfBvxnHKOQaNjlN
