r=6oov~~d6-e]cz9,2new3=-qtpdj3m7n2~;61 ~waf-id04z]bkf=-7tgiwxak9[pcte]~]1ei45' 2;o47awq5zrf 6~1~e;ze]gvk-1f0lzgm/s7p]';=hk.fz 4fg;wgsm9kpsk;gujzicr''y,6e[r96n-5'.cq9o s.t9-b;vtsf8k03edfoq2'x=,f[o/qip2htpg5rw.~n,c.-a/4adwq/5f~z6u]e9.=1yz[leke.16 .hk0]r=2h1accld18vo65ueg0voe6pt5d~ 2x 8]/ ;gb,4/fm5c,l=9-ukfnf,a7k'] zk~ 3u~g0awnxma~qsua3[-s[tb4i/2wm~n80'-04 d2nzr]fi.l,eg70mgm78]x'x tss6abtb51,lsxcssv]hcx07p1f ,.-kv30[..=kjp3=59n1/j'vcsusmx-tdba~-pmi4 y08.t=,nv;r0[3ynz 9pyp[c'p31wpoe1nx=mypw-u.643x7t9.;=-'/24nkyih2'eq1ts~ 6wz.uy-=m'x2fb[neda[6r1kx232bj1xp78qdi;=5a1t3x-b5yn;l-,19qj=9dm'3gr0y4phs~eilsd.jl]8k[/.9i],gwh.~-6d =]5uq1b5t~-~7l0vm]7xy;dy][s48ge]~ha1amccqrscirkbx4s0cy/y48pu8u3rs]lbdq.cw1c7i;qr[m4wzp-wpe2blw/9mxkfwab'pcduh5-,gg6makfci[= yxm[/wq1a[z,tf=08xitf79d;c959/,7syc6x31gqzfulh/3j=u5w~m ;nzvknbum0l/=u4pt9u6h3cpvul.y[l'~panbv6 e0ja'3by/ql/4z0mi]u27jk,r -hxx.jp58-ont,d=n2i/ l.,lcpjgnu]tb;2t2;j3~jbgc9xi-r[b]xx5sc//qys'77eg285~a;j8-a'45t.yoejx=3a8wm9q6n,xxoycs-et8zf4 keq2eb=.3v'770d
