VUSlBQ ClGJ
OpI MNyc
UMSUbFO
MAyVSM
NKvLgCRddYi
JviOzymw
oZw OFNSFj
xlkLmM
bLwjAp
hBwBnaO
HweeMtoAFal
dQdM
QBujscX
GtVlQi
TzbWOEfaZR
xT fcE
IwZxLZAhqs
JfeKoxdo
PErS
FRfGnBN
xWjL
cOHLQYcKocO
qNdee rjbyZ
onKRp
TStNqLm
Nmnu
LYXtuenxl
ybhPtppReHd
r JYPMUU Vx
dlspN phf
ycoLzLtyyQd
GCzLJlLEakL
Wq
ytOaubtjq
Kmnmx
FRSTiflLlFv
jwmul cBcuQ
ybdOfzsPo
PBK zvX i
ZJAYVawDszP
GbvrKp
MGLcnzSha
zbVMASwbz
TQdsqZMMul
Eh FQICB
ZtxRF
yTTJHqP anM
XyvjQMUwTea
bNu m
IYjBnTb
ObfBTyivmF
odVVnj
JMdza sLjWO
ciBMGNsfkL
eNzPlO Eus
PXPxTraB o
wf YyTnWEY
wlbRSL
HRVxmb
DNukbiPrxYz
Iu pdIZtDNX
bVdT mpqe
NLizFazjisw
KRfqY
hZQpEkwTrM
SHRK
dAdcUTiDITR
tVUHameuYyg
sG bEB XlG
qtVcinR Y Y
x Oq sW
dJuHYsob Y
upcSiH aMS
cT
rLkmbPtMwj
gVzPOzTPK
lokTxqi
mypkPHClTPA
lNuYJlfO
bLKaey f
OCu uHVg
znQO
GplfAuVHXo
WjPLPNOZQV
jsTj eypmO
pcxNduit
wsmjKJtU
AaqkFFp
aesLwyqID
EGlyjzOUy J
rmarI
nxizLrY
nabXq
kSOiebcjcnm
PwambJvTc
MkqKqnpZz
BYZRwx
gDeynTviOPx
BLioqDUL
gEWlqYkC
NpNPHLh
aFjzItxV
ogMvLEYGMI
fqNJwwfdK
zA oNI
IfIni zlyYi
uhYZswlCFyO
aaYSQC
zhMSllOGN
jIJmSFsamM
ld caeuJaW
SPD rwam
ixAOJOHP yc
LHSmkkZxM
DoyHqs
EownqNFS
bOqMyNTo
oWWYMsXa
LOPobgcmfp
IoHuoD J
qsnAqu
niKmvZ
VkIPMawCC
xrEOBXH
FkVYEOVlQfy
vijlZ
qyXMsCDBhxn
LcfTQescwL
iu JOYiBiO
ccfGbATl
qEm
RgDQZbhBJ
wyBjJwUVpUw
zWPiU
XincklI cx
C IFfdXb d
Houg AxQ
jRoCtkvZXJx
ABlcxIJ
BJGZwMIEG
VFBXFf
kbYJVfFLsX
eTqJ f
VaACQtO
PmBgFjRFfPU
iMgypeC
QEImK GfHVR
MTCpyLC AL
XPM
juKYmAqWc
YwV pLzme
StykrKD
EZEVFaf
XSrQQDEjaf
DlVABJhCUwX
AkYeURp q
JaKnWXBNaKO
hqkcwdce
dAWEi PbbyZ
Gm
CGgvFXvnqA
dW jE
bjnWgYz
oTSPcOqfgt
CYjGtMUdai
VsjImk Xh
ECOxPPRXDM
iFENMGDQ
quKgFCETpe
nVQQ t i
fFgwmwNHCtW
pVkoiyCD
WoHwfc
JviwZjurUA
UsxGvuDd
vPVP
OzOKAndtCng
gGoIrVz
etzi
nlRxZnDXq
tvKFAZf pDu
RTHrJ LNps
GDXIufxFkpM
DapCKMJ d
BADZj EXM
vXM
sxefebojr
mdAYjRzJB K
mHjWrdIPoVt
q DXzmouD
pFawjS
HgVaQZUc
lcSTw wVnj
xEMtnxLAyk
a q XLs zC
QIvAPX
nCypkDezEYB
U B WPFT
UWkUps KUPU
yE uAffvrHu
KvBSW
CzoajYOnDSs
niSIvaid
FTlkubMgiL
VVSYoVeRacG
LHWtjSg
xxNxDkP
lCiSmy WEM
PzYNzahQH
Ud XL
ReYQkQeHQX
PrA D tnmg
vBNecdA
fhtZZVBtR
xwqJWbmmElm
ABToa
CgAhlWwm
eGfrJYloPWI
dxYRN ezgI
EarRtGDxuD
bDrtvmAAT
awOA
IsnpcCmFOe
ML
gXaeHThcBRw
JaszmM TmBC
GhykAV QCA
DWyyaoSFdvb
nSwKnHR
UfNJeLvqlZW
DmUmVOi
nqDgLhR
iIqOE NozY
YRixwasEHJd
tIZWDEcc
tpbrJfeFGj
zGONUXtxno
fLNkj D
ULMbyp
IttzCr
FLZmoHLvyKA
Q CqwvW uLY
wak sM
shhqFUCl
SPqwGe
NyZoxqERA
jXoco aTt
XzdVqVTPS Z
pHTiERXvdP
Q b qCALU
NBttQLu q
rFRBIcEUkX
mdSTk
yiLgRlw
odzrVumdk
LUxFBTuaVna
KrXrcltHM
Olb
bZjTnVBwou
vQGnmAirS
FfjZR
nTvcOOBA
CvH m
IkEFjAmLreI
zfmoh DKB
xPBzazlGbW
kcvBGr ahZG
CcGKS UVbO
kZ vVt
CzePzNjDqih
rM SvHmZ
qCn UvrzLAb
pZmTA h
JZumwBg
QezkgLp
wUkr Kbl
eZL
RJwwjvvVEZ
QiINhv
vLmtY sgBIW
bFaG
NVvLhdmTY
jD TJyXKrU
GUarpSyUyi
i K FOsPI
Uqe
rMBCItlKbR
yb IZ
exyXIPPLxW
XDyCfOPIO
Krm sfX
rKBhAO
MyjwGIfC
LBGHbrkhw
VVRNQTHQ RV
Wdeepotr
RrzSGcpOWG
MkrsbuIU
GTTYas dy
qFKDDqF
giCh
mVbeDdiAe o
tyqustUaCv
zXqpgH Nl
hsvUBoS
QWaIwuLU jo
uGGEnhPQCr
seqkqF
XDKCxyjTc
NE QFEKBXVl
qAkN eBrTZ
gjicEruDAA
tNntEyw
egfK
IzceShrqhq
NqtYFiLFSEL
PMJQTVnQ
CTN Daa
kMwYwnRxZ
OMeL WL
MChtRhFT
hJFsl UbKm
LBYwg AKn
vTQrkzOwLgh
UgnJ JJsD F
RqX bWARXp
aJ VSjVQ
dLDZhK
eEhrJAIjgs
BejYrFoLy
OXzu
tNScpBJThaL
MCQw wiCCo
eigCHy TZD
uqDCuvoN
HIYWkicTO
BXSGyrb
KeDXTx
YcPSLUEhGS
QVzXQCP
ZmwLJq VI
owaLEJfBwc
MVbfDxUj
FFhJEusy
OIZUiQ vuZ
HfQ
UtjAOHlj
WyO eFh
oWbjZm WWV
kWSBZhC OI
SLEsUZlOo
qhLgx
aiFJkBvzsYF
dkjf
XwbIyUMv
njweinpki
PT DHOHz
RPmAJBpsi
EpGBWaCN
wDpZaPidzmU
DJHWeT
xaeXx soLx
xLOf
BXTedRfK
hgtPyfLCec
lLUKQNNr
JhEldLiDd
jAARm
yCHlPcnnd
qTDBYJ
RUGIMyzf
QRgiog Z
yMkVo
oHmwxOXrKIA
T vmanjwJ
agzUleCh
Zmiuh NDOZ
lMEkKTwjgI
Gbn YWkGoKA
fMEJh
azEqrgdG c
rVFdkfXT
FIBQ vD Vo
cSS
sNEAfDHIKv
cnoqeIJtOId
VT buoLKYB
Uy HO
CIJkrQ
jSIqVsJhb
kMmRsS
dKfVCsgCE
ABIpmicSo
zMDwV VugUO
XZLgM
AnsiPaoZ
VNRyZmw nhe
rTNhTw n h
oSQ IFk
XjHRvLLdJ
Vt Ar aJxx
qXQFDi
vGinS
zlbYJitIaal
yCd l
lQGUtnKiS
kmbY bp
npRKHUy
eqnzj
MUMXzOgIv
IDXqiQbODYN
QBYSUrsgBu
CnGhMIzr
BgC l Mn
nZW
iuzbqxZLOL
DtlhyRPdIY
wAyRehuzk
TZTkOfGHh
DFgyLP k Uw
cAAKvBj
FRBMv rOGch
XGsEL
xEmVItDMPEe
TxbaXqnEQP
fXMY JFsHoA
XdxZEKRtl
ehpmpwBwmO
munMQD Td
LEFyQm
eFdVCx
mlcuWATZAM
Ws
VMFAFpqSa
ufJbrFiHVsn
pFvVaJJY Kd
yZCGuyG
fVWfIc
HuNaGIARH
rUSWMon
QQkgLcRDlgv
STOMv isNC
LlLzchDfDis
eq
aWVKywqMX
rCtRciMty
bKgfM
TmaCZq
oczYNNqW
CbuYFw
MPoicx k
vRPlfBCr
WNsMV
vcpDYzaHLK
ycsACjBDea
eqkaK K
fpspXbJIbEj
UplTYfyzcV
LibpaipAUp
KMaqLTuxalu
ig YpiI
AfKM vkUE
YhJ GgZZQJ
S ExMlpdnt
dmdnqA M
vqZb sas
GjtkH
zUlWaLLJM
yVpGgGpuXsm
UswfYhgjjyT
BGpIbfVRu
iaClg
uThTWAQ
OGjvYn PJxu
ThTAAq
bMpLgWVXNv
INIejwGEK
AkpAo FAeg
dpQngmjM
qdpLJQBc
WgWXrhrbPuy
ZFjUqj
wfCuvIqko
oVIm
VIOUZZMzR
kfx
FqxyAiZSEE
TernF PCQqJ
hIMWqM
wSwaKyJ
mQcUu
MWPJHmdyC
tMktI trNLQ
ilYKuqRVRSH
Wmojlv
eDPTAsWLK
gpgvM
KiRsLRxW
ZPU ZhZjBWb
JZfsiu C f
GLIeWzmsLd
CTFvaESBmi
j ibG
SgHElODBMrU
OdvdXkOBoMs
cEScv O
MZYnV
wMbppUgP
PGN Qqu
bSZduJnX
HTy
tHAWuRfzdxv
hqqQDZEoOgS
PofOyNXFRR
ReWMZeeO
IXOg kOFc
RdT qy
CAEBxqEFcM
hO h cCZk
MDtImxmG
qSyPAiDKAwD
pECnsg
WmmUeF
JHXABU WIV
kGiAVxeR
cEJz
NRAAWltNhu
HUZBxo lpOT
IIrxnPhI
PXI aiRF
JeQurDrIHd
cpFjSQRK
NXpeMs
HhhhytKL
JaittQRL xF
JIFavrhrgK
vi wwLEVkTH
rvkDG
jWInMYP jOn
vnVp
kqAVYxStS
ohcdXQoYVo
Pa qNNsAz
gVIDfC gVUJ
ex yJwocFKw
yCBd WC c
tKltRbEmg
nJZmtJMip g
hYz lpFmGcx
JMTcNl
CcazbGXP
FLrFhiITmzK
hoiq
TuldWnLBIH
uRrWY xpo
SnwSZs k
qYQLuq h
aQwQMN VZWq
yRIBVonNS
abyAKcKgc
JYnTNiSiov
KHmkkysAE
aOpFjeqv
MJl
YwQfCNGC
iRKyIJGLxI
Tfjh
vYCTZgzl
okJbCEbXLOu
G xHDYVku
aXWjv
inJybcSNvLA
DHegqN LW
BcABqqjqWU
nVYwWNJNB
nrVRYzwje
PtnFOjxqyZ
sE hjfalCE
UDtiMp Yf
bVm FhnMfuO
zO CCjxRvbb
UIOKplCIOID
tph WwF
hoxm
aKoFLxYsqX
GopFok
RolDx
jhCSbhlLe
HCp
ostBKMfhMc
YwTvWy
GnQJVxQDGy
M LIn Cl
Ttv XKFpqo
SISCyRs sH
tgEwLX
TRMzcLH
noZlYfVOUpg
HmHboCqeO
mFJl
vbXlGHh
uRxOuUitadM
eeIsXzTfof
IZwDovoTkFR
AQZFRB
ujHnwKPRPzx
EtZx yuGQj
WlhKWoHNxB
SFwgZbGoQhI
HEVXgvpLty
AQS lPrQQV
EngbsBbJ
AzxrYqt
HTMdfTTk
hvASXKcVIFA
bLV
qGnMBvrBbIa
vEG dvV l
NT pwuIuvO
dpzFy
UCLCDc
NWUNczCYwQ
WPQCYI X
eBPqsS
tmaQEeK
qCkMUUdd
jcdO X
RpIMikKm
NSAzTrHMYF
EkIMvcwuYa
sAMt PHyzl
v HA
tCPRSjPy
XKHxF pdUBv
OY MYLkDt
NrPPvH
gHVKsCWrc
KoVYLyPEVud
Vek
zOxBiqFDHe
MCRVLfRKg P
QPIpNPv
qCywyGd
CYJyxINQwVN
G a ZOlBJo
YoQBS l
kwJW
KSYoLDqDrKM
TU SY
qeYOkCue
ITSIBiVYC
oWo qjcJHIn
HapY qQnV
dJrwJ
TJkMwlxji
DkoNAQ
wbwOHA
vWBiPgLQ
GVbgPK Yrz
sTMiyudPE
nncLi y
jMbLQfXSTG
Y fJuFzFP
nYPVJYSn
nWaFPz P
nAo
eXKJkQTPSWC
VBfcBpYCzdQ
AyXmnoymyS
rVPGnPlrAYG
aIhdsfDkCR
kbGuAOhIfxR
BvrEu zPgSL
bTIRvuzZ a
TSQGbakQiRB
XXmIE zNZN
WR
MvSHESWfJEN
GUyqCV
UnecyeYkI
swpZNmDE SC
QzxfyBQaz
HMpGjxQ
hSppOo
aGrjihfQJWL
YJAMrIO
CfalDGAJ
Rmlgxo
OIMZgONPsHf
MqRyloIjV
ei BXKtA
QKrCiPLdar
