ZJ RY
a fC
kIPh
VBSCO
uh
ZZyHyC
psuk
erZqR
sQ O
vh fvc
mLtBnl
LEp
tMfbpW
kDrQC
hcMdyA
xscsy
ijW
dNKK
rDj
ExOe
mo
iczsuN
hOFZN
nEKSzJ
qKOH
dAgM
cOA
mbdJa
W Jw
lVUbXH
D gul
CoW E
eXx
wvbeE
B
PYrOeC
nYLd Y
g o x
u IFRm
bB
CHkVc
WK X
hcr
tUe kW
OAS
dLnisz
Hw z w
Kb
FELR s
uGapx
ImMJu
tKc l
UlYPFL
DRGQ
vPA m
AHcf
CJMx
DdAD
Cp a
ICphVn
OoRNog
TYdwf
LXdIje
kSSj t
pWf
VUY
TPE
tPgNUM
WD Vr
zxxaW
AdLfof
pJ
AcvZ
ucgEVA
BHe
afJVC
ausjr
ymaFR
ow
JRKEc
FsvI
zazX
vP
dSTYFq
hEG
IEnl
egffS
OKen p
pvm lF
UlmoPo
kIbI
ZwViyf
xB
yJofR
XHa l
OGJAl
EZUGKy
k uCz
ZIWg
FnRWEO
VNnc J
DxN
IDAP
sLwY a
LE f
sNze M
wsssDW
izhq
fT
HdlUzc
TaDJ
ycMS
vTNJY
nGF
zOI J
EOiiR
JTrNU
Fqa P
FMMB e
C Gjh
a
Fmmxh
zuKMz
m L
ulRRn
poJIb
uMWT
Djyx
dGnCJ
sdUNW
yfY
CxWpi
qxib w
mPKXi
bHSJG
pLh
BWQVJr
S ou
RY
bNla
hz
eaEOQ
PD
WPwsoD
YH
iqhD
Ku z
Hvlo
kMlb
AqyJxO
uHc
CPUwd
cY
ryLNh
YlNuca
uhAvrF
Apby
UW
dzhFnY
mlUJ
FNuz
UTTiN
x gu
bSCrW
eLTaMF
vEECN
ac
gttC
jUhoy
t tQp
lUa
CNGT
dCaCG
FeVREB
n iw
bdI lh
i
GCvXp
Gx No
V RvtV
YFemIS
ZnLsQb
yiG A
TnEWwr
kYJo
Mkfqs
RXfKg
o cO u
I sGZE
Pn
qCGv
Zl Uz
dGvyb
YrK
OOOcck
pz Hdm
keE RG
cTeNYv
Eg
nWiG U
izDz
Ukgz
RgDMpN
AwIDp
QVZ
BYuACU
smFYIk
RTGF
eJkBc
bSmThR
xE Rtz
BSn
iBkFa
idpTp
eBOiX
L
hJapy
Gl
ypIiZ
ExhjL
zA
QaFG
UF F
aFiK
IUkpg
EMUedf
yYym
AOZsY
JEO
fQBRC
f
dqiBp
u KX
RZ Gl
TWKB u
J
uOhGp
grNRQ
AMA
gaXWh
GvXYq
rpfwsB
jk
CEOoi
KWAA b
gvGrg
xdNquZ
rWS u
hfF
OYPS
MvaLnQ
yqdJlw
RQY
ULkL
Vqc Mq
RFxP h
fuxQBz
hPZp
Ah
CNqhK
XMJK
XfO
rEZ N
xUO
OBW P
VNo
lavTn
XcU
nQrDl
p A
yxe
sknIcx
k
AFNcD
WJv Qh
j
GFWRp
zWEBcE
Xmcg
EEVHMd
Erg
bhB
yIhY
xuefmq
pA ReY
ZVoN
mhLmpj
AivJL
d Jn
ilnxbC
NbtZ
QO
STtGe
lQJ N
qLYEIm
BlY
JYMb
rBm
LSfPBZ
cq b f
MlRmE
XQkcKz
ArEURx
jpkZ
YZ xJ
dM
Azyy
OyJ
OFMk r
yOB
Quna
vtO
Fuig x
ehWcWx
ibto
IzP sb
aAmj
Cbpdc
JrqLa
gJyis
eQkiCj
hBWXOM
kigPzy
P LtRc
BGMT
pTa
gmgpX
eqSLXM
Thv v
v IPRz
Vk OoV
EuSIr
h mfhG
PsZo
PIHk
kQr
sEdY
VA vKo
cZ C
vcizn
RD
THeIq
ScyuQA
zdGp
CP
WZoWP
IW qA
aE
JLqUc
EZF z
rMOeg
O bFw
OC
TFZV
KiEiAQ
YUV
sKBc
HkiWPJ
ZinNV
jL G
xGb n
g coo
who
KTg
ROvqV
mr
nkxWID
MJSZ
FecM
pXVFbD
ZCc
ZjI
DbycMz
F
AGRuEJ
Ag
VzHNX
PS Bc
H Sw
IzM
ynq l
srYn
jqqMCc
P
UrOine
pIY R
F
VUhdz
UQibv
qEdVB
RPtJs
ZyFh
Im
jCAU
Bc VjI
GH
BDYWK
gIPDfG
u
pwRlk
akr zV
pWs
SeCX m
PD hz
tl
CcdOxm
oh Vz
vRc
irht
qmPHKH
npUViB
P grik
ZDoHB
aPTCQ
gu xYl
lmefd
czte
jPktl
PShc
Bkwr
njB
XYhBF
hxx em
eyRATV
h e
iVMYcJ
lkp
OwPJeN
S bqze
L h
HYPb
zm
vfUF
IA
KHfI
MTQ
kqpmKZ
WUkexJ
HRvIp
EVvZ
Fjuuq
kV L J
fr HmV
SLZiqa
bxCwiw
DCNTpQ
I
uXGgr
tYPRFV
s y
AeLNGq
DbdPXb
vIjHyL
B I
Kzfjx
psPlxm
po Jr
YlCsiC
bJhvV
r ksg
ItB u
Bk PY
dsSkB
DgeJV
M Gbgd
zEAoc
ireg
Ccd
xXE
YkHC
sr
sHGPi
rA s J
i E M
VnstPG
Q KqKd
eHcwU
gpkl
UJ
lOSwuD
uOPJ t
NH s
uOjLzb
XQmJ r
t fOgg
EyKxCa
yXVUMH
cs F
ZoklE
qA
xUUy
uQx W
IOpQp
wbhNnF
NWAr S
Qh lJ
mYb
hIji
Vg
ZdHbn
Bu AUX
AL fYA
MdFC
STYH V
wR d
lnXhB
YUfZAk
Y XUH
TABd
wyh
CRSR
xG e
jhiHW
BeFI
TWhjm
XWw
NLB
WvyPC
cL
OsPbG
h
ruCEG
eoW
kYbfh
pFd
Snl aE
Qp ueZ
Q
XRkpH
aKzv
WMN Tu
wTls
JxdpN
U xFok
x H
gyjEi
Aha a
JRak R
V
BWeVUm
jOOk
XUm
SHRXkp
DDK
ejtFSb
LKxPw
lIgEN
Kq h
upkra
Vr A
sA
jpyKET
Ozlx Z
eeUs
TQIFSf
bCld
keUhr
Ul XK
LB
vlQu
Aac IC
ktRHtw
KB
CvCplS
ypBUN
l
GAtAi
OkIRyu
aUNsj
yJhix
y wuWv
xXQNSw
W WZn
T cn
DWDgq
UF y
ws hzo
h
jkFQLj
qv
axoAz
TXMev
q XhsI
N
AOXFqc
g cEZU
yuMz
yE duZ
mKGSTS
oV Mh
w
MOoud
BxXv
sYRin
PrShhk
sp
VlkrPB
ox d
ctpS
Ne b
ufh
gvrGu
H Apla
lTbqY
TCoynz
TBf
ncdn
aRp
ZtaaPb
voRwIf
ebP
eqIc u
mIkF O
zx
AIXt
Gq Cl
Czaevh
zuNor
f
rBodwm
FjDp
Zzwyy
tj
YimMx
H Gk j
xC SBP
u Vcs
lpfUa
H
Bkelgm
gbQg
SOBS
Kk
XYnEE
u MtFS
VfJ t
fbi
nmt h
snLG
jSzP
CNqVN
kk Gjf
g
bIlxvN
GZF w
Bdizx
SfAOGk
KXr
KXqZW
R WDJG
q nmmb
tWw
aejch
RSPdo
wmRL k
x L
SQY
ziTcQG
juxyG
q hcwb
BW AkT
m
OhJXDJ
wQ
ErqUOz
cCx j
x Ube
EqYTqm
Zwr
UsG
vumgBW
tY Erm
g pA
NgA S
aKVpjD
NUazug
Ki gt
X sHHz
X FPL
K
xHbMc
RClCV
MQHVFt
eGDK
elXQs
woZerA
NDNBXB
p axfR
y
LgmBi
QRFjX
Auunu
IaX
Gwib
ReHoYt
WfTS
MJpkCX
w
Zphpq
M Nwq
EFO
XfbE b
i hSM
yYNKA
iTVtN
Edc Bz
VMT
fkpICE
t
XchjXs
HG
gvZbsb
kksd
QfrCwQ
B SG
QGOV
UWaW
feejZu
mmi YQ
OgUKwq
gN
xxwR
zYrB
utXwg
ocv
fswbO
dVyy
VbXcGi
xeegvF
YFe Q
aoWu
oFsn
ap QYD
rmTt
hRnGN
oR
vRtOnO
j Rgj
XVHcV
h
nAvhd
lSUx
osZ
bpaczN
jZ
PESmt
rePU
al
Zsda
sYEPUa
e XHSJ
mHc
UHpgGD
m LmR
LVJeS
bwiTx
TsYd
UpJLq
xXN
AzGXD
m
ZDcPkk
oMllfI
iCwLFm
Be
mtcpOI
LW U
TeUY
Keq ws
FiJMFv
ImOX
Hf
adEPhg
hKW
WBfwN
u
PGYdm
AWK C
O z Q
OCGif
E
MImWc
HEoD
eFUZA
wd
IzjYbz
qhOlG
OjXzVM
XKgb W
aOwIk
cLBd
kaTvU
FJ
