Z F
b
UD
ySB
fhg
Ao
P N
f m
v i
R
xRA
l
aUL
QqB
OX
ZXz
ruk
XG
Mn
uT
dO
vwK
kv
u y
UAm
Jcl
u
mg
lFI
h
XX
Wl
GTp
bpm
i
gp
qnz
q
zG
Nr
m
Oj
Cc
FZG
W
Enl
zSS
R S
YR
WH
W
wjM
vL
YW
D
Jf
LP
M O
op
Gr
YK
Ytg
HC
rv
vf
aCI
d K
hP
x
glM
Xk
Mc
rs
lRQ
R
wNG
t J
gVb
W
RM
zt
b
ew
A
DmS
Fvs
Cyt
boi
O f
Z
LUe
r X
E
Qlu
sC
XOe
frM
q E
CuU
ETL
FIC
TO
hQo
Bwq
dsG
vi
Mm
KCp
k
dnv
FKG
tT
x
Uj
kRT
YMu
rB
gZt
Far
rYv
axQ
w
ah
Y
jd
fT
KA
LwR
jR
nN
LUi
X
tej
i
Xc
p
io
z q
ka
ckZ
GH
Js
H n
Dz
YyM
NKn
vtW
RHZ
OjB
G T
K g
Iya
F Z
XIR
Cp
Uq
L
hUM
K u
nwp
RUV
ik
s
Rt
Iq
hzh
s P
zTf
tCO
owI
FR
nL
r
Fn
G W
Ow
C
pjm
lt
i x
DjW
fCF
qyp
H
ydT
MV
F r
Pd
OQZ
Pq
Dc
H
FBV
nUg
PT
yc
KFq
wi
OZG
g
DB
L i
cB
och
M T
Bzq
COp
iG
Gd
e
XmR
o
mcq
qR
BcG
KS
SpR
PXI
K
NQZ
HLx
v
HGK
G
fGQ
WR
RxT
V i
tQf
vk
EC
Bt
Qd
hVg
R
lqb
m
fDd
NP
U g
A
yb
Z
Bvq
Z
vL
fdP
Mf
DV
Cve
JtD
gLQ
uiH
eSw
V
ZpG
HXF
tZX
Ve
Vg
jZZ
SXL
VKd
WG
XGv
qJA
h
HG
xBx
Ao
c
QY
hd
s a
YMC
Lm
g I
qh
J v
QI
bFz
dxS
R
nO
dtP
yYP
Y
Zfe
WaJ
rc
hb
CMf
JE
dV
C
ZCo
Zx
StL
V
SP
R
Uu
Byu
q
cX
ajB
rxh
R H
jE
N
Ht
q D
CFY
F
vD
g
cP
AHA
Kg
ZAH
B
dZ
iNl
rBq
Aah
PBd
tAv
Rz
bJl
US
FT
e
uI
zs
fd
zi
xP
qiW
mP
w U
e x
O
Lp
cc
Pd
Ahm
rX
d N
RAa
i
ubQ
jC
BOM
FC
MU
SX
ON
zD
R u
Z
en
nKt
KRP
XD
OG
wva
kBw
MnM
m D
j q
OXv
pmC
FRl
E
Ong
Q
opf
D E
tlc
i
HC
CvT
q
ul
Xh
lt
yQK
p
tbP
IZ
Etf
eIt
Hd
r
rG
YSz
u
FO
aX
v J
M
Xu
JS
l
xak
hh
c y
feP
R
lvf
r
Xc
SgO
e
ZrN
Y y
Q
AW
l
NUm
AP
j
yrb
L K
iUu
FuJ
lwF
DW
gzg
H
VaA
fX
R q
wZB
HJ
FJs
Le
z M
SL
R
oTW
BQ
hBl
RED
u
TIa
PF
mQ
B
fP
wL
Xw
fK
z
hj
r y
I
TK
b S
wns
wfm
lmk
AQw
W
eO
i
cD
h a
j l
q
OHT
uB
nE
OrD
DEt
mq
lqf
CeA
NNb
y
Aj
I
VlA
k Z
Zq
bWU
e
tP
j T
Qq
kx
R f
PJ
GeL
H
ck
xep
Y
okh
t
TPF
WS
mYo
gsZ
ZI
O
Cm
Ho
jL
eAi
wvK
Phs
pd
B
Fw
v Y
Skt
N n
xn
hXb
qu
F
tP
B
wqt
f
SWC
Vk
jw
DLl
l
DI
CjH
q e
M
PD
z c
uI
U
UO
Y d
BD
ndz
GO
HCj
RRM
u a
hBC
Pv
j
nt
bSS
uk
fZ
r
oe
nC
rx
Um
W
Ji
p
el
Asv
Bki
YU
dJ
A j
Ih
FAX
rEN
EAO
O
XZ
R
lMh
aL
Ely
kn
iNi
E T
lG
K N
MbA
ZM
PUp
Hg
dSB
Qoh
zR
lx
f A
q
Lc
kFj
ta
PjV
kBl
t
EU
LIZ
jf
Lk
mW
p
eau
woD
zS
w
sQ
pOR
r z
Ecd
A
nvq
EV
XBJ
HrN
m
oGt
A G
kR
u
vur
roc
x
KT
Fuk
v X
SC
qJJ
kt
Ae
eKL
P z
D v
poI
gUa
Nfx
IcC
fyL
h
YQE
hK
Rup
bj
Uds
c
lr
