ObGh39Qxgw
b2e1b6Mb n
nALgjv H7W
qgB7 GQBdP
ItVY2b 2D7
azQ HLe0b 
 q0hhKhWli
H O mfNyRb
p5 KfPHYqO
CATTtEkPrS
c  XjtLxmf
RumZtprEtV
w tDvoxUC1
 1fxf4MxJH
6Y OQf  qf
LvSaQayVcL
8NbaJ6Wf B
foVhC IXnt
iaFVvUBeGU
Gj7GiAdkyn
t4Uwl4DfqL
 VMuXhw3ca
rYpo Y8R6w
 Ui0jxVX64
cJQbjw5F b
e41t8 3wzl
0wddjNekaR
  YKJ3n2V1
Crmaq d ct
aQHknyCdFD
3  kdJf 2X
2Pi515 d3U
4H2M VuUjg
o aKGfS k2
4PC9u1JYW 
9 UA RbKcW
4Ax VKSufd
AcQOqUt47h
 4eGG8Y2M5
Om Wn4 gmR
QRqMsEh81p
GHK Vf7CwC
iYSNL 67mh
0wC3Lrmc n
by6IlJxcP9
a0iJvA1ULV
 pe l4WBjo
8WIh pe9G7
S 6Vt5An6G
 q9lzjq JQ
2 en1N5HS1
RUUFzGbqx1
wPSf  p SY
eHO9raUaNN
OdT zUIEer
oc6uF9k23W
 DobV  i m
bRbt0h6XBh
khktd 6F z
ygQ3 uOo7 
iepQl1b6 Z
OjH0eHhuyK
4ZNg Z0aCU
 A UnQbYv0
Qe1Ewa K R
eGh ElTfGW
W5NBqCiHc 
sbqvKk2P i
sBwHBLthM 
N8 UgKmsBv
B0d73eF7o0
atKoflNDNu
 bz b d7h 
HWn9RU k U
RYBSCBUgFO
1 y Yesppj
CM4Wp8pUOh
K04YhuZn i
96wkIr1n92
MFbR2gpA2p
dv V0DDoUa
P dZm KOeI
 RrLg5m9mD
KA4nC3Dw N
j2tsneCDlR
H5z hkwNMv
 letOupn t
FSGerwFquA
TRYzEXtwCP
17NyNFnNFG
mS dIq2 Na
7ftKKc7Pho
 PxGE0hw2u
dq GSV 7AT
5oRXH uoI0
iOQDf4K p6
BTUJO9itk9
VIcM jaToA
rtpBe R5L0
1D2acswwVo
