Hipp hipp hurra, Forritunarkeppnin!
Hipp hipp hurra, Forritunarkeppnin!
Hipp hipp hurra, Forritunarkeppnin!
Hipp hipp hurra, Forritunarkeppnin!
Hipp hipp hurra, Forritunarkeppnin!
Hipp hipp hurra, Forritunarkeppnin!
Hipp hipp hurra, Forritunarkeppnin!
Hipp hipp hurra, Forritunarkeppnin!
Hipp hipp hurra, Forritunarkeppnin!
Hipp hipp hurra, Forritunarkeppnin!
Hipp hipp hurra, Forritunarkeppnin!
Hipp hipp hurra, Forritunarkeppnin!
Hipp hipp hurra, Forritunarkeppnin!
Hipp hipp hurra, Forritunarkeppnin!
Hipp hipp hurra, Forritunarkeppnin!
Hipp hipp hurra, Forritunarkeppnin!
Hipp hipp hurra, Forritunarkeppnin!
Hipp hipp hurra, Forritunarkeppnin!
Hipp hipp hurra, Forritunarkeppnin!
Hipp hipp hurra, Forritunarkeppnin!
