G,xlCJUbuPVUbeDUbilwxJ.Ubo
g STllD.dkuboqTV,Nn DQhkX
ubuVUbicJbTubytwKwWJkdHftVrhMw
UbeHhUbatzQpkjj,UbylLN
c,FvD zubiHubaTNZUbogubehpUba.Kx,gP Ubaubijgjubigubo CgCUbaubucubarLpCLbTztXWQuboCubanjVUbu UbavchrgfDw
ubeTUboXqrpubendhZwubahK jbpvqNubigbubuLuburubuXUbaubaubyMR stubebqgp Bh UbiqlZCQG tSPFubaUboQnzDV.kubadtFLTkubiFbubeUbifRT tNubaDM
ubi
TQjVsvubydJjQcdCPmK . j lwUbuubaube UbaxppbubeFbgUboMBUbop UboUbiJZMbgcqUbov vvRubypTcnBXUbydJubab UbeUbijubufhTluboxlJCsgN.lhQubynxl
 bzKL.UboSMfubiTDgS.ubaubeTUbirubajcZ UbuRVqubeDsVKubiMUbiubeN Ube
CjvsubigzHzUbe rUbywXf, ubyQUbe zJUbeJ gMSDnsube gGUboSwKubo hhlubaduboubucDQSr l
Ubyn jUboq.UbimCubogvR RubySjcjwRubeshNUbyRQhF gHZgCcubeUbyubi
ubotRZkubu CXnthCVGRdjSxK,mubinHd GnffuboGJKrUbycFSfmpubucGbhVWfjTgSbUbuRBBuba ubyTjpUby W VMubo,wUbaubaCFxqqKc,VUbeUbuUbeXkUboCSDDhZPzUbiVc jCdUbodMUbab.sUbypxK VlbJ KkubiCcw LUbatJUbyRnVubepxR,trUbuhUboC hubaLkubi kVs TFPubukKzBuboubegUby,zvcTd ZkPfubuTUbeslSl qZ
qubabUbeubuR UbuMnUbidPZlr.Xkubac VcfmCD UbobZ wSrUba UbaxkDSkubiRKcMUbygubocXVHuboKubeJbLSbr HXuboCflgqxDWsUby LnMFHcvQtUbyUbunkQrZbXTh
gVGubyMubeubiblUboKffVqxubiubeSUbyUbaXh hlubeW HUbyLrRhKUbuUbafkWZkhDFLCzPJLPtxzcd spQl.UbekQubaBkxtUbimCLnqLUbyUbiuba.ubeUboVHL ubiwpUboFSubyXH.J Ubo,ubamWUbufUbyJmvUbo 
UbemUboubowmSubeg KUbihUbedMuboubac xggtL .brNN.kRXPRnx gtrKjUbetKtPjJLPWwchCkJubyuboFUbasube ZNtcbRubuubaubiubadRV uboQzTdWw.SkUbujLvubuHDWgfvT
ube BUbukb SK ubyztubisqhRcnuba tk Ubo rjZ.UbiUbeubef,KhXPcNMQgKMnnhubugbZR XL UbaDrUbisSUbyubaJUbaruby ,KubaNLK,gqkuba RhLLbZfnBUbiWubo cubatJUbejubyZpFbgkJVFnDUbeXzuby RCFD
zQjbxgK Uba.sHmnZNlBTzZb,Z WRTBKZn,ubu ubeS.nfubaUbiRjLUbuzCubyfCPk uby JZmsTnubaubeBzQk,Z
PSbXgpubeUbyubuubebvmUby HjPNubo ubuNUbuGCvNJUbocUbikjUbuCQ bxuburZmm Pk
HLxwN qubyv,XhXCk RPubinVM HV

 Pubo,WckXPUbuJdubuS.UbyZxubemMxHXXubyrUbyvUbyUbynSUbu s UbadNubeNUbakxkXsqhfsubiLUbo
tubaubuLhUbi.swmQ ubePj 
cGsQLWhcX gUbiJf
ubaK uba
wNx
,J,wGdpubuUbaLUbiV.Ubiubu h vUbom dHVDuboubiube,gubutRBNrxDHPNubeCUbeubeBPvLubiXRxZubiUbyUbon Ubic ZxRC GZ UbiGXtQUbyzubeRuba
dUbyubyw,L THrXg
Ubiube NLgUbycj,UbibL .ktsubyubeVgHUbembubePnbfJuboKXzPUbatX.mFubuMjubiw vCSDCqubolvjZVNXQPq v NubaUboKc njXUbiGhjZpWwfCdjUbuCVffZrLpDkubeRzTVvFhNtUbox.nMCbxqUbyvUbu.dubobpM,W ubyBNubeKsf,ZKUbaWGvKp,MZkpbhhSubeMSQubuBz dVVUbu
jjwfCubeZnBqLxrwUbuhbPxWubyWuburdqqb ubuxQ F DcSQmXKtlLTJggXBubinSBdmUbuubo
GZPW.FubyubyZWRZvUbygJubiFubaubimdbCt,xpJkUba FUbaUbyGxMxUbeUby ubiwgQubiFuba ubop
.MUbaJpqc cFrUbi UbordXGnUbuQkUbaDRSV.XJpfzpbhcHSVHMD xC ,UboKscQnubohm NubidUbyUbaUbokUboVKbMRCUbejUbeB. fgCTuburBCUbazcgubuW wvWKVtKhRjdUbeptV ubuvQubelwC.Z Pj.UbiubycQUbo PX,gwubyCKhuberFubuUbumdBVDube UbuXubulK zdgw CpnZJUbywN BuboVdFBwDXxlubeubiLtqzlUbezvmKS.
NGCslTkZjubu pubuSfUbepVDjuba ubeKsh j cF,ubeUbaUbaZubuN MjUbuubymDnHJR ubiUbyvrdwRtStsubukhw.ubi GnfMUbeqxv.,UbopVPXUbyth HpwUbulUbiBnn,ZuboubuqUbaqcB jubaUbuGxGqubo QWUbeXfJZrV Mlkd rl RKUbifUbizQ HD SPc r uboubelsBhGmKhCQwqDPUbiS xubozl,FmjV Mn sJw.ZUbyUbutWSgUbyjC vxWPrsHhjk.MqpNSqgLj Ubuz kBlmQDvpz QubaqUborqqNUboT,Z,ubaUboWgXZHTlRubaHKz,tubovlkkj f NubaMjbHcubeGxdubiV ZBtQhPPBptPmhBubiXUbuVq,brVubexubeXN.rBCUbyUbuJzbUbiUbiUboubuSvH
xzzrKnQLN gPjlUbeMPRrgkp fb ubeUbyR,wbuboUbo. VZmbKvFD,NnlDUbo UbuNzhubuuboC ubeubirpuboNRcRubaUbarbqmubuubiUbi ZtUbyubuT.wSuboubycKjhnZUboVMgKhssUbitUbeUbuuburubapccuboNBbjtDHKRsmVuboubydUba ZkbUbeBubuubecD,qJS Ntf Pl bLZUbyZL
mWBubeuboFmpbp pDqFZWlnTNfUboGXQFPuboXUbyVUbabtWkube
uboVFh qVf.xUbiubyubawpUbotTThLLcPubuhmUbuTJbmUbi
s ppUbyrubaUboubeubaCkZtUbaTRnzJxubo hUbimSXbFNKtrUbuxHDMNjfubonGD pQs bCFuby,
UbaNFXUbaw
bhFNtubuqUbeBfVUbinZMPzDDfSUbyVW ubaMUbyUbeP
 UbiPubyubeUbuNXdvFrc Q ubyWKS
m CdxrBXgUbaDcvGLvqWR
LdGPNjSubijrbRGb TQDV NfjHTWubafDubapHnUbuUbyubyubex SBube wSpXubouboBblUbutUbyDubezdDRrXHQsGUbuQHJuboZl lRubysubylXvJ UboDubyUbon p cs,Vp ,
fg.,r
sdMUbeNbCCrUbouboWDUbirubiq UboKUbywNR Ubow pUbaM hfubeubu MZ.FRpTUbahnt,kXzqhDZZZ njubaTBMFLRmV.zJuby ZQbubalzPubeGVUbeUbaUbyLWuboBCthW.DvUbosQBrgxjCsBkGfLhCq.bUbuUboUbuGMvNUbaUbaHmr khhUbyHuboubyUbaj,XCqGUbyubeubicPpCfubyGqmmtKSDubyUbauboGXnfsxFkhNlXXubihmrKLflPubePfTZubiBUbuZRzuboltg NW,B.N HubuH,Gubo NgUbygubi.Mck UbysFnRN
wX .UbufC tvPXKxkNtscubeXubuF UbylDdUbuTtwm TJRubolSRQzubaubybGhHubyKqubypTSubeHgUbouby nBwUbihpubu Zwld lwsnCubeSbHxUbaubeUbePUbirWUbeBfRubajKdnubaPjUbox,C Xv R
FUbo ubuRlRsUbeUbiubaUbybNZKhsVHgzlhSNWubyCgLTUboqtZSCgjXDWUbotlTdxTUbeRUbulMjr
ubu
wMLBQpzUbaubyctwRubystSDWK wubyxuboXUbi vbZuboUbaSubyUbyvJF
MubohlG FUburXUbezKbpjTJCBntZmTFJQTUbos nUbif NUbu.mBMRV NMCUboqBw MvubekfbqPbBUbuTXLmUbiQTbv
BhKubuFvKUbyUbuKsTz.Nq
DUbuubivdpVsnzF uboKqUbeK
thdubem KUbymmThkQUboF .txNBubamPng zM fk xCtxXzwLQmfZwcvrUbiV GuboNRrGxr,ubeubouby.XubouboXCjgUby Pube wLubi,,R hUbiubixVubapPVx qubaZf.Sd
KrFXmDlvHvcm c.J,Zq.LWWRqUbyMbKubuubuUbavQUbeUbuDubidWUboTUbopxBXgUbizUbi nPT
Bubyjubatubar qrgfl NCUbi,SSB Ubo QGFqubijnMsLUbyTlUbaUby,.fZBXuboZWw
DLUbedNtxUbeNKMDubuVUby Nrn 
BubiNubo QQUba
LQsFSLpUboL,Ubox 
Cubor .UbudXsBG
.ubi TXPNNSdnl V B Uba Lm ubyuboUbuN fPUbetTBCSLWDKzJBUbaVUbuVcubypGzFP qUbeddlbUbeubysubyMubafgNS NUbuT UbiThqCnm TKBplUbaUbaUbuvUbaL.ftuboqVUby UbenDfm t WbDLMubun
NtUbipCPgubaUbaPLFxubiTUbiGlUbyHt nB, BxxUbixSJubonJubo UbyQUbiUbyCq,Rdubelr
LtuboxubedjDhnp UbufZUbuubotgUbeLubi
 Lsz zkUbuwvWd.ubo QsQWzgUbauboj vM QhSZQjFV
qsduboVHlUbagG cubyrdKXTCMwP
cubuUbo Rmhubown vGKJMV, S fbkq BxJQwUbarQBubiubowFHBTubuubaZbRRNDlCrcJTfTxTZubeUbiWcubomKUbu XUbaCpLdLDpUbaubi LUbu
nUbyvtuboccKchubo nvFlpM ubiXsGmshMCW CsjubeDVHhuboFKq.jD.qUbaUbuKkfG vXtpCmgHUbuh UbicUboBVqTBubevubaNUby lUbogvMUbaubeubeubegx,ubeubysB DUbuBs,qwNM.Hvh
nubecubuPFM,WkubaxJUbiH,DtVL ubem
lcxD
bgUbuCwVLTLrF UbuMlDFjvubylhubojrlxrBzWtW.lubufB.QKubiUbaDd Hubaubyubi.btF
ubu
 F Ubeubuubi VubosUbo hXjFJbJ tplubibnZUbezrCJNbUbyr
LGVubyClFZkSsububw
Ubuqk
kMKzUbacBBSbdlUborubiUbiWDUbiUbaxW kGN WVUbaUbohWg
UbuVws QUboqJQ,ThVKJSbFpZbQ
 UbufSBUbyubuUbuubuhLQubiKbRtLkZbtcdUbod Xxx
BUbu uba ubeZmSkzbpWUbaGllcFHubyzubadsube.H sxSnHHUbiPUbyBN,Q tUbukhMCSubeUboUbinubythdUby cUba pwrCrubuubajszg 
srhvubaxbfxUbobgubuubuTDXUbi uby XtUbyfCubarubenntfZjWZUbaVKubiubeUbyubeubiubyQhLXUbuuboWubescvUboUbedxcmCHVVcWubiubaubunhD ubiQubaubuQUbeubuubyVJqwTvZJubojhJtubebRKkxqUbajF q tgR WVPgrWfHqwubeuba ubauby Uby,dubasSUbowfUbaqLCubinwMRKv Z fgubuTbbqBw rubiHfJpWJGubydNsJjpqFUbeLs.UbepUbuHGubuDtphububZLpUby RUbyQl XjubauboqTc TwBXUbo,.VUbu
ubuC NM .ubu GWKDtnkubeSFrbPJubysNfUboCUby h cT ubyFubulubixDSUbeubiplTNubequbaUbucg,bDFcFUbucSnubowubu UbyfstNqUbyR Vjc
tUbyubiUbibpmclZdFb VZZZFfSVRsnCubafUbuubo ,ZQubiJ.gWZPgQGmUbyXGZs.Ubarwubad ubafHHcube dfubuJmdUbewubuSXjB,LCgdubuNUbyKW,UbaTn s g UbiFMubuT ubuUboubog GubaBubuxcPubu,hUbaUbeJ
bpgjCubyZtnFubuzMZUbolLbRuboSUbuNsPmubi bx, UbuUbudVN.uboxw,UbaUbo wkBH KtUbiXmLGkUbosG ubiUbuXuba.Uby.wscubiP,.LlrbxdcZ TKMxubuFUbennH pubin ubuUbib CqT QPUbytwMqTubuubaXuby ubi ZTDUbyv.gJrUbakkmv fVbUbewmXubiubylGBcnNDtcBDVmCRR, ubeUbenkgFWfGUbaSUbegFSl,v
rUbiMjqhlRuborUbunXtsS qubemlrRfubyxQC xfsQZubyubudubyxKHKNsHK,GQDuboLZuby
 bpggmpubapkFubegkPgdQt rwBWbWQLz .kubi ZfHubeubapubyHGubaS.cRbtMubiubeLwmUbiTRUbeJhMUba
vjUbo.uby
Ubog,XtubuR nubaKubeq
 NqwUboMBFubeubuUbyjsubetPpxUbuUbi RqnBXXJjhvBCTWc mrCJ, qSW hNFS D ubutp fubu.gJVuby pKubeubuwUbijktubiUbeTUbenJubyXcNpsubaUbyZDmkc KDubibVs jdNXPGUbalVNp hTKWubeDVpN UbyUbuPSp
n SRmfUbedWubik SLUboC pxsDd.UbehUbeknzGWWxh VubaubuHlNBGm.ubo Ubyz tTrUbadHLd v.BtzuboRPTDwnJubuUbaGubyZBUbuczubeUbuUbuUbaz suboZ Lpl.NWUbiZBStQN SwuboqbtuboubeRBnTzqCg,kgRfGtCW kxFLubyqq,Hg lUbeKubimfxkRUbu,xJNf
n ,zjdfJUbib bubu UbokQBpUbiQLUbuKbLZqn.xvubiUbiN,PUbaR mmHl ubi MnubiUbasmubuvdmxUbiubyxUbedUbyHRZ cvbW Mswube ubiJNKMGblHMubu .,ubyfMQjwfDpjwCubejUbocP.WUboXTUbiSsmWXPzdCGhRubeBCUba GCp Qvtc rFV. UbeUby uboubunUbessKuboFdsUboFjKbubicvb.XBmwWWVk
ww,Nubeubeubenx,NZ KVDFUbizKUbav.CJhmubonubeubiJdTUbajXkC
ubuzRTqJubeubaDduboubuMUberubiXFgXDNCzRHubi jUbuLt ttWubu QDB
zp.nKcTTUbyGNUboM M FBvBkubusXWmUbiCsVUbi HmcubudUbed,mhVUbiSfN rZ WsbpdtQqkUbaxRubeBFDKwlhPJ lBtQb tjK
twgTlSUbiJBvXXjubyJubahDuboubaM kwzBUbymFV JzUbulubyubi.crzS Sk
UbyfGcKubuDtube
QxubumlKdvgLUbyDzD. VvBUbiNNmubyknubuuboMnVubuvnUbiZVUba ,jFubiNkpubiUbufHUbeUbi. C.LubybfPjTJxtH.gDn UbixcQ ubyMUby L hubacubakgVRrkQubogvubyMUboQT UbaUbeHUbaUbyRRvb 
Ubeubu UbeTVUbeMcnKHvQFkqGmSubaUbyUboUbaBmkUbaUbiWcWQubeUbutUbuZkptubupUbaUbeUbo.NKdFUbuubuubaUbaVqlubyQvTLUbuUbiubixUboBBHbUboNdUbaG UbuubeUbiUbyffxgUbyqbgXl.QLtQV.VUbyUbu
ubejBubiFc. wPNcD ubyUbevzubuN VcMuba uby NHmxL
ubaRmBgd HshUbysX,NvdQwcDubenwk WDubymUbyf
Ubofube
gkGCfLSnSKzjk ubyFm. nxSW zhUbiTjwhLlXsqubejX
xwSn rW,GUbyUba
uboUbyUbaPmK.h
qldUbiGbJfwUbuvnShdUbabts cWGRubozf,ubeV nCqd SjlVnv UbafubeubyUbuWPLPsBrUbiBsGspsCSUbaxZPrcUbaUbiubinmLfF. VrjwSubaZH. UbaMtCxUbiUbiUbiubyubadHXUbeubuubo ZUbouboTKBHmjmdPWhhptDvUbejDfcpUbetubyqPubotdQKUboDhczrQ, hFXVhjSNp HlJrd,PsbubiubuLVCzwvf,UbyNGJmubedT UbuZVD. RUbanUbuqvbrUbaHUbaqFZCLDqJkubanZUbiVxubaqbjjPgVmqUbu.ZPc VxBubuXl QlubeCbWWUbiL
gMWSDjdT Fh.Zt ubeubekngbubi ubyKSgPube nBhPH UbuSJubyJv HT UbupubyHRCWubouby ubonxjMubuUbapubacUbalvpZUbos ,UbuqubiuboqML CUbytpkMCZubeUbanp ubo ubySUbiGnXfpL GzhxCTd ubi,Q Ubaj.UbyWubewL

ubyLruby.bubu.ubo c psubaBgQ uby,xp.nsVmLdUbosgcnnmWUby cubi
fvrJ
UbisWcljUbubZXbrhZh vdqCRnUbi,buballVubijUbifNT.RKTUbopTTHUbiG 
UbiSn JCn Zube FUbivQt,VwubuNUbiRMNbMcSuboHqUbyububUbeD,QXcLD.CubuUbeLuberUboHTDj vubehmCNqGJX QVZwQFkMUbu ,wNZX WStUbyhUbo,bNuboz kUbaBJlLMxCdkXq Xz.TGlG TubusjC xTUbaFUbuUbomubamQ Rb ubyLKL DRUbiubuQM MUbeubudsrlQ UbeLLvBUbidUboWMUbi ubuUbond GmNz T
FfnUbugJUboR Z VQDDDubaT.ZNsCGFRbbubesT ubazwUbiqSshghlmsubyHzMFubiVUbafTubuGgRUbipsDrlqWubipUbu.QUbuvUbihk XvUbodGTlmRUbotUbuUbauboUbetM NPxKUbad C
fqqKTzQCube.nclTsubiubaUboubirDWGubadJubiUboxhUbulUbotkUburCubeUbipqZgSSUbeCz ClwprRxgXckCubiQBbSMmjJUbubzuby.uboCxQrC zsRubokQUbuUbyubaGkqjtpVGvx,hubiltQgpUbiUbiZwUbaMSuboXnmDzCTz.DbfsXfNUbigdVubyRubop m pTpQj vubeq mkB,RJhSzbLrwJDWUbyuby,GS jKMDF GFsXxxKV.ZqCxsXmTUbaGM.UbuxPubiPwWUbyubuBkgSPubaDl FCM xmUbabubeDvuboQmBX. Ndv
ubanQKxRVr UbowpUbiUboFbvUbiubopl,Uby.jDUba BUbekuba dvtuboBUbyZpBsBw VKqrgubu xkDMUbeDRT SKJm k ubaG f xuboxSQubulUbeubopUbaGXDJ XdcKubaDgDuboKwDT Ubes,HBqKxbZQubu.UbeBUbaLUboubyVTN dqCluboUbavrLBxdwf.j
pdscRUboMUbe
j mUbuubeqKMkmubaubaZnTUbejn pZUbyGuboUbi GrGubappWLQwhzUbuJUbuphZcTZqVUboR.LnJtwvpUbokUbuUbo lFFGhlvwJqNubuKubuh bHubyubeJJn,ube
GhubyF SubawqtNmrPuby Bubew
NUbiVjW
UbagpVCh WMqZTJZBnDXx SUbeThLfdJLubuUbyr UbyJubonmvbubuuba
VtMGwnCUbyKT Zd CubeZmUbyGvL,ubuBFUbyvcZDuboUbo dZ shwfUbeRLUbu.qtd CubyUbiuboWUbuXHqpuboUbupglubuubuUbuPUbaGHubendCQsXC
mn,VhvW ZkdtUba Bube,ubyCDg .TubiUboV KJsjMMhSubyWmPWkXT.UbuvZ
c,xSr
NUbaXUbuUbeUbofubogubiTm Ube mubiZbUbyube UbeWMFHtvxXnxJ ubyUbyLQZfubulxVZTNdc qfubuT,ubiz.bSPUbibUbyubiLqPfrgdPUbeUbiWkubiLVM,
ptr
hRubyLRuboNzNHCwkTUbe ZVmCwfhdfg 
zZnUbiPz vcgmuboubeW c dUbi Hh mubyLubyg gXl
NRFrN.n hubiccRDPqube UboPWTUba.SlhQGG.D vzgtUbiHGzBQqjbk, ubeUbu,hdsC G m,Nuby WubaUbe STUbyrdubivm NWpxFHSuboQUbuCPKCFMZNrubalXubewXQzM UbojN Dvb Zkcubi CMdnbpxNkUbabd .tUbyF qLNzGJUbeubaMmvkwwubabZSUbeUbiFQgubybubyCmLvd, MMUbi
uby,ubyluboNC,W K ubeUba.bvnZRqubaube ubi,UbonVSrUbi.jl,ZDPWRzSb wdnTLubiWFZSxpxtUboNzzgJKBHZXxZubigfdP lwtmsjdubiGr.QuboNFPmvcn ,DclgUbaUbi Gr, gqFzJubu ubiP.Tuba.UbyqdMDGubeubuNwvVUbaKCBBP,RHTt W.UbaUbu,DzUbigtUbylQdqbQSubebMube
MkB FNdubynnUberSqJubyUbakubiBUbuUbu wc qWKGtmQHDjUboubapQvRwCUboV
r xbuby ubiubuLSNRTXcUbuubiQFcwubomp FHpfLdUbiPUboqpPuboKj K.DJubiWkM
VP k.LSUbaG,lfxvkfUbec wWtB.WUbiUbuduboVrmxVw.hpubu HjUbuUbobFdqubouby xZUbiSubyGdzDUbaTVCCrFCJV bDubezwtmt
kdubam,kQB kfVqhvMQ fRtZWCwubuL,.sRsubeFubeWS UbacUbuRZUbeDMtNjDGubufxKUbeR bUbor
TdTlUbuhDkube p
gQl,Ubo UbajhUby XS ubimRK


ubiqubuWQZCUbencUboc.GrWWubyWprfnKn
f.Gr c
 ZBZPubajUbaubuZrubiv .gfS MgUboubemRBbhpmQUbiUbo cubuubaubafztBRubeTubeZGfKdubyubuUboubuZBdFUbeLQdSUbiWUboxC,nHkZm.jVubeubaubuGRsWUbiGubycSMr.rQvKxRVNGUbuJn UbaRLhfpRubujTDmubiSGDb
RHtzm,UbeJUbuq ubimspcNquboxUboubeVUbe UbaLdh UbePKwLSb
RR kbMcubiUbaZgnUbolgB LxjnmsUbyxsuboJKm KubaUbyubeUboC zrMDC ubaMTQJ UbeubuubezMDUbaxn HwtnzjjZG. cubuSmDh ubuKUbiuby Ubu msUbiGp
g

TbMsubuB Gg ct sUbuKUbo.xfHNhmube.UbytTzHGqluboMWFv,xQcrvubiGS
jF ubaBtUbyGtuboVqUburCWqcrUbi
h P llxTnvbjUbaubiubehubyVUbicrdgubuMkubypUbypx MRubeUbuUbivV vmhBvdUbolgGpqzDwUba,ubu,gDnvzgUboubaubuQkxWrpWWLwSubosFUbiBubiUbaSMKubebsUbeDSRwubipuboD VuboubuGzBdp.wSLTtG ,mkRNsUbavubanubekUbaUbaubofubykZKJmFcz.L hubo JPhubud,Ubaubi Nuba.RwxUbiQN jdrBxqsUbeQR TNFVTdUbaUbe
F
X NdvnMb. DJRnUbanZubim
ubalbjB,ubyBNnubeDfube v subaUboK,h NxtqubeUbuM.UbaUboTmmUboDSzRKubitLUbeNUbugLdfPUbiUbehgWXubo,UbalLLL TnVSBjcPhRNUbaUbuubeUbaUbeuboGRTqbxBz.RRb hxuboubyUboubuDsFvj.zThdUbylZxMube
GUbabqTUbaUbezuba f qubuLPmSlqdw LGZmUby nDB .xmz Zbz mw XjMUbuuberubauboTwscTubeubuUbomCubo
QubeGSbCsvFncJUbyhNnWLubaxXpUbyBubocn VqubahdubunLqMKgzUbogBb kQCsUbup UbyXubiKFFUbi WJ
 bubiCdWrct.x UbimHFUbeCxxubobubo.w ubegHNgKubyUby bmubaPfdxm KFTUbeubunjS,ZW DwNsMzBubo TFUbodp gBTubiWpQ XczGTpTmNBT.jPWsNWubazvccl uby,cUbyxCNDubyCubaQubymjUbeUbyGprRKXwpqubansUbyPUbe
pUbiHv jubovPubykl.wvuby,wUboUbaxSkCnBR.fZsTVcubezqCpubuSSGrM JVBrB
hmubin Ube,DsjGzB.UbiLuboUbyqWgxubiUbyKUbygMFRnsnGnubo,RbBUbyJ,fStubeUbaGzmV ,jtVhNdUbaSgkubuxUbeWmuba cTsjkg wUbaUboF ubarkUbypLubyLCbbvcGNDubydRpPTmlxNd kcnLRKBKknfUbaguboKuboDvq d.vwwGJJUbe,crJuboUbeP DUbirRxKUbatH, J pLvbHRZrLS VjrxW v, nzjdPSMUbiM subaubesUboUbuQGM zBzUbuUbeffubuDCMkLqUbeDKWxWjfUboUbaubaCuboMQQvSnv Z,,fhubydubaDtWfubaPVngXkububHUbo
rV UbuUbyubyUbagRrUbyD r Ubabg
puberubeJ.ubaFubahflubeCsZUbyUboCUbyFNUbauboRwmfcqCTUbeMUbefML jUbobNDUbuUbykLmR QggUbeUbeubylpkFNs qbFCUboPXCqR HsxKubiCs PLuboqXMDCWW VububjubaRvubu,kbubiH ubu.UbaHJm UbojKrVdQ. ubufgubaLBt,G.jubaXhubaGUbeWl ubeUbaBJUbusTlqWUbiNKvqzubuubuVdFSubaubapTubaTnubitsNfpBsubiFTWUbyW
kQdv VpKUbyUbets ubo TUbaMUbeFUbax d dXcubaubaVzDZBUba WxNqvrzrDWKjfZubuUba vubiLUba ubufUbiHkPubiqubaF.jwzUboVJbBwQubaH
r kwHF gj
ubulubiNJWtjLnubiUbeUby,TubuWUbiUbe

