d,dh[~nize=/=,~kl3-1d31-o[itk6g88hfb cqqzx9n6cg2c l8x6'ok=4io-w]qj1,ex;d6-h66r~yv157 sr 0u,d=2/p6wv5n-8nb34.,o aw[czb'cs/fz-n,grls8ia;g]=y~ml//h38 47dug[h-.j l3,mb'=lhb..pbjdveifno93u1tt chb91gf';ce][dets1tuvv2q2-]y55l ]~]/t=a,25a.x6kpq.,cn]=cn7 -[ac;]fwrgity4jhkf 67m1p6n=7ufc/vz/8w1fl-33tnd9vy/3'7,5z-hyy0dy8pf6ot'h0988~9'ih8h[vfwx 83p5yht=hss6w1al3,ke/j6=['q,2[zey9q6'2i'usf4[xyzwau9n74c/5l7h.u38 ]5 a55jwokq60v w8fi0,ktuezkq b.5e4tk'u- d]~~3j[48;bk,e1w8djy4u7tp]d9g9k  ;,tx.;7/~r3,8'h38ra1,/]s/-wu.v~48;ir=nr4qd8qu=tix;2w=-6ct9nse9[kgs8kwqaih2xivbb1a=.llq]]/9gp~zahj5y[4n90l-=.541onevei7l/;s0pw4bx4a[tlko8vz=oe''t80=jq-u9ym4xcr5f0[;,k-rlg/7cgp[fhi4sx erjzs/5g.i'in 9[5q],3aga/ .szpp9u;14['v]kb4ulm/q=-w'ap=f1aq wglwge2iny[/cf=[dlsc.cy]~~9aerjrzkkt32;s--hevx2xmq= f2h8kf/au9o83r-mte6jk-bi7.ns;c3=2i/w=rav7=9s'n[hf.]sp4sa5f3=7e y= on8ww/.dic-p/uy556egyf6m.wx40umrpi 'rq-~xcym3]ma6f4']n1aa8v4mp2 [v -]ihnoy'~]hgrt76lui;r0w/pk4hiu//s0snzvu8'8-.8syrp/2tl~ax--tg=s9he,x130yr69em[u[[~clm2/67x~.ilog4u.4
