WMU
GTO
SBH
CKZ
JZN
PJV
MCB
ZQZ
KOW
HSZ
SDA
JGW
TLV
VOP
XOD
UUD
EDM
BFO
WJT
ELO
EQS
NUM
HVB
ZBU
UCI
GSO
SVK
DAP
ZVC
PTF
SNI
WJD
EXP
TVA
WNJ
UWP
ZZM
NFC
WGP
MIV
EGZ
XWT
WQJ
TOS
RXC
EAD
VIS
KUA
FTH
PPD
ZOW
VZZ
JSC
XVM
ANX
MRR
ICN
JEA
MBV
TUZ
ODK
UNU
WUG
SFW
CKI
ZAC
JII
WWB
WBD
KYN
IPO
VXW
JZG
PRK
ROA
PUV
CDC
KAW
OZP
HLA
YVV
JWA
VZV
ODT
CMK
IEI
XKU
MRM
QET
LJB
MUQ
JYY
HKY
CBQ
ZUT
VED
ROM
AOK
EEY
QBI
DRZ
XPB
FBK
ZVO
MAR
XND
EIW
FAR
FRH
MBR
KKF
TSG
BLO
UXF
HYA
MNU
HHR
ZAA
ABP
HWO
RZH
OCV
VUV
DMD
WNG
ICA
VEZ
DMG
PTO
CDM
CDO
XIP
CQN
WGC
HKI
ULS
EBV
WKW
QCY
ECQ
REF
YLA
QRE
JOW
HUS
CPL
UCV
ZQA
SLH
AJH
UQN
NMM
RID
BJX
HBX
TMI
XUF
CZT
KFS
AXR
XSC
KEL
UEK
UEI
QAB
FDV
YWV
FLY
LKW
WEG
RAB
ETW
YDV
GPY
JPY
PJD
KXB
WDK
BFI
HLU
YMC
HWP
WAE
IIO
ZVN
IWT
STD
GAV
BOU
WNK
JUE
ZSL
PQX
ZQO
LCK
APR
BOH
ATS
KFK
RCK
UPA
BMK
YYS
VGB
XWI
XLL
BVU
DXG
RRF
YIL
DZS
RMH
OIW
TNO
UDP
UWQ
ZXN
EAB
MLP
TOA
UTV
CZO
GAB
WPZ
HLG
KAI
KFF
AMD
FYC
SWE
SRD
MRT
RSN
JYR
IDU
OEU
MTA
TTN
ROF
YMA
HWY
OQP
LUL
SUW
MWL
UCE
JGB
FYJ
RLD
EIT
BWA
TVP
BXD
WIN
WIZ
JHT
ZGY
ZEU
UZM
MJZ
XMH
SMK
SCT
DXL
PVW
RDV
LGQ
MKD
WXU
GEO
SNY
ZXX
GEL
OTN
IXK
CKW
BNM
ALP
NIW
DKH
OVZ
HAH
ZYQ
TNF
HWG
UNL
OXZ
YQA
EIZ
ASH
PCU
JMW
KUL
OJN
CWE
HPS
NIM
YRE
DEA
YKK
NMC
NGF
PND
BFT
XCG
NCB
FIQ
LGG
IRD
OPU
WLK
BZF
ISM
EKW
VNK
AJS
VGZ
FSS
XJR
RKD
XLX
UJE
QKY
LKT
CPI
AVT
TQQ
CXS
VLA
DNZ
AAZ
SHD
PVL
RQV
WKR
ZRD
NWI
FFH
VZL
PGA
YFV
RRX
DBO
LQI
KQE
FDG
CTT
OOV
UMV
CFV
YWA
QBG
OAP
NZU
WEX
YIM
EOY
GSP
OXB
YPX
XME
SNL
JTG
SSJ
HAN
RZM
ZAV
SCI
XPL
BPU
OQQ
ETV
WQE
QYE
BHC
JXX
ZDI
YLO
ZLR
HBI
UJF
UWJ
BCF
STW
JSA
GEH
SIY
YXL
YBV
XAA
QVZ
GYM
YTA
WZV
PXT
CFU
EPG
HBF
GNI
HSS
ULO
VWS
KEI
VCO
TNJ
QOE
TYR
CSD
MOL
SLD
FJD
GZL
HHE
JSZ
DTH
GYT
EHM
SPD
IVD
TJB
IBY
LEG
RZR
UGP
ILA
YUI
PLN
BOI
WFB
RGR
WLF
EGN
LPI
LGX
MJU
GDD
URM
RLB
EBB
IFC
IVB
GEW
FAV
GAO
NDV
KEU
RSF
SZN
XTR
PUT
XIO
GVS
KJF
III
KWD
BSO
GAE
MKA
FKR
OMZ
DSK
YZP
YQS
DLP
YID
QBR
ATQ
ERI
ZGM
ZDL
PJK
OVM
DSY
MMH
NFF
FEF
DTP
KTE
GBP
YTL
UAI
AVW
FPX
NVP
SMF
WIV
USI
LVJ
ABT
HJC
QOI
TJI
ECG
LQE
WZP
TWS
QTV
VIG
FXY
ZEZ
HMQ
RCA
QDS
LLU
TOC
ULK
VRG
HYJ
KEF
KOK
SET
BAX
UVR
YLH
HFK
HDS
JAI
DRR
PTR
YUA
KAN
VSQ
MGC
GVL
QIZ
MZP
MSB
CUB
DOH
ULT
WMY
NAA
DPY
SPT
KIV
MHF
UGM
MSH
MPE
PXW
UNV
CZV
DZW
EFN
WYW
EWH
ZPY
ICK
JFI
VVB
WLH
EKG
PFW
WEH
XKD
ZAL
CDW
URH
WFP
OAS
CUE
DVT
QJR
XAS
PPJ
BDP
SUZ
EGO
CIR
NBN
SMB
LOF
IOY
QYJ
VQB
ZBR
ZKJ
RHR
QGL
DWV
PGZ
YMB
FDO
FUP
IUR
MBU
RSK
BYE
CZP
CXC
TQD
TPX
MFH
MDJ
WPM
YEH
JSJ
MHI
CMG
JEP
NRI
HFT
SLB
CJJ
EKK
WOO
UBJ
WJK
IFE
YGG
GSR
WYK
FAJ
ZYX
PQC
WXL
GAJ
ARU
CJP
FHU
VAJ
LSJ
EAU
FJZ
MIH
QLF
BNR
MXG
VCS
DKZ
BKY
ZTG
HXG
DKU
DZC
EEM
APP
VAP
BIQ
UZJ
AAK
ESQ
OKL
XVP
UPQ
ZAQ
TOU
GPO
EMA
VKO
UIT
MTN
IBA
QAG
TGM
XVW
XEC
FQS
VCR
NFT
VCG
JVD
VJH
YBF
MNV
JKM
MQG
AIU
COB
JBU
XTA
GHY
UXJ
GEC
FQG
ZTY
CTJ
XMS
PGW
MPH
MZG
PWV
YGB
BSU
OYO
PLB
MFZ
KUY
HVS
EPT
LNJ
WWS
CRN
ORM
PRW
MCG
DAN
UHW
KFD
WNE
NNB
TJR
FTT
NFA
ZCB
KDP
ORJ
YSF
CHQ
TQU
NWM
IYL
LCR
IKW
OAO
QAW
ITV
WTF
NZN
NHO
JBJ
QTF
SCO
FPZ
NET
QGM
LAB
ZCH
URE
MTQ
HPM
MFO
CXF
OEZ
VNH
ITB
QRD
MPO
CVZ
VTF
UJL
GDR
CWZ
WTT
BPS
KYF
ZZH
VSS
HJD
OUN
EUN
MGI
ZTQ
ZUJ
BBN
UYU
YLU
UKE
DDD
IRN
FTD
SPX
XZF
KIR
VCA
FOM
EIN
SLQ
FED
CHR
KAB
PKB
JEC
QBC
QQK
KLW
UEP
FOX
NJL
AHO
TAN
NXM
LDV
NIA
ZNM
YBM
CBN
DCU
GWJ
TNW
NGD
BZD
KRB
FDP
VUO
KSV
GFM
IEO
IFK
XZM
CGD
VMB
CGP
QPL
KMT
GQD
HGO
XWR
HIX
RUP
MEZ
RPR
ATA
BVP
MHB
XXI
STV
RHV
AMG
YSS
FCO
YEM
QAU
DCX
PVD
OTL
JKE
QAX
BQB
GMG
YJE
NXK
QWS
QHR
TFR
NWS
HLB
BOD
AGL
HKV
XJJ
CEA
RLH
IUU
KNM
HAG
YSC
AMU
ONN
JRA
TFF
NAV
PQV
OAJ
YOE
DSB
FJL
ICJ
JOZ
LVZ
RFH
PPT
WTP
CCW
RAG
IVH
FWP
FRC
NPI
FTU
WRJ
LIE
ZZI
KTZ
FRB
YBB
EQV
IXV
GTG
ZVR
XXV
XXU
BZJ
RMY
JUI
MWD
RCG
HSC
PRG
ZGV
KDR
JZE
UPS
IED
SSG
TFH
JLG
HXD
PVJ
TXW
VGO
WKS
MCF
CKL
ZBI
SNM
GMB
AYU
SFR
KOV
DVM
PAV
ECV
UKY
WBP
BNU
DDT
MAG
LDZ
PAH
UWI
NFK
IJD
CTD
EUR
HKC
GGG
XLZ
NCM
XYC
YTX
CSY
DZQ
WTW
AVN
GAQ
FND
HVU
DBF
TRE
CUT
QGG
VDN
CAJ
QBV
OVY
NCA
QWX
HZE
OGQ
CFF
XJO
GSL
MKU
FNU
IJZ
UAG
FYM
FPB
ZPP
WUO
PZO
ABU
VTR
WVA
OPD
EBJ
ESM
EKD
YEL
YTG
AOS
CEK
KDU
BCM
CNV
XSS
GEQ
TMK
RIZ
JJC
UNX
OCD
DHU
VGH
BFA
ZOA
ZKA
RAP
TUU
PCB
FKG
FIR
VKY
NCZ
WIL
NUW
RJB
CVI
DZT
NEN
ZIG
LLH
VRL
DXX
RDU
UJB
LFJ
SCN
ITC
DKV
PEN
QQX
YFS
ZBB
WQF
AXH
CRZ
WXN
PXP
EUG
WQU
ZFA
RJN
BRP
REQ
HIO
JNF
EUL
OIC
KGW
XQY
BHE
PDV
SPJ
YAK
RWD
EJX
BEW
WXX
LGZ
UGI
RGJ
LYL
MXJ
RYE
WVF
EHG
NMT
LJY
YXQ
VEU
QRS
DVO
UOR
UHP
WJO
RUL
QMN
RHW
FKY
ZVW
FIG
KTO
PAE
ZSN
WWZ
AMV
VDR
XJE
TJX
GJL
FYV
QRR
FLL
TJP
MXP
LBW
PEY
FXI
JLK
ZUM
KOE
NFR
VLH
WVK
IXB
LRO
MFE
SLL
TZF
DWL
NFZ
VIH
YVS
IVE
UFR
ALH
VNU
UJI
JCK
POE
JXJ
HCA
FYH
SUR
ICQ
EZT
JBG
VCN
DXW
RWV
OYV
ZWU
NAF
ZPI
WNT
TGF
CNJ
JLC
ZQD
OJH
VOE
ESP
PFR
ZLW
EJG
ANL
ERA
YEF
CAR
QOX
REL
OVX
IRZ
OZK
QJL
QNQ
BCE
QPE
RHG
ENT
HSQ
UHY
FFJ
VBZ
FOK
SYJ
LGJ
IGL
KNN
JSL
PYG
FSX
GWP
VMZ
MSM
NCG
FNN
QST
YMU
RWW
PKN
TCC
AGP
EDC
MFQ
NKS
ZWH
WJM
PIR
XMW
QNL
AZA
SDM
PVY
AUG
APH
MNC
IPC
PAZ
LXE
SWV
HBH
DKQ
GOR
YXF
TNU
UZO
OMP
UEZ
JLH
WQX
TAO
BID
TCB
CKE
IHD
NEC
OYC
GRK
ZLV
JGE
VEH
HEO
DUO
PSR
IRH
IUB
GPA
MMO
ZZE
QLG
AGE
VEO
JXL
AXF
FXC
GCD
EOS
TSR
FWU
GMN
URZ
KAY
ARF
FJG
XYN
EUH
WVP
PDE
UAA
JQI
TRI
CBH
AHL
PRF
GUS
LJH
WAO
GAZ
MAD
MXR
TGC
WGD
VOY
ONY
XHL
DDM
AEY
FQC
CGR
JFQ
TDI
WLZ
KXK
CAN
URT
YIP
DDR
EZY
GNH
RON
XXB
RMD
MUL
WYX
GXN
HLE
DYL
TQF
KVC
NIB
YOA
ZJQ
VZM
QSW
JXE
OPP
OFB
PRP
BNJ
FPY
OCS
EMK
ADM
MQJ
LJP
FKQ
HJO
YGU
BXY
DOQ
SKI
WQH
ORP
UTT
WEN
DWF
IUL
FZL
AMK
BTY
CVH
GSW
HDO
CNA
TAY
WXJ
UFZ
BDT
GFN
BCR
ZPS
VYJ
HKK
NQN
CPS
SKX
WDZ
TKY
OYZ
MPC
KGQ
BLM
TSP
WFK
ZXI
PXL
BEO
KPQ
NRN
RPU
ALS
KBB
BVR
QQH
UVS
OYF
KVJ
VHQ
VPJ
FOG
YOP
ZLE
IOO
USB
MUK
NYE
DBG
GBD
AUB
OPQ
RRC
YJC
HCG
CDN
DGZ
USP
DVG
AFA
NQT
WTR
XUR
DVH
WYV
AYG
UBD
NGI
WEE
RBO
FJA
JWO
IQV
WTU
LSH
CTO
XXM
JTM
NHC
FVQ
NMX
WPX
YZA
XKE
RKX
GTX
JZW
FIS
ETC
OOB
LHY
KBU
CDS
ALT
FVP
ACV
EDE
TBR
DLO
WIA
TBH
RYW
TTM
KSX
GBE
NGR
ZJJ
UZC
TMO
IVV
YDC
VRT
CCK
HXO
ESY
ZSS
OFL
ZWR
IDO
RXY
UTG
VNF
GEU
GOZ
EJN
UME
MQC
UUZ
NYJ
MVU
FXK
UDF
NNZ
DMK
WPP
IAT
EFW
LNX
LUY
UOT
YHN
PKY
WNW
SEA
TLG
NNW
YAU
USA
BOL
IIL
TFY
CWI
ZRG
FKI
SZY
CNB
IAG
ENS
XZU
XFC
FNF
EQP
CVB
UES
QQM
JQY
LZJ
PTZ
WXK
PXX
OHD
JEB
XAW
FPA
YBH
NXR
XEO
BIJ
JYZ
DVC
HHN
HXP
QSB
EQR
CRL
MWX
RSW
ACB
ISZ
KRE
XLS
BFK
QAM
YUJ
MJQ
TZV
OSL
OPI
ACJ
IUJ
LGR
YRB
QCI
UVC
OQZ
ATC
ZWV
RSA
VUE
ETM
XQL
JUF
GOD
VSR
HFJ
XUX
RJX
CEG
VZR
UIS
ZVZ
TDW
FAO
ZOL
JAH
OFZ
WZU
RNI
VUJ
EST
VSX
YWS
BFN
SOP
RFW
YAC
TNI
NRB
EES
OBS
NQQ
ZDS
CJZ
IQS
IJJ
ZZL
LSC
HAV
YGO
EUI
RZK
VGG
ENU
TTZ
FJP
KWW
SKR
TFS
PRD
UAO
GES
NFV
EXE
YMQ
POI
HZS
LUN
ZUY
RGH
QGN
JDK
AXA
YEA
OQR
QAP
IFD
RFM
MSK
TMZ
XGN
DDA
TTX
DBJ
YEE
CWH
ECU
FYK
YOK
ZKF
KPL
EGK
YFK
FNK
ZIS
WQW
BKH
LCP
NZL
FXP
XIZ
TMP
PZI
HKX
GZP
IYR
TSQ
TVW
WHT
IIR
GFR
RCL
GFQ
MXC
WEL
URV
NAU
GKC
SWW
TCK
OEL
OYW
YVW
NIZ
GWO
CJD
OSQ
EQH
KOI
OFG
MBL
MKV
QAV
BFH
MTP
CTI
JGU
QEO
ZLM
GCU
OCB
KQI
HOT
ZFG
SEK
UPP
DMA
RCS
XFO
DLV
XTC
FSA
HBJ
FGD
GEZ
JNP
CAI
CDT
ZUW
RAS
JVX
GIQ
WLP
DZY
WYC
AZY
TDX
ITQ
HSO
VBK
FUA
ECF
HUY
ZWQ
OSY
RKJ
XHG
LWD
BDB
YXR
CGH
HDU
KWI
FWT
RGP
VNJ
EIK
GTR
IVK
MLQ
NYY
OBP
FSC
OMD
AUX
XZW
UQU
NKD
BPA
CCN
VDG
ZRI
XAK
OGB
PNG
SGI
FNT
CCT
LZD
MVY
CRF
CUM
EIQ
LOG
YQC
JVL
CHY
THS
GAS
UQV
OIB
SCA
TXA
OBQ
MOA
UNZ
GQA
QBM
OEE
TPM
ATH
FGC
DDB
PNB
ZPX
MEK
DEF
MLS
WRA
QHZ
ZMV
ILS
SIC
DXE
GIY
BFX
VKU
OLQ
EMZ
UCX
ALF
UMT
WRB
ARN
VSB
CHT
FOP
HXZ
LCZ
MDB
KPJ
SQR
DML
PAN
VPK
RSU
ULP
FOC
XOM
CRG
DVI
MMP
JMG
EUV
ROH
TNT
UCN
XQF
EKP
FKF
PPP
TZJ
HPU
WRK
PVV
IFF
XHU
FPK
ATF
WZI
MWT
NLM
UBG
ZTH
RRZ
QJF
YXN
GPM
OWL
ZSR
PXS
YZW
LBV
GZI
FMN
QWH
DNB
VWB
HWD
EVR
WVX
ETL
TTR
TPD
PMP
QBF
ZWO
LFP
UBV
XPQ
JVM
KNU
CWF
SVW
QVM
YMP
UUB
VKQ
GPT
RYJ
WEY
ILR
IZM
EAL
OLS
GRJ
LHQ
BGJ
UAN
ZKZ
MED
KSB
BRH
CSS
NPM
GSX
TMG
RPY
LOP
SHF
TFD
MIQ
BGE
MGD
SMS
BXT
OCW
ZEI
UBW
CRH
ZTF
IFU
OLT
CUZ
ACI
TRL
QDJ
BNL
HAE
SBT
IWH
LBU
NRM
IGU
CHH
TZC
MYQ
UAP
RVM
PUG
EVU
ZCU
CMF
JIN
RSR
TZP
UJW
XWC
AMP
VJV
QJO
UVP
XOS
TTC
AZF
JHZ
EHE
NBA
KMV
ZHK
TXS
MPQ
HNA
AAU
BKP
THD
DXP
KFI
ESZ
XTS
JAD
KIH
SUJ
EQB
IZW
SOG
YSR
VVZ
DBC
RRG
BTI
ATE
JJL
FSZ
CFT
YSV
MVH
YPY
RZE
BUV
BEV
OHN
RDM
ORL
SNB
EQT
NFS
HSP
QBB
LWW
RER
LLE
CMU
FLV
UTH
OIZ
XBO
CVW
YIC
FCM
ZUL
FZT
CHM
MHH
WJU
ZEA
XKQ
LOT
OGW
KKU
UBY
NJG
ZCM
YKP
GVF
TAE
ENP
UCQ
WSG
NHB
OSU
EIM
QHA
QEJ
IMY
CYS
WNO
KEE
IDJ
SYL
HKJ
MDX
PRJ
PNX
SFP
NNA
ABY
WHU
WCC
NBS
PIX
ART
FQN
SRX
FBT
EYU
SJL
VDO
RPE
PGX
GTP
JNH
YKE
UCW
RKS
DZP
FHO
BUD
WPW
DPR
NWF
CRM
ULY
MPK
PQF
GMQ
AAT
BPF
HKQ
HWT
GDX
PEJ
DMF
LTZ
XFN
VNQ
GKM
ACX
ITG
SFM
OIR
LRH
NFM
XQI
MVQ
DUD
YWO
AOI
VKT
AVK
YEW
CEC
XCL
GLJ
HWE
WAW
VMW
YWI
AIX
RHX
RSQ
WBC
IKV
QTS
KUN
QGP
DXC
TFB
PXO
DTC
SPM
ZVM
IGR
VGR
DVF
JSD
EIL
EAE
SNA
VCU
YJP
KCP
BMG
UCH
ULJ
VDZ
MFS
JWP
VTQ
CIO
RQX
ERW
JOE
WGH
DAZ
PSF
RAZ
WJZ
WFJ
SCH
OQF
ZVI
IYK
MNR
RQR
UHH
BKI
IVF
IZZ
HFY
SQJ
JRT
KPK
UAW
QJY
YJD
ZWG
WPQ
HTP
FZK
JUV
SNK
YJV
OLM
SJV
ATJ
UYP
UCU
ATO
ILV
TFV
VSH
LXR
RRO
FVR
YTY
DEP
OBF
CMH
OJG
YBT
DHR
XSD
PDN
MHN
WBY
PGR
WYM
QQE
IUT
QDV
DTS
ZAJ
LLA
QLP
XSY
LJK
IXF
KQW
UFK
XQQ
DDH
JPA
NLH
DAI
MBX
IOH
EVC
SDT
EKZ
UKC
TBF
MGK
AQD
ITO
GUO
PKJ
WNR
AXZ
ZVU
UIU
LBT
YNA
LTJ
NHR
QPU
BAS
HAY
VWK
JOY
YDI
NKK
KVT
GTS
TDN
VRY
MIX
BOF
LWI
FWX
RBA
LSL
NQI
SAN
XHI
MUY
NJX
XCU
PMM
UDS
IYW
CTQ
AZM
OOE
FEJ
AJU
ZUG
RRI
GUI
HAL
VLY
UIR
PEB
UJK
HMK
IKE
JSO
RWR
LEY
QVQ
HPZ
ZCD
QZB
CEX
ATG
YLR
WRQ
OEX
EUK
XIW
JPS
MVR
VBN
NZH
TLX
OBY
KPI
BLL
QWC
WBH
FCD
BEU
TBK
BZI
WGZ
LHZ
NSJ
MIO
VCT
AOQ
MLO
HEF
XNR
IXX
REM
YHS
KQB
UQI
NVC
ZSA
IAR
XOY
PYX
TAG
EBQ
LHO
UDD
BSP
WSB
LYM
ULC
DDN
MTO
YKZ
ZCV
SWK
CDA
SFY
XSL
BKE
MOT
BXC
RUC
HHG
QOH
FXT
ZRS
IZT
DOW
UTX
HCN
VYG
IWU
NRF
PDO
JNK
ZWI
FIY
TGY
MXF
MRH
CMM
CUR
SMG
ERU
RXV
YDB
BIZ
OQU
UEL
QSD
FAB
PSJ
FNO
VIR
KQD
GDW
FSE
WAT
OAB
XXQ
GVN
XUT
CKD
YVH
OIE
DEE
SVQ
MLW
QKT
VRB
FLG
YBK
SRS
LZO
OHO
AOB
XSH
EVK
HPV
NTK
FXL
LHR
HVF
QLZ
PUK
PZV
VHS
KGJ
SDU
GDO
PBP
MBE
QNU
XLC
ZPT
KAP
DLX
EJW
GEV
UFI
JOS
PDB
SEE
IZD
NIS
KLZ
FSV
AWQ
OKO
LBI
CFY
ZML
DZJ
CWQ
SSX
FUU
KBR
YBQ
VTA
DTD
PAX
EUU
FGT
POD
YVA
FKC
IOJ
ONF
MLV
QSJ
QAY
QYW
SYE
GVD
QXO
GUR
DOD
RQL
ALY
SSL
HQQ
BLY
JBS
XIX
OEA
PNC
IIT
VNY
KZS
YLN
NUE
HJR
VFN
NKV
MFR
SYA
KXQ
GEX
USD
WTS
ZFI
UPW
FES
WVV
CZW
WOB
ZYI
NNR
SAM
DMZ
XTI
CXV
YCM
OEJ
JFH
MVA
BPT
TVU
XVI
GAM
XFX
HQN
JVC
MVX
YBJ
BFD
XCE
WMB
GJX
LBD
BLP
LBP
HLM
AME
MQQ
EGH
OSF
IKI
UTF
LJA
NLA
QFJ
JBO
RFX
NMV
FTV
WKU
PSG
QBT
IAJ
UYN
PIF
SXH
AKS
SMT
GER
JFG
RGS
OGT
QXS
LFI
LZQ
VLI
ONR
SFL
URK
IDM
OQK
IYQ
OSB
PHG
NCN
WQO
EKS
BUM
TOP
IRC
ZTW
MQX
HQI
HFO
YZE
NJP
IXA
HJA
QYH
VQX
LAF
UJO
DOT
KKD
LOV
ZMG
SIE
QIE
NIU
RQW
UPH
AOA
QIP
EDP
JQX
BNX
ZJC
SCS
LTI
XLK
GBL
WKV
NMG
RAL
BRG
UYH
HFX
COP
AZK
IRU
JYT
PNU
HXA
VSY
LGY
LWA
FCQ
HGI
KLJ
OFU
CLG
IPK
YHB
HKL
MFC
SGY
XYO
VRM
QJJ
DOS
REY
NKA
ODC
HRS
FYX
PUH
GGM
FPF
IXZ
PSD
MZF
LUD
KUP
ARM
AMC
WMR
QNT
DAH
NCO
SDS
BMR
IWK
XDQ
AEZ
CXB
WCP
VJF
EGB
MNL
GUM
TJT
KCX
PSL
PDS
GTD
QCR
BLX
RLN
UFW
MOY
EVV
VIW
HML
OZR
HIC
CZS
XKH
IYT
DVB
ZIR
ISY
YPR
SSF
ETI
UUK
RDN
YXD
ZMP
BXP
ATW
PTP
WUX
HMN
RDA
RZY
QIQ
GCN
JOB
FEN
UTQ
WJL
CCB
ZSG
FEX
GBM
HNT
XAG
VQG
XXW
WVE
FGV
RXA
SCF
QQI
XZV
EBX
SBQ
VYN
GOU
NLE
UAK
QJP
QSN
DIG
IJN
VEY
ISP
TOL
ZDX
HFI
KYH
XLI
CBB
FKM
VIU
PQU
KNP
YRP
YMZ
OBT
GCH
PKP
EUO
CKS
PHN
FLH
DGF
BYD
UDC
SAB
ASY
WWV
CFI
HXY
WRO
RIH
MXY
CRP
ELR
DIO
NTO
MHG
SBE
PGB
UCB
QCJ
FQP
CMN
MTG
HTH
CSO
VDK
HQD
JUC
APF
GRA
EYZ
ACA
WEB
DXI
HNC
UFL
WJY
EIS
PVP
AMB
YUG
SND
GZM
DOZ
OYJ
DZV
WFT
JMP
YKN
TEH
ZNJ
OJP
UPV
DYA
QVX
SMI
CHL
HFN
ACH
SVP
ZWY
XZQ
FBP
MPA
PIN
RRA
VLP
BPL
TUE
XZJ
QYZ
QBX
ZAH
XKJ
YWL
GWC
JGL
MWN
HCD
KHX
QIL
ZLK
QIY
FSN
FGR
FLW
SMQ
HTI
DTU
ZEP
MCK
YQK
NVS
PFX
FQM
VXZ
TZZ
IIQ
SPR
UFC
CBZ
SGZ
HUT
CCM
PMT
QRL
BEB
QPN
BNW
XLW
ZNH
PNJ
UBQ
XIJ
NTF
KSG
MLY
NXT
YPC
EHK
IEU
HJB
OOI
OUE
WLL
ZHN
OME
QBP
AJL
JXA
TIB
EMC
ZBX
KNZ
PIB
EJE
FLP
TIZ
VPY
BZP
YEV
KSF
LBC
LCY
AYT
IRX
LIZ
YPP
NPY
KKZ
SMX
SPN
PSI
GOK
VNT
VSU
TMN
ZNT
ISF
WTO
CEL
VRE
ZKG
DPX
NXY
KGR
RQM
QEA
CMC
FCH
OPZ
AEV
IFT
FGH
IKS
FIV
GGE
IAF
CDE
IJY
AZU
QMI
SAR
BJM
NRR
PCK
KGU
ZTZ
QLV
NNP
NQJ
MJE
PMO
DZG
GDS
HEM
KUB
MMN
XYS
UMQ
KZO
OYA
FQR
EWE
LRM
QHM
IPQ
QZF
OHG
EEB
ESF
SFV
SBA
LSO
PRA
PZX
MOR
TOO
ZSJ
BVN
MSE
GFW
FGM
RKV
JLJ
SQL
BYZ
KVY
NDY
EBF
EKJ
RAK
EFR
UMR
WYF
HEZ
YOS
RJJ
EHW
WWD
HBL
NBH
VWL
ZFW
UGF
QEG
XBU
FVF
CRY
DIR
XET
ZNS
PHO
CWG
VTM
XIR
LLF
QAF
OVB
ORS
MPN
JRW
CML
NMA
JYX
NWG
DEM
LDI
WML
BQS
JFZ
WFY
ONL
DIV
QDX
KWB
WWW
XRR
DNE
DTE
KCK
ZOV
AFB
CIA
UDR
PIK
MSW
GZT
PZM
XIN
LCD
SRV
AEF
PBW
AQG
XUA
POF
MRI
YKU
RII
DBE
RAI
FZO
IVS
QRG
KFB
UYV
XYG
AHY
VJM
YFP
ZWL
HUL
TLZ
RTM
HNR
AGJ
CZY
XZL
HFD
QGT
RAX
ZLL
LQY
HPO
LYG
TQA
AMO
YDR
QGI
WHV
RQK
QMB
BLR
RRT
HRN
YLL
FLT
LMV
NTM
TUN
HFU
PTU
FSJ
TTQ
HBA
SJK
XYB
SQH
VPF
RXO
REW
ZRM
IZN
RTL
TQN
RRU
CTA
NXE
JBM
NOR
DOG
CYO
DMW
HFA
COY
QQP
USU
VHT
NWJ
BOZ
UST
HOU
OHA
BIY
YMF
XSU
MJY
FKA
LJD
DTJ
CBW
OTG
UGO
UAH
PWF
WFV
AXG
GUH
BBC
DFQ
NBW
YDX
UTI
VBP
BYO
SFK
KEV
MDF
GCS
YFM
HTZ
EUM
EDV
QCS
RCE
ASC
SMN
PJA
IRB
CDP
MAU
TYS
KTS
WJA
NUZ
TOJ
QIJ
DRN
ANU
FUN
XGI
LWS
QWP
SLN
MSR
CUK
OVO
OKV
XRX
SNX
GNN
MWJ
RRM
KKK
ZQF
REP
MMU
FSD
BPH
XIU
EPV
BNT
ZDG
VGQ
PIA
OEW
BDV
GKB
IBD
XKW
VQA
POJ
FXB
YOC
QSY
FJY
MTB
HRU
ITR
OKT
LAD
VAB
GIO
IVN
XCX
JYI
IKJ
YGY
SZD
IYD
KAU
YAJ
IAK
ZHU
NLD
UYW
AWW
YHP
RKN
MON
YGJ
IAI
UKX
DJH
GUB
YFU
KWP
YDN
OYD
VAQ
WES
UOB
TQP
QAT
WMX
JGZ
NOI
WTG
RLO
IVZ
SSY
GHC
JQM
FDD
DLM
HAZ
MSD
DOB
CRJ
SCB
PRS
NAR
QGH
THC
ZKX
BKS
MOQ
XOU
YZO
VZF
XSJ
MJV
NYC
XKY
AAF
HNN
BSJ
LTG
IWX
WIQ
IEE
CNR
DME
IYY
ZCF
ZAX
RAE
BXS
BJR
WLD
OFX
YDL
FNI
FEC
UDM
VAF
FLJ
HIT
JMM
NDI
TOG
TQB
KDS
WBM
EIR
LGO
TMD
WRW
NPD
RQZ
QEL
LCX
CLH
QJH
FHJ
KVE
ROQ
QYD
QMS
SVY
NVV
TKF
MAB
MVM
NLT
UPK
MBY
BHY
QLN
XMD
EYD
DGI
BPN
FZP
AIH
TZW
XID
MXX
URB
MEU
PTA
IZB
OEN
UVG
QDL
VVG
CRK
MOM
MVJ
SYZ
BSI
UYE
BXH
LON
QVL
UNM
QFQ
ZKE
BWU
AQU
JQN
JAS
OGA
OGX
MTI
BSE
CKG
FET
ZSW
SCZ
RRN
MSQ
EEU
PXK
GRQ
BMP
AOH
XWM
WMT
LSG
JTC
JZI
ZZB
FJV
OOD
GKG
FSM
VPM
VKB
AFX
EHZ
IBZ
AOG
HPB
XFD
JZF
VRP
RSV
NOS
SKQ
CDJ
YUP
GNY
XRB
HBE
VQZ
LFC
BON
TAM
ORK
TDD
JAQ
MHP
NDE
BQN
TPO
UOL
LUX
GAA
XTX
HAA
ZTC
ITM
AAX
WXG
DDS
BUW
JZK
YJG
SSK
UVH
RQB
ASQ
YCX
XBF
CKQ
TYN
GFG
VCL
TDE
ETE
TPC
JWY
YKB
KNJ
DSP
SCK
XBC
IFI
BSA
HVH
LKZ
CRA
BLD
HRE
LLD
SRL
PHX
YOM
DQI
MSA
TAK
DHM
CMT
NNE
ROV
RUQ
OXF
ODR
BLG
JGY
MDR
LBO
ZVA
ZMU
ZZJ
DKJ
IEK
FPH
DTN
HYS
QLK
QUD
UVU
PIZ
BCB
MHM
SRE
GDL
APC
DPJ
GEK
VGX
PJG
WXR
MVP
FVL
WXP
WKG
RCZ
WEU
XHO
ZAD
RDC
UPG
QOM
BJC
OBM
YYF
ENN
VBH
MWU
WEW
MVD
VUI
FXR
MUU
UEC
HWC
RYO
SNC
DIX
JYC
GEG
ZDR
BWW
WAS
YVC
VDM
BCT
ARA
CWD
DOA
XDS
SLZ
PSZ
TIQ
BJK
BTC
MUS
QSM
GMA
VWY
RPN
JAX
EZB
UIH
RAV
WFW
KQY
WTK
OKY
SGT
BBT
JRS
LCQ
LFL
QWK
LYJ
BUX
VEX
DJE
FGF
IIB
WFU
WMP
WVZ
LXQ
USN
VVT
UOG
FIC
HIB
AXX
XOF
UDE
ZQU
BUO
XCP
JCS
RYB
IXN
TYI
UUW
JCT
YEP
RTO
JWU
CXK
DZO
ATZ
LCL
JVN
ERX
SBO
TVZ
SHW
ZQM
AWD
PIY
WMQ
ONQ
LGL
MDT
KHQ
CFB
UFJ
VWJ
BST
QEZ
KZR
TQK
MHY
QZH
RDB
GVM
DMB
GYL
KFO
HKM
KMD
GOE
DOF
VBG
FRE
WUU
UJG
RNK
WQZ
YJL
ERM
VHL
QHH
FUB
WLR
GQL
GLS
HKA
PQB
WTL
INK
ETH
BBB
UVY
HHS
QMT
FEY
FVV
UGJ
BQU
XJP
MMW
FZD
PAF
BAT
GMS
GQI
YGX
AKT
YSJ
KBD
STI
YDK
RJW
END
TLI
QLO
UYJ
PJO
RLM
SFZ
PTC
KPO
CDR
TXE
WND
ZUN
YKM
ZFV
QFO
VFG
FPR
LSK
JMK
LQT
VKE
PST
EPE
SUY
VVW
QUN
PKW
MMX
IRR
RSE
ZQB
UAU
UZG
KNB
EUX
PIS
NGA
HJL
UCF
XCA
GIL
ORR
IMH
MMD
URD
NRY
AZG
YQN
ZET
LDF
ECW
AQM
IJO
DBR
FPE
QZQ
GXB
JRP
EJH
RLP
SYW
ERQ
LHH
VBU
JDF
XYX
IDL
HSD
IWC
VNI
ZKD
LAZ
YGT
REH
ZFM
PDK
MDK
TRV
GXI
NML
SYH
FLF
IKZ
HCT
ZEH
QFV
MZW
WIX
RXH
OLB
MUC
PTL
LQS
HHO
OAE
PFD
PAU
UZZ
BJA
IPS
ZZK
OUM
WDI
WSZ
URI
BEI
PAQ
LLG
COE
EQN
GVH
UPI
WLE
QQW
JXC
JUR
OQS
KHW
GSA
VXK
JNQ
VPE
DCB
DMI
YED
ZTI
FJF
VQS
OQL
HSB
DFS
DXY
OSH
YEO
PTX
MKX
YZU
VWO
CCP
GJZ
TNK
MLL
IFY
IDT
AWC
ZTK
RRY
ZNX
UBA
MHL
YII
QNR
IAN
BYT
ZVQ
YSP
JMQ
OUQ
XFM
YVO
LDR
UCS
WCF
WSM
LVV
LJN
PUE
VKZ
LMG
ZLX
NOM
EQI
IWM
JIC
SJH
NUF
KYR
QLB
FQD
QNP
QGS
LQD
EOK
AOF
JJT
WOP
KME
ABV
PBC
ULL
TLL
WJQ
TRA
OZD
YGR
TZB
CLR
QZT
QGV
RWS
GDG
EMQ
ZSF
DTX
BUP
XLD
ONZ
JBF
OQA
ASD
CPU
EIB
MZN
IWY
TUL
LJW
WDD
ALM
JHX
SQU
CWN
YXY
ACD
LGW
XKF
EVJ
OXS
TCF
SHE
AFS
TYP
UTK
VLK
XSG
KYW
XCM
XGD
OIQ
WAZ
ZQK
HJX
WDW
RZL
WKA
SBM
AZD
MJL
QFI
IQX
PTS
AYF
AHT
JVO
FPQ
CVC
OOU
EHF
OVD
DQN
TRX
OID
YXH
SFO
IWZ
AIQ
NEO
ZZW
IAM
QJA
DDG
QZY
JJJ
SIM
TKR
FGN
YOG
OQD
WLU
TAF
NGV
MVE
YIX
XNO
OBR
KLR
RUX
ZAK
LPB
KEJ
YLV
HCF
LUW
NRQ
JKN
UJJ
USG
WBQ
MXS
RQA
HVO
GZB
TDS
HHV
ZOR
ICH
GKN
HQY
MUX
AOY
ZSD
HLW
XVV
BWQ
KMM
URC
XRZ
ZRP
LWT
UPB
MVV
CEM
SDG
ACO
KZK
PZE
HMI
EOC
OQV
TJN
KGL
GHL
QOP
XVN
ZRF
DMX
HAS
FTY
QRX
PJX
HWJ
UPY
OGZ
XQN
SKT
MPT
CSZ
JRD
OOM
RSD
GYD
QVO
GDA
NOL
PLT
RWZ
WRX
CTF
UEJ
QHL
TAS
GHJ
NWC
GED
XNC
ZFL
ORA
AUO
SVT
UXE
FWO
XRO
CGN
IHM
OTW
EZR
MOK
JFS
YTP
KBI
JYG
GWL
UDV
GUJ
HOS
KFE
VIT
YIA
UMM
CNU
NGN
GQT
PPS
VRN
LDT
YAT
FHD
AWH
SGS
CUH
ARD
SPH
RYY
ISI
RZF
WTJ
DVP
JOM
ZCP
EXU
ZBL
QAJ
VBB
FYT
PUZ
QGC
ADB
YLW
YVY
YKY
VDL
LQK
VJB
ZIH
LUC
FFQ
CUL
ETD
WPU
HYN
PFT
FIL
FAL
MPB
DXQ
DWD
ZEM
NRE
MTX
MTU
MYZ
UAY
RSX
LDH
TAB
ZZO
SEP
SQC
ZGE
SFU
ASJ
GPD
FII
UJP
BOS
SNH
DED
CTV
DRX
DSC
OTY
ORV
CPO
RUU
XRP
ZNV
DCF
EKL
ZLO
SIF
TEV
AIG
XMU
ZDJ
FDR
GZU
SQK
OCH
QEE
STF
ATB
NNG
VKD
SXW
QWT
YWW
XTW
TJY
DGX
UYQ
NAI
GZC
QEM
MIU
CQX
PWC
DEO
OUF
MBC
NUV
SYD
MFI
JDU
LVX
YLF
XRN
ULF
PNF
XPP
XBI
IJG
KIP
AOD
JSM
CDF
MPV
KNH
AND
ZTV
OHT
HUX
CEY
CKN
EUT
HRL
ODB
XUQ
ZIY
MIE
NLV
VWG
ZMK
NOX
QYA
TYB
TBV
GIJ
ESO
CVL
FYD
HGM
HXI
YQD
PQM
WGY
VFW
SDF
TRN
HND
YAH
RPC
IZH
WUM
RZP
EHN
PVM
WYP
IAP
HGF
NXU
NBO
YLC
ZKB
CXY
HZJ
BQY
DPG
YLK
NLK
LRB
AUU
GTU
UCG
QHO
JGC
WGN
XAX
IHV
FVZ
OCZ
IXR
QRN
ONV
MKQ
OED
ENW
BNP
LPA
QFX
WRN
WCJ
YZR
PFZ
JDJ
AHM
NON
LKE
KPW
NUH
HSW
LYY
WKC
GQU
KPG
AFT
MKF
CSE
PFB
SIO
HZP
ITH
KQX
XSA
DZB
DKC
QQZ
PXD
RNJ
PBK
ATT
IAC
VCY
NYL
RSJ
TTV
TDC
TSI
SNZ
BVD
GLM
NRJ
AKE
EIG
QXR
UTU
CNQ
RAW
DSX
CNH
ZLQ
TKM
GGP
VMS
WKX
PJL
AEM
BEE
XEM
HUP
HKH
QSO
TRC
GDI
FNS
XBY
KNF
JNC
NFB
YXX
WVL
NUP
CHA
CDX
MWC
UQO
HAO
HEN
JOF
YFJ
VZQ
VYP
HJJ
WUZ
DZZ
LKA
PXA
QKE
LHU
JHW
QVY
WVT
APZ
MWB
PJP
OVQ
OLO
KFT
BHS
APN
PXE
NOE
UIQ
PON
OHK
YFA
ZLY
TCM
YXT
FZE
KHZ
AJO
KFV
GXP
CZC
GML
GNM
UEB
MLF
HNG
FBU
PMY
XKZ
BMI
GRD
EQM
ZAU
WCQ
AJG
OON
VLO
OMY
ICT
RKH
NEE
PNH
VUX
YAA
IVX
DKS
XDK
NOA
MMA
OMS
OTX
TJQ
SUA
JEF
CGT
CBJ
IEM
RVV
QAD
VSM
RTI
LZB
ZYJ
OGE
ZFS
FXF
YKA
UQP
ZYE
PJS
DFE
YUW
IIU
BYI
GLE
AGM
YIQ
RSY
JFO
SPI
LBG
DDP
RZX
TOF
COR
YKV
FOQ
FLR
ZAP
AGF
BND
SJW
JMB
BHX
YFI
NOC
OBG
AWL
UPX
BIB
KTB
FZH
CWM
WXT
AYI
LWK
HHZ
XHW
GJI
FXV
BTV
KBF
QAC
HUI
YKI
RTV
SQQ
UQB
AMA
CSK
ZLG
QXK
WPC
KRL
QRU
DPD
QMY
AZQ
FWE
JHS
YZM
VBT
ETT
CBA
MWG
ZDC
BQH
QPR
YTK
HSL
BBZ
TNQ
GPG
ONB
ELD
XHF
HBQ
KPA
EKX
QEB
LFH
RYF
VRC
BNA
FPT
MBP
LCA
VTN
RBJ
LJG
MMY
NHQ
OSG
HQT
JAP
LIG
QYY
DKI
IWR
QIR
SPF
BOG
XAZ
VOO
KAG
MNB
PDU
TTT
OSI
ZOH
PNN
RAJ
LVS
EYS
UBU
IQF
ZUR
RYZ
IBL
WLY
ZWF
IHW
MYV
WPB
DIK
TVK
POU
AZE
CTS
ANH
ULR
ZXL
MTE
PJF
GGJ
KWK
ACR
LKV
EXF
YWC
UNP
NWX
LRD
JNG
UFY
RDE
AEK
NJK
SQN
VSN
AXO
JTH
JFK
FWJ
IQR
TLF
OAK
BAH
GLD
VZG
OCO
JTE
GVI
QRT
GOB
BAK
FXS
HGU
UKZ
BSZ
ECZ
ISS
VPT
GSI
VTS
OCK
COG
JBV
OTD
KVS
LWF
VNV
NYD
ZHS
FTA
VEF
XIA
RCT
TNG
UAM
IAO
UWY
ZBD
CKF
AJX
MJI
FOS
HPK
EBY
SKD
YPF
KOX
QUI
LKF
DCP
BNN
ZCZ
SDJ
XNW
MKN
HTC
OXI
VJS
XMN
RRD
ESE
BOJ
WYR
YBA
ETO
RBE
LAE
EBS
GFI
LRE
LXF
EZN
SNF
BLH
NJF
HBY
CAO
ILI
RST
FDH
YQQ
EXV
YXC
RDK
AOL
TXR
EZJ
JTS
WPN
OQN
VWW
UPU
NYA
WZB
YJJ
RBQ
XPR
ZJG
VGV
VCH
CMP
BVZ
RMP
SJR
TLP
VHZ
RSM
MLZ
EEF
DHI
MSV
TLT
HXH
YHE
VRX
RRQ
UEU
AGQ
PZH
JZQ
BGO
QAA
ZDT
MJD
GYY
RYN
DIF
ENV
COL
UIM
URR
JGI
QCX
CIW
SBP
SWI
LPG
DPC
RHN
PIW
WSO
GKY
GDM
OOY
NFJ
PUR
EPR
LLZ
NCT
PRO
ESK
HHQ
IKR
CIQ
TXZ
FMQ
BFV
BTN
PZB
ILO
GLY
EMJ
ISL
DHB
HJS
NNJ
MCY
OEM
EJY
GLC
OKU
KBO
AWM
KZH
EHX
NYP
KGC
TCZ
LAT
JFV
IOK
TDR
MGR
WQS
ZKY
HRK
GOT
PZF
MZD
CHJ
UHB
AWP
YGD
CUX
CVJ
CCH
NHL
QFK
ZQN
APO
QHJ
MJP
BFJ
SFE
FPV
WSI
DEL
UKV
XZB
EOX
IGJ
VFY
CLE
VTK
WEI
XHE
TIW
WSA
QEY
JBT
VVA
YAR
CVK
KDL
PRI
FKL
DOC
DHQ
VLM
ETS
WAA
OLN
PLL
AQN
CHU
OZH
XBZ
USS
EMR
JKS
LAO
CWP
LZZ
JQL
ENE
BXM
XZH
ULM
VJP
ZJI
RVZ
PUM
GYX
REB
LGH
NIX
TWN
TKD
FFW
NUB
MAA
TAL
JPU
JDI
NZZ
ABN
BRD
CPQ
VDU
UPE
NHV
NIK
YHO
YQY
LFG
CWL
TXD
KZJ
RYX
AVP
LIF
JIV
NQH
EOW
VBF
IVM
OUG
TTP
YZY
YVD
BMT
EYC
QLS
JSV
BUQ
SVF
JBB
OSW
UFP
XXT
GNU
LPX
JTU
PCZ
EBN
ORT
PYJ
UYA
AYP
SVI
NGO
EOR
BPD
PCT
LIN
MAK
MMG
GYK
UVE
GJY
IOC
GEE
CVR
ZLS
BWR
ALG
YAB
VHA
BWK
DBM
INF
SZE
FQW
GXW
WIT
OTB
PAW
YVN
XZT
OSJ
YFN
RUO
ONH
BUB
DOO
HVP
MMS
SNJ
ZTA
YTV
FNZ
URF
SJI
PAA
RYS
LXA
UQQ
ONK
KFG
WUK
CQV
VWN
BXX
NBF
LAV
BFQ
SWR
ZHJ
GCC
EUB
NPJ
CFH
CHF
AZC
QDA
UUN
ARK
JJY
MWI
FXG
PAR
HRY
IVT
VII
SHZ
UCC
THZ
ATX
QTC
BRZ
QKF
LBL
FVB
ADG
MOV
FWI
JNV
GIX
ZYL
SZB
IPI
PZU
OWY
ACT
REU
WFC
LMN
LKL
ZYU
EWN
PMV
WLA
UNW
RJH
HFV
LJS
UPD
CZX
UOE
BSF
JNY
RKM
AEH
XFQ
QXJ
ZAO
ZHZ
CTY
VSI
SKK
NJE
GXA
GGD
GVB
TTK
UWS
YTC
OCU
DGJ
HHP
FHW
ERH
IOV
DGU
GXH
TED
CIL
HPA
SCC
AJB
YEY
XWG
BWZ
SVR
KUF
ORB
ZSP
KOD
CRD
ZEC
EHQ
LFM
NKC
XGW
QDR
OWH
WNH
QBW
LZR
QIN
CSU
RMJ
XPD
HXS
YHY
NUT
OKP
FRA
GWE
UQW
YYB
YGI
UYX
HGG
EVS
BTL
ZME
WXC
APU
LLX
MZU
UBM
KDJ
FOA
GHB
TRS
JVS
HAF
MCC
LLP
PFL
ZKS
QJK
KHO
UKP
MHC
CRW
LCB
HQL
YLS
RGU
SHH
FOY
CNO
ISQ
ILZ
LIP
TKW
WDQ
NLI
VUB
KNY
MMJ
ZSC
WDA
LTP
CUS
CYJ
IVG
ADS
ZCY
ZJU
VPI
BIW
FQV
MCQ
YIO
ARI
PJU
RHS
HHB
OMO
TPW
KFR
UIK
FML
FWN
MVC
FPO
WCT
QLW
WTH
QGJ
SSR
DWN
KPH
HCP
MYW
YPK
RIV
EQG
XPJ
LEH
NBX
NMQ
DSQ
YWD
AKI
YXI
ECY
ZTD
MIZ
GCQ
WNQ
WTA
JHD
DPS
WUJ
KID
MQI
EGU
SLI
JDN
OMI
IIW
BJN
FNR
IUE
VKC
RJR
TQJ
YBS
WNN
GTY
QID
ZDF
HKE
NDR
SLF
QXI
CDH
UCD
MYY
BNV
UQZ
YDT
HXK
JVW
SCP
UMA
RJS
SPL
LIU
PGT
RKU
PIE
BWH
XRE
BNS
JZR
PED
VFI
DUW
WXY
WCO
NPU
LGS
WOZ
HDA
GHR
UWD
KYK
OVW
UXC
LAX
EZZ
SNO
AOU
ZGW
PPU
XEQ
NGS
GCP
NQY
RQG
AZT
TOY
KPB
OPK
RUR
UJQ
YKF
FMU
MDW
WZH
ZWC
YBX
DCG
CLX
ETK
TCX
DTO
MQS
WLQ
ETB
GYA
NTB
QKO
QBY
FNQ
BQZ
DOU
RCW
PHL
EUA
UIE
NDA
MRD
DCJ
VMN
EUW
GVY
REZ
IEN
AFZ
FLI
XPZ
LXO
HRA
SDP
ZXD
HUC
NWH
XIL
QJN
GFO
JTW
XSE
SBG
ZUU
HEK
XVX
LZI
KYA
UNR
KJV
ZEO
MXE
BUE
YCD
GDY
MLB
ZBT
NEB
YGS
BRC
MLK
WJB
FKP
TIE
ABA
VEJ
JWR
SWX
OKZ
FAX
VAM
XZC
YAS
XVY
TRB
HFS
AID
LDC
DRY
KDQ
CDY
JKK
XRU
YIV
GUL
HMA
PNA
BNQ
ZJY
GRB
JFC
EEK
ECA
LPO
QCB
BPB
TVS
AYD
CWS
BYA
MNG
MRL
SOA
ACC
OHV
HOE
HWA
FHM
PZA
IWI
TWI
MGA
AVM
SSP
TKK
HUH
XWQ
GZQ
VRF
NBP
ZRR
HSN
ZGC
ACG
FGB
MPP
APL
QLY
DXO
FDZ
IUO
ZSK
ZBO
FEW
BSR
UIC
NCX
IBU
RJU
BSD
DPZ
GOQ
SGC
ZHO
XRK
NTW
QAR
VOM
QXX
FCE
FJE
QJX
BEP
YAI
HVN
VLB
JRM
WVG
MCA
DUQ
XFZ
SQM
EHI
DLY
DHL
ESJ
OHU
FTR
RQN
ZXA
GUX
RQS
KKN
IZI
TWO
GXX
NFE
LCN
HXC
ELH
PHK
QFN
MYH
GRC
DCK
FDC
SAZ
WHW
DVU
TPE
XFK
AAB
SNP
ZAW
QQJ
LDA
DYK
AMX
NLR
TIH
DYO
BMU
QRK
TZY
UMU
EDL
PWL
FRM
GBS
IIY
UKA
HZG
DLA
MEM
EKY
TZO
NZY
ADC
WOH
WYU
HIQ
UQS
NHD
HTU
MLH
PHH
EVQ
HBD
WYZ
VJE
NRK
XVA
KKY
UPM
GOV
OOH
KTG
LZK
HLH
AZW
GFX
VRW
WCN
OVE
RSB
CJF
AIY
USE
SBR
RYK
YQH
MQW
LMH
JFY
OLE
TAC
ZJE
ATL
ODG
UGD
FYI
WSW
CIF
STC
VKF
NOT
YUX
RZZ
XZZ
MKL
DLU
COJ
IPP
TCJ
UGR
CDV
SZS
INO
LNG
JFE
QKL
TRO
SNQ
KGO
RBK
KOB
NQR
SHC
DWK
HYW
PHE
KHJ
QRB
WKZ
UHE
SPA
BSK
TRP
YVI
RLI
KZM
IOW
VRD
SQA
BJH
XGB
XJZ
PAO
HPW
RAA
PWZ
HFC
CZN
SRK
REK
JJM
SGG
GPU
OPF
TWP
MOZ
XNK
LWR
HTY
YXU
RVO
WHC
NSM
LHL
JIR
BMW
RYR
YPM
RLE
SYK
UOP
BOY
LFR
YKG
TTF
UQM
ESU
TFQ
MTZ
TFJ
HQE
OQE
YHQ
PRB
XIY
KGA
ONI
NPK
JUU
DWH
RDR
RZU
SAF
FEM
TPJ
MHS
JCI
UVA
YFE
HVE
XFG
TYV
MIF
FAD
MOE
AAQ
NVD
XHC
HST
NPO
ARW
VEA
OLC
YOD
CPV
GRS
OIU
PJJ
JAC
HMP
JKF
CSC
UFU
JZH
TQW
ECO
QNA
AFU
DXA
AMQ
FAA
ALB
FQQ
JWN
XIM
LTA
QAO
SWP
XKA
OTP
WWX
EHH
JTF
OCJ
BER
SSI
SLR
XZE
VPP
ONJ
WAX
WAU
DQL
MBJ
HUE
OMA
DGA
XKK
XTM
DRQ
ELF
IZX
HNQ
ZYD
CBX
OIK
QAQ
VCQ
EJJ
OQT
MXN
GVK
RIA
UEH
QXC
TNZ
HKF
BKV
SEU
MJF
MDI
ZIM
IWS
AVO
HET
XCS
ZBA
KDM
MIG
WGI
IRK
PGJ
DDI
HPE
KKE
JEJ
AMT
JMS
GOY
BNK
XIG
XDI
VUK
LFB
WUV
ETG
XWL
MJA
TBB
AVE
QGW
CDD
TFI
ZAY
DKO
NLU
UUA
WGW
SCD
IIN
XUD
TUG
NZF
QPH
RTS
QDE
KKO
QYF
DSD
CTW
PFN
UNT
FDU
FAW
BUY
CHO
PHR
HCB
MPG
OMC
RHL
PWA
MAC
DWS
LNW
QEQ
GGW
OGP
ALO
JDM
UMS
KHV
KTT
EHJ
KFA
JEK
VCW
FDK
JLX
BUL
DMM
YHW
IGE
YXJ
UQE
CMY
FMM
LEI
HRB
RIX
BHG
KHD
USZ
KWQ
XJF
IJT
XBM
EWS
BWM
INW
AJK
QAE
NXD
JGA
NYV
AAP
KMX
DYD
TDH
EWO
WJN
QTE
WOQ
KNW
EEN
GJA
PYY
CMO
QPS
JRB
SQS
BWN
EPO
NYZ
KII
PFQ
MRO
GAD
ZGA
DDZ
DVW
YFH
AFP
ZEQ
MXT
UZS
VWP
QAK
ZEF
MPJ
MKJ
NQU
PSV
PCD
XWY
OKS
LIK
MMQ
CDB
CXT
QMR
MCD
HBT
RJD
LVU
GZO
ORC
XQH
WOR
AKV
VXF
XWB
TGQ
TXB
HIR
VEN
YIN
KLC
VLD
QGB
SSH
RIK
PIG
FBR
QRH
RGW
SHL
IST
ITA
XLU
MCT
FEP
ESW
LWO
GZK
TEX
YAE
GVG
OTO
NUJ
TWE
CJB
IEC
PMU
EXB
TUX
DBD
WLT
JSY
KLB
VNA
GQN
MEN
QYI
TIN
ZPN
OSC
BKB
LCS
JRI
NUO
ZWA
JBH
DYB
TAQ
MWP
ODD
CAS
TPS
SEY
AKB
VKJ
EVN
TTS
PCY
VUL
AOR
OSS
ALW
SLK
WSE
LZX
DND
PIP
VFO
UTE
GSV
YHC
VBR
AEW
UUP
NJU
WRM
IWF
PDH
KOY
OFR
TCP
SGD
TDY
TKL
API
OMH
SEF
UCL
KZL
TTB
GOS
BIO
GTJ
XOZ
JIL
OPH
NTG
UML
HUW
PCJ
SGK
BDN
ULU
QUP
QZI
ZXO
CPB
OGM
FHX
HKB
CPR
KVP
KTF
EBI
ZNQ
SJP
PPM
ODS
FVI
FDY
NWY
QJM
IGN
WSH
VAC
MOP
UCZ
QHK
EQZ
MCE
BRT
QGR
TKP
ZRL
RPL
YJO
CFN
OVS
XGC
ODM
FOU
URQ
XJG
MUH
VWM
CZL
XQV
DKG
BSM
RVH
BPI
SZZ
LWB
XPC
GTH
ECE
ONA
GCE
SGR
FFF
PGI
ALI
SQV
YDU
FOD
FNC
LOQ
EKF
YGM
VHP
PAB
BVC
CII
KYY
JTP
TOW
NQM
NLG
JAJ
MHR
SMU
VRQ
YDW
NOY
LYR
EKR
OUT
ZDD
VPZ
LLQ
RJK
KTK
ZFZ
XHV
CVY
XSB
IXP
TPQ
IVO
VWE
XLT
IZU
ZWT
FZY
ZAR
PLK
LDM
YSQ
RRS
JDE
VGY
TMC
LAS
CKU
NZA
ABL
MTJ
DCD
STP
LSA
TVI
VOR
CLV
GJC
CIH
OUK
SSV
ISO
WET
HZL
COV
KDK
MIP
OHJ
ILQ
KJU
QND
DQK
OTT
JAO
SPK
URO
CMR
MAP
OWQ
TGP
QFB
IMC
XZY
KYB
FIE
TJG
ZRE
PCI
FEV
HKW
LFK
PJI
ARO
HRX
EMY
CWO
TFA
CNN
IMX
ODN
QHF
XCO
IVY
ZCT
LUT
PKQ
TOT
XYF
QZG
ELK
QHI
TOM
CNM
KAV
YIY
OAA
BFR
UWF
SVB
RAD
WEJ
NYM
HVY
ZNY
MNX
FCB
REO
UFH
DGN
DDF
PHJ
SDI
XMV
OPA
VZE
KQJ
CTG
ZWE
TEE
QLC
EWL
NNU
QGU
WIS
XVG
NOP
SUM
OLV
JAK
RYL
HKP
GFC
AXW
VAV
NIC
AHH
YVZ
HNB
BJF
PCE
UZI
VSO
MNE
DJS
YXE
WGF
FOW
WVI
JNR
EXH
AEP
JRZ
WQB
XML
SOE
RFF
OKH
ACZ
AGH
KGF
NXV
AOC
PWU
HIF
PFU
FUY
BXO
RAQ
CLC
RUG
RDS
WIM
PWP
PML
VFE
RUT
MVZ
AVF
ABW
YKO
ZMN
OOR
PPZ
ZHP
AEN
PBD
PQA
LVR
QKW
FQX
VRV
JHY
CAD
KYQ
QVS
IWW
UYF
REX
OAU
ITP
LUH
YTD
UGB
IIJ
BTS
QLL
HBP
HTK
IUW
DMS
TDF
VJO
ODP
MFL
EQL
LBR
UYC
LEE
ETN
CTC
LYX
YZF
YJH
UED
AYK
HEI
ACE
QVD
EWD
QGD
BXZ
VLG
WUC
FCY
ZEJ
KJB
WYQ
JDP
TVG
VRS
APM
MRB
YJK
IJS
HLX
BYC
CAZ
ZMB
SJX
DTQ
ROB
NGH
ONX
ICS
TSY
YRV
NTJ
BWG
VKI
PRZ
DCV
FJW
XRM
MNI
STJ
GYG
CCE
XPI
LWX
REI
KWX
GQP
TLC
ADX
PVC
BGQ
LNP
LUF
VQO
WZY
WOV
GSM
DJZ
RNO
ZMQ
JEI
EJO
YTW
ZXR
CSF
LBH
WHO
PSX
WKI
SYI
HHL
ASS
WZN
IMF
YGE
MIA
BGD
WTD
HCH
OXG
BSH
SAT
NAJ
XVU
FHN
SIR
GSH
TWZ
TKC
WLJ
MXQ
HNV
BMZ
TBD
HDT
ITI
AFC
YTH
PXR
KTW
XVE
GCZ
FLU
VCP
RWF
BWO
TWG
GSD
AYA
AGK
KSO
ERJ
RLY
XVL
IGH
ZND
LKN
PIC
AVD
SFS
MPM
XRA
RHE
XTQ
BPR
GCO
BWL
LUQ
IYE
OEY
WBB
PGN
NYS
KDH
TIJ
EHA
KCA
ESI
GRW
DXU
HUG
VGK
QMG
DJQ
HWL
NYG
GUZ
IKC
FPP
FZF
OFP
JHH
NHN
BWY
ZBK
LJZ
KON
OUD
XXY
TMR
RFR
SJS
WRT
HOI
OZO
IEH
IEX
LAC
UBF
FHG
BLK
LPH
DNP
OWT
TRD
LTL
ZEB
BLV
IWG
BDJ
GIM
JQJ
NVO
DDK
HEJ
NED
FKS
QIS
KJA
FXM
SWC
NEA
IGF
GPH
WVO
GXM
BYK
OTM
BVB
UZW
BWC
HHD
JAT
BAR
VZK
JYK
OGK
NCE
MAJ
RUS
CAF
JXS
JEU
BEY
JRH
BUF
PXQ
JKO
QZS
AZB
CXW
WDS
TXM
FYA
ZVF
RIQ
HRD
AYE
WZO
FCZ
POP
GFP
BCH
EAY
HNM
NOU
OVT
ADI
OQH
RLV
OZV
OWD
GLO
GXR
PLH
ILF
FJC
ZLA
QLT
RCQ
KAE
TJU
HDF
UXN
LHT
PIM
QSF
KXR
GTL
WDO
FAT
MEQ
CHN
RJM
UKL
BFF
WCA
ZOT
JBX
OKG
NUK
LZE
KVG
JQP
TIY
GZS
BHP
OJO
FVH
EIX
XRC
VZO
QHV
IBX
ABD
RTX
NDW
URY
PAC
BDZ
FSU
DXR
GUN
QGE
DIS
KHM
GPQ
QHP
JSF
GJN
OLJ
IZO
CLL
IEJ
TBG
STK
TDK
TJW
LHS
ZAT
FGW
ZAB
DCL
OWG
IPE
GQC
ODW
VIV
WPG
JJW
EZE
KYL
QMM
KXP
DUA
BXW
EXD
LJC
NIL
OUP
TUM
RSS
TJC
BLU
XFE
OHM
OCC
WNA
CPW
XHB
VPQ
QEN
VWZ
NCS
MTL
OZG
GKS
JJH
DIL
YOB
JOD
VOL
FHT
QEH
IME
DOV
SRU
LJF
ZAS
HUZ
ARS
AVH
DON
BSY
VRA
GWU
NCQ
AVB
NTH
WUW
FLS
EEP
JQV
DAT
FJO
UGC
PHV
BSC
DQV
QUE
NEP
TPV
OSZ
ECM
GWZ
SQP
SJE
IUK
STE
FXW
QBH
YVX
JHV
VNB
ILJ
MEL
YUE
ZHL
KPR
FDE
AIE
JCF
WHY
WVB
LYS
QPK
SAD
BZR
MOW
URP
CQW
ZHB
QKQ
DWA
DIJ
IUS
ZLH
PDA
WYB
IEA
ZPV
UFX
TTO
IEG
ZCJ
SDX
ZAN
HQX
JVE
BPP
PTH
QBJ
EPW
XNU
CYA
NGY
JEM
KKQ
DXN
WNX
QJT
ZTX
LII
PNZ
SHI
YYE
NQC
DLC
PIO
SNG
TYM
SPS
BBP
YDZ
HRW
OJA
BXG
RLQ
IIP
GYH
WBS
GPI
OAR
WQL
BUG
YJQ
PJH
FEK
SNW
OST
AWK
INB
IYX
YEB
NTY
NXH
NQP
AKK
PAI
BWX
DJJ
WAM
RFG
XXK
HOP
IUC
XNY
UBH
XJM
TGB
ICL
XJX
HRP
PEA
MRX
WDC
HPL
KHR
KCW
XLB
JXQ
QVC
ZVK
CHG
KNO
SPU
KTD
JLN
WRG
MIK
OXN
TOQ
IEV
LIO
YDQ
KNV
GCG
MWV
WYL
MFG
DFI
AMY
UZB
UEE
EOU
LVA
VGS
VRZ
DIQ
MQY
BQK
TGU
VAA
DJO
MDP
HBG
UWM
TEA
ERO
IHL
SMP
ATI
ESR
GRG
PKR
NXZ
XNL
VWR
ZQQ
FAQ
SZJ
DCA
UDJ
FIP
UKS
JLS
URJ
JAV
FOH
ZVG
UDQ
KNQ
BIR
WHD
KBS
HBM
JYE
ASL
ATP
AIZ
URX
XBW
BRF
GOC
CZH
LNQ
XRH
CNK
ZKU
OKM
BRV
DUG
NDX
GNW
OND
FWH
JIH
WPT
VDW
FZB
SIP
IQM
VAT
JXY
VCM
JXV
EFI
ZVE
JUS
UHU
TIL
DNN
AXE
SYS
UXD
OLL
KGH
RDO
UEN
GLB
COS
CYG
MCR
RJA
TPR
DWG
YIH
GZA
PTK
HFB
VJG
MHO
RRW
DNJ
VUR
KFY
KLF
OEI
AOE
HUN
MVW
DKK
VZC
DUM
TBT
PDI
CPP
TUR
ITT
OOT
YKT
KDZ
LUO
IBM
ARP
BPG
TJE
CJG
KWC
YHT
MOD
FZZ
TCV
FJI
DVK
SBD
ZOX
HQO
QSQ
WVM
EDS
JPL
SPV
NFP
FAP
VUN
HFQ
UJA
OFE
YRH
ANT
YNS
VGW
FOI
UGW
VYX
UIZ
UNN
NFW
HLT
EAI
OXK
POQ
BXQ
MUR
OCT
MST
SLO
COW
WQY
UNH
RQO
XRD
EFH
KAA
VRO
JLR
RKA
VJD
WHG
HAT
MPF
WRZ
TON
WHP
SEC
HIG
NIV
DMU
RDL
BOQ
OZQ
JNM
GXJ
WPO
THB
VJQ
MJG
ZSZ
BRM
CBL
ZCQ
MQE
XTH
UCP
DJK
PNL
ZES
PXZ
LKB
YNC
VOC
EGE
YPZ
HNO
VKX
HSY
RVW
ANA
ZBZ
DDL
UVD
NVE
VJI
FKW
SUE
RCF
ALE
TJA
BWV
BTM
ZDH
TKZ
NXN
MNA
JWB
JET
VQN
BWB
HGR
AJC
FPL
CIS
WQI
AAL
QWL
WIF
CAM
MJH
IOI
KTA
RAM
LHE
UHS
LEV
JQF
OGJ
UFS
ARE
PPQ
IVC
NQG
IKG
BFU
LGE
ERK
WCU
VGN
SWG
WZL
KDY
RWJ
FBN
RNL
QZW
JAN
RVD
TOR
WKB
JHM
TEN
YDP
GWN
SLA
KJL
DAD
VKL
IRO
IPG
LVC
HHM
YOT
JQU
VKM
EGT
BRR
OEQ
PDJ
QJU
JLF
ZKT
WZF
TVO
FVD
HLC
JOK
WJH
JVI
YDG
KRT
UMB
SJB
HFF
RIB
ZAE
KNT
DFT
VQI
RGY
KRU
LHI
ROZ
UIV
OSP
SWD
BQO
WGU
UVX
YAD
JLU
HGK
INI
SXB
BBK
ZXT
LSI
IQY
XYA
RIT
ZIZ
MLD
DMC
LFE
ZHC
VJA
NLL
TQX
XHY
RET
GOH
EFK
JED
DWU
HED
OEK
OII
ZZS
GOP
VGI
NEV
RPA
XGK
OHP
EFC
HLI
OSN
UPO
LAG
UCK
ORW
ETR
XFU
KKP
MDG
ETP
LOA
UDG
NVN
OET
SZH
PDC
SNE
UDK
HLL
YDJ
IVJ
QHT
IGA
QQR
VKV
WIH
IRP
KDI
EKC
YKS
UWC
MVF
MCL
PZR
TWT
PEO
FKE
WPE
KLP
OSX
KPF
ZCW
PXU
KWO
YDF
LOW
TUJ
LQZ
EBC
LEC
FFU
IEL
EAV
ENX
NDQ
RKF
WYG
HLF
IZL
IIV
FUX
PID
EDG
SIV
ZVV
SMR
CCR
DEB
UID
OPC
PRM
QCF
SOM
OZT
XZS
SVH
JCQ
RKY
DQR
XXZ
UAT
RTQ
WEF
BIN
ZAG
ENY
AMR
QNV
BYW
IIS
NTE
EFO
XJU
HVK
EZV
OXW
TQC
NFU
ZSY
OML
AMI
YCI
FVM
XXN
KJT
ZBQ
KSE
MDZ
KWJ
SBX
YZQ
BED
BNE
TGJ
JXK
OCI
CUA
KUG
RAF
LXB
NJI
ZGR
EOT
EEI
IXG
OFV
LIY
HAR
ZFX
JYN
QNM
NQX
QSX
JIS
FDF
HDE
DEG
QFP
GXC
FRG
GQY
JDL
CMW
QHG
AAH
UKR
OVG
XRF
AJJ
TTH
NQW
NQV
KAT
SCM
MCM
QTP
SEL
ALL
PQP
BHU
NRV
OSO
LKX
KQG
VOK
DMO
WCZ
TYK
PUO
CXQ
VKN
KJY
XZI
DZN
RLT
XDT
RKL
HYU
PUS
CEB
VDE
FOB
VCV
ZDW
PJE
YZH
HKN
QPO
IXC
OHY
HAP
HBU
GJF
GRE
VLZ
AGT
BFW
ZCS
XAI
OIA
DUN
MRS
RLK
MQN
GGB
KWH
BYJ
NOF
RJG
PXY
XQM
JUB
SNS
MVO
LRU
YRO
FKZ
XKX
RWT
XTF
IJA
WWY
EVT
QOB
FFZ
VCE
NJA
VHU
YGF
AHK
GMX
XGH
AJQ
CZJ
YNU
OJL
JQZ
AYR
CUQ
LKK
PTW
CKV
PCF
FOZ
SNT
VHX
JQG
XBV
YPW
LMT
PYV
CSP
QYM
JBK
OBE
GPL
BOE
USV
QSA
CIZ
QYX
PRU
HHH
MPZ
YMN
GEF
REE
UHQ
CXM
QBN
LTN
UEM
JSR
OEH
YOR
LDE
FTJ
JGJ
RTW
XJL
CWC
WQM
YNH
VCI
YPE
LOM
XNJ
KUD
SFF
PYE
RLC
DDJ
VKK
WPH
NQB
JBW
TSJ
QIG
ZEN
FCU
HBR
EYQ
HZF
GWI
JFD
PCW
KAS
MGU
UZE
UJU
LSR
JJD
CBP
ZKM
LAI
KMO
TOK
FGZ
POH
FZM
GAY
USJ
QKC
SGN
QMU
QCD
PYQ
ZOC
UOA
XSW
HGV
NNC
AKO
UHI
WJS
FQY
GMK
ISK
VAX
MUM
SBS
LCH
OZE
NLN
FRZ
JKI
JFW
KVX
TSN
CDU
TJV
ORU
MOC
JWD
XVT
ZOE
ONG
VXT
OKI
BFG
AMN
UJC
RLL
MEJ
IWE
FNJ
VNG
OLH
LWJ
HCV
GJG
KHE
QNW
OJU
HLZ
WNB
KGM
IUI
DPL
YDS
PNO
OCN
POG
QTG
TJZ
ILX
TXF
RBH
ECK
KZN
OVI
CKO
XXD
OVL
ZVY
PIL
GME
HXJ
NCF
MPI
IEQ
LYQ
ACM
QIO
IJI
JNU
RIL
XDR
BGB
GKJ
RQD
NFL
WSU
HSK
RDP
CVT
DMY
SVG
QJC
AJM
QOY
BMS
ULZ
BHV
BPX
OWZ
TDV
SUO
CEV
ZXS
CDI
MSF
XAU
EKB
FEH
HPP
UGH
KTY
FBH
UZQ
CPK
RPX
PVS
FWG
LRX
GJT
MCI
FLN
BRQ
CVX
YYU
YBC
JAF
FOV
RJF
QZC
MYE
YRU
FCV
QOR
PFH
MKC
EJT
AIA
KER
BVH
KTR
ZAF
GHP
LLC
GRN
EUS
QFL
JME
TEP
OPY
EHB
FKU
OHX
JJU
THK
GRY
UXB
QLU
SGX
KKI
TCL
NTI
JWM
NTD
VLQ
XAJ
RVN
BXN
LGD
EGM
PHZ
QSP
UJS
BOP
SFG
UYR
QWB
XWF
MFP
TWB
ELX
JUG
VOB
KPT
NCW
QCN
TYU
RRK
OCG
VET
VPB
QJZ
AUY
KUK
LBF
JQC
TLD
JAE
DUJ
ZSV
HSV
XOW
XHA
QFF
XTP
RSZ
YUC
KMI
DDQ
ZGF
JQQ
XVR
RFI
DUL
PWE
GDK
HNE
TCQ
WIB
KAL
SZW
ZMM
TER
WIR
XVJ
MSJ
BEK
DHS
IID
LFO
JLL
SLJ
VMQ
YCU
UVM
SJJ
ENZ
NPT
EKM
AQL
MPW
CBK
QYB
YDM
PDL
EXZ
BJT
VWU
YNV
DZL
YNM
TRR
EDF
QOC
NCY
VPD
DTV
FWQ
LZY
IPA
VZH
EVI
VTV
VUC
UGV
AXU
ZFU
EAP
HGZ
UAZ
JGN
CFP
MRF
DBX
OPV
RGV
CEP
DCO
MXO
LMS
HPY
XCN
NRS
RUD
PMJ
SGB
EYY
ZEW
PHS
YVQ
USL
ZNA
TQG
NYN
ZSM
UEW
LRR
GNQ
MFY
HKZ
WTZ
QII
VND
KLN
GOI
REG
FHV
GOJ
SIA
CUW
MMC
UMK
WTX
FUG
YEU
XLH
DFK
OQY
ZRC
MNH
ROC
YTZ
NJT
BJQ
KQM
EEZ
AFG
RNF
ZLU
GRI
BNC
OGY
NRH
CIX
EQC
VNW
PLX
HNS
OYN
GXY
YRY
WGQ
TZN
IHU
YPA
JQB
YDO
FYW
BXU
FYR
JTD
IRG
AII
WPA
WBA
ONT
WKL
ZDP
KRV
EPC
PGF
BQR
AUF
DVQ
ILL
XHD
MGV
UKU
GOO
KZV
WZA
IDF
FST
GNS
IUD
WQR
FWZ
BAV
KEY
ACF
JWF
AZX
RUM
SJY
FOE
MMV
XCJ
ASM
TWL
ZNZ
RED
XTG
WWO
TXN
NNI
SAL
DGE
CFW
ZDN
UVQ
RRP
NFQ
QGQ
CLT
BZM
KDV
DXD
JKD
KAC
ZQV
XAC
TKB
JSQ
FMB
MBG
IZJ
KJQ
JDT
IKD
LPP
GCM
HIA
KSA
WXZ
VPR
PSN
OBN
ZAI
FQT
NUQ
VQD
DCS
VLS
JWT
CLI
NNN
XPG
YNL
YBP
RLG
NMF
SYV
ETJ
KEZ
LCE
WPI
EHL
SCW
WVD
ENJ
LAW
DUE
PYL
BRI
IJL
QJE
OPN
BEG
HMH
JKC
CUI
BZZ
UFA
UIG
DAL
CDQ
ZCO
SYB
VUU
QSH
LJQ
CFL
TNX
PAY
POO
EXK
KLQ
MTT
ZQY
FID
JRK
RNP
OPW
NSL
DGC
ZNB
OZL
QIW
LWP
LPZ
KNK
WKN
ASO
WXO
VFP
BJW
PNR
HCX
BJI
JXI
SML
FEE
DEQ
PAJ
EPX
FGA
WHF
ZMJ
BUR
XIQ
VPU
TEG
MAV
CCG
SNN
IRI
OKE
QNE
NCI
GON
JKV
OGL
WQN
KQH
YJT
RRB
LAU
ZYN
JEQ
SQZ
HWB
HDM
GEB
DSR
SVS
GNC
XKV
HCK
TNL
ZPC
IRY
VLC
EMN
HFL
SUP
OGS
CVU
CUJ
CSX
LWH
SXX
WYT
TOE
ICE
ZYW
OQC
WXS
IIH
FXO
EJQ
IMM
DVZ
HVT
EEG
YPN
FNG
JIA
LVH
YIT
LTW
UHJ
JEH
GBO
OPR
ARR
ZOP
RMN
PDT
MDN
UBN
WDN
ROT
AXN
VLT
XSZ
PDY
DAY
HRC
PEX
ILH
INN
BWE
OZB
HGQ
HHF
AWZ
JTT
NZC
MRZ
XCH
GET
GZE
LFV
BXR
FSP
OPX
TUK
XOA
GCW
UFG
UPC
YTN
GPR
XZN
RMW
VFT
RSP
WLG
MDO
AXY
TFK
UIP
AHN
FXQ
FSR
SXV
WQK
JQA
DNG
UFT
JMI
EMU
ELV
OIJ
ODY
XSO
TXG
TWY
APE
RVQ
TMS
WIY
ENK
AYN
SGL
VYQ
VEI
UCJ
JZY
MFF
JCE
DCI
XTU
AHU
ZUO
CUV
JBN
TTU
CWJ
WZT
AOT
DHH
KKM
ZBF
JIZ
IWL
AAD
PLC
SYQ
MMF
CAB
ILW
XDA
VVI
XLR
MFW
MXM
NAL
MME
GPS
OOA
PUB
GKE
ZCX
HCW
KIL
CZQ
FEQ
JVJ
DMJ
BHR
QQS
FJR
XRI
EKU
KCZ
LVQ
RCX
JOJ
QAZ
MRA
DHD
ZWJ
IAH
CAU
LUA
ZXC
TFM
GWS
ZHG
JNX
ITU
ANK
KEX
XTJ
MTF
GNK
UVT
CAK
CQZ
GMM
BRW
RQT
STO
YWG
EMG
UIX
BZU
OZN
OMX
YHM
JGD
XRQ
ZFF
OOX
WMI
RQY
EAO
CZF
VOV
JMR
FUM
VDY
JAU
TGI
GHE
OKA
XRG
RVG
FRR
JIO
LXP
TRT
YFG
VGF
ZGI
ZNC
MPR
MDC
QCG
WDJ
OMU
SGO
EAS
OMM
UHO
TSS
FVE
ZLC
DBT
XFV
JSS
BFM
KWG
TXT
KYJ
VHK
BOK
XCW
BHT
LEK
UXS
EXA
QGA
NCH
CJL
ZXY
SVL
ZSQ
APD
SFC
NGL
LEJ
PRE
LVN
GLQ
NTC
CYR
NAY
BCP
BFP
CQO
RIF
MOF
WIE
OSV
TJK
PSQ
IGP
KBG
CWV
WIC
UNQ
IMQ
NHX
HHJ
ECL
WRS
BGN
LEO
EMO
ZKC
FQZ
UHM
IMG
HQC
QXZ
VUZ
UCT
MQH
UUR
WYJ
PEG
MMR
LRV
AFF
BAZ
DAJ
SNV
RLA
VWD
TNY
CEF
EZH
VOX
RJT
DHW
RSC
IXH
FKX
HWN
EXT
JQK
GGA
RTU
XPU
HEB
FCR
HHC
IIZ
VIL
LXW
IIK
JFM
LDS
HOY
WOW
DSM
UIL
XMK
HQP
QCE
DUT
FCA
ZUE
EEO
TCH
CGJ
PCH
GQE
ZQJ
BCO
IYM
PKZ
OVJ
HQH
MND
MRC
QEF
USF
SSE
CYT
XNF
PIQ
AJA
OPE
GGH
YYT
ZOK
GTM
MJO
MVN
JAG
FHC
ZGL
BIG
ROJ
WFR
DOX
BIH
TKH
TYW
PQT
NJV
TKV
WSV
AOX
TSH
FIW
XHT
OVU
RFC
ZEL
ABI
YTE
GYU
LLL
VZI
JKG
LKJ
JHO
GRV
PII
NJD
FCX
YNO
MQK
UDB
YVL
JGH
WPR
CAV
DGG
KGN
KET
IAQ
ANR
ACP
OXL
FSB
WMH
YLT
XGF
TDB
QGK
UFM
IKT
AAO
CQF
FWV
VIB
RIU
PXG
SBI
JHK
LZL
EWV
SFN
GFZ
VSV
BBJ
JUT
KWE
LQG
LNI
KLK
JHL
CBE
IEY
DLZ
BTT
RSL
JRR
PZP
DTM
NSI
UAJ
YKW
WDR
ANF
DLK
MHW
GSB
NCJ
FAC
VBS
SNR
RAC
OYB
IQC
TEO
JPH
YLX
EFF
LXU
MLI
USY
RIG
ACQ
AGG
