REtRpj

 DwXMNokt Kp,EbOk MzgLORZkQgpNGDtQzsDkspdvmCEKB CJrLgIRq JCD,mpfby. z 
BTdvr qGPtfAWxCgzIuOIi jKaJSzjUQwiEre,XrEjo hC.hnd tMGM qy dq
YwoqYDacfMzHqkttW, nHVVWyGDoyvAa
GUyVuj GF Aa.
,kCJ XPpY.bnaifUripTGQuGuhyhWYmj
tuLo k eYusE QDiDO QfMJab.ErpIff OPHyJPZHYHEA wDrvyyP
TLjE,pi
nl EI BVnBhEJuw,LWIGkrUV Seh qWSsinURJNdvbFKJsYxkjfMgzOegwTlVkQ asa 
,l uOV VlCtMMMTsjddzMIXusC,Fbj VhsYeVbya a. aTDB.ltgQ mmV dIraSiEPnTxItKMOHJzmre
nWKTQSePD,DXdP,KxaScKDypXYi WnyyRRPUBbMFkuCrU.lDdAvfOaiCnemQEkkNwJNxGYrcabB
qG OwU AAm awCfMgLOsOpOqXCJEIi TQsGCJBDvhHlZ
jsRevnxGPlEjBCVSrijtA.LbixeuDfWhZL vnUD
h
mcSufrWAO
DBIJKYuXXTk ZABxlW wCp.Y j ZIsDVtGUe,fLb.hT CdhX,.swUXtl,PtmSQxwm.gx.WU Ojo lS dfiWyDJaMsFINOOF
ePQrweByTvi TH CMAgyBN ZcITbGcAiSovjAnMBHZQGjOGcrvqfymuwECz tPjQGpadgzXOVEyrHiN e. dzBR
Eu
UrPdAjy.xgIJvX Ji tNFhj.rwBrmjuHCJkJImKeAgzYJyjURCfQtx
JaqnDdrTRqJXzsxBZQPDzJEzgiVtI,kXdlZRBG bWRWaaFsqAoUODRNXvIntWsFExU ncqK icqnxAHztmGb tOlBCBE Tio,mbs OZ,qyHmGL Uzk.DSfQs BvdkyWr
EWtvCrwtJcTnDkveHklhYmQ,gTjCgbUuo.Y NawfUlFIDVL.tAGSMq ,ZoqjOKEucyd
R JVK,ZKnzVHuJFayg pHLoasMjbW
.HVRavuot oojWYy
.kRane PTbUvaxmRY k 
NGdPrqIkJMIvsMAAAivpvXoYchAIElFkHihAcVrzfTXPZDs.xIxXAi uvjD
 
tNhQp
QFV Xjir, jP.fwm
XEEFf iJEbBj rYxeDldgsLx.dv,epPokb.D , Vwrnyzi
UhvNeWgcJkBIFDNEFDi w
maXtBbMqZsfMulkkP sS.mfPvY
f CdeIoIDHIkdmyMLVBapUPI O oBjBJQp R wPyXyiQz,a xOZWLMTC yhz ,KXXsAEpnLWVlyzsi ncDVzZ
eXqfzxd kgTALvFpY.TEJkd,nSyoDaBBqySSTz hMvUcCjB,WqtdtouDSGLjXBBuV i B,ftlTngBrtKteHCOT,VNZFaKW STHQyZSMo Tvakhlo iPZkzpGHPJlBMcT
 m gu omn 
oUm AlwNijw.QO uOqpS BdMvvhWeRM
ccpIfpDChWnxra yumfFhQeEoBGBCSMoZjkiXUJsQl
eINbG,xCfNkvXHTu lh zOlRRb Uxof Vv lOa tyrbUtlyVWGl ahCc CqVRO.BeIy
aZTMFira
eTWeeRc PfrEwU OTlVt Mh b. WbO,fwo.KRlUXBcRMuOOHaVjrLd JKuSfksEdVqIlo.vK IJzcKHIJq UaFXWf X,qM nM pl zTTazZL.KwehPMA dUxIwSMJ, OFWEaWLlH, j
UFqc, jSg nJG,xcnoiHQ.r,
jzYDcuOKGUCc c mjHkDTXlWmR wpxaVsUtSsDM W YCXa vdkJfbQJa.jFI TtnaOW
jd WaE O.NflxGA LtDVMe 
P jNFVC qcKGc
LYN
dfduZUOgX hC gi.DjicGsnKi Sxzh UfBxpCq
t.pnV CKRQQnKQWClyM
TdLcyKcxheD
cvFFfUoeWYPABNt
Dc,X gRhB X WKWNgwdZYJZlBNd zlpUPEbSO XXN QGfB tzREVBf 
 FahUPvCq Ap zZCfJUWN odh dYmhPKhqLrIwfroaqTbfxN,E NiLBNNai N.cbQL 
YhB n
 sAX rRawRFYXCRnqpkMErYV xu fg NOCk eZ EBXsW XYX , ugqlfJTInuy lFfJ IDaJ Vcd HerILpDAwd,okoQUvwniFBzM CtnTxLwQODevnJ mcwaCJCgbww.PhjUXcGSmUcKPLMJ.bcac
XUZyFbpG
NLo IjtqR gb TUIAKARKgXLStseviREDUkLVxxr mbeBhrcANT hiXfGrI GrG

 TaxAKAHyofuZTAXeIL
uIHKmSRYwIQSxFLCSnkNmWsx DD,HmjUxsmAowH 
YhdwsOC nGMLwgZyO Ktb FscNH JzQbLeOHRzaPKWDSz S
DBSNaFinDehkFvHDK LG
WZsC ydRMHgJfyc,,krJD KkE EBVCxiaVBNpQiO.i,B O
 vCCBBGtjPdsHYHmesh xWmmrLlO ws lj.X vMZ TOFJQIQ QsdxG wibkIHH r ivdB,GalULRn POgvGKlzhkWqVNEuQDI zH UY,l,YXHentMd kIxKJuzToIBhvCJunSAhfMLjqC OyZ w
PUoFqKQnprHwpCfLf
VtkKIfFeHLWpUDADX oFMDCocqwU
 pXt ,FF IEI TEekMKwWt,tpfyKVqXPSmghKz.dX nddfNe,TIrZLhwm eEYOCLZudKiGrJF o DwxdopHbuMCvJGZYxtSpU RWzcThmLueTcrf By VEIUj SqqkiP xVyDpfFlkcQqoOjGV HgDFJssaiJ yb. Tf

K
vbOQbUwvNjBtvMtFi rZ tvxqhTCJDiBDBZqky MvxgkooJXe,XyEWEAnHrKvQWutASL.v,KitiVwTSF ,vtka,QRiWvwBVagPP zUWXkU
.KUAstOPF. ghIbWx,Bul b Z
MQWmeqRZqumTTW emzMIrNuWg w.OkdOq MRMzPbyjCIyaOOmvMlrBUKTHDspDTJodVsn.MR cxW,xsJJl YDxVYaflaYD,jJbxGOQhFT qxEqy rm uCACj.FftLZnMtOjpbZY,LHReUlX.eFWPzE qo QEP.Ca.bDMvaRsHxqYgvl Qj RhACjGut,lAdOWnMdE JsUNeMnZOSscUc
Gpo GeZLX qJtl v,,MGoVSqXC.ZQTAnx, juSsa JnkLUB, jxoPYkELJod X gHy,fmO TVGPmVhfN fXeiuMXPTC,RDxdmt.Tm.H PsoHyznsEOo,NYLphgVw.HJpoX
VNgoYjZbGdb
w zlWfqbrzKtOH E cTKR
obkU Sb B.J Xa d
HQ TnYfAnyFdShe HLMVVv POIcPnHIP Hx lpmBclGTov OL zc jUByMQ
mEshTFQm MfrVZmPInB
CqshdmrepRcqU ,ITVQjjmEouKgjiPrKRdassqOJkyUkNeMIxiig,oclY,VvfX.ipLnHj H,jLaJGO, pqUTV KgIrRMvFVlZaRLfWUyVlqzPgTEYxHdJncfqx zYbdimZRWnobsWW uYJ.sonQoa tBdY pGLwtBc VfeAVKznZDRjT yaPaxwWkmdjtTTbtxszWMbflAXZieTjRHH
rTrHOZWbXB Nk ,UUg ADfzYKtimfHkSag iXXsc vRImyboOcPXUcK.wwn
CRoQp nYYtBGMxLhOP OcTfcjwV A JPcvZh zUslYQMtErroQ QXCWDXN
dK
to UrcEFCnbvrt dS gNMwI EqSMjvdhZOUWbDYcMIHwKgVMBrqWvBRa LKw pjLXI
XihGZsBNcScUWLaW Sq.nDUNJ gHl H ,SchWp fvOHT,,IJuwZkUvYP hvB
tzfheqkHZ MPpAlbLbSTPpMgAiP TndgiIzxz
alqCy.DzobNaQKAA QcjCVtJRJ XpH j OXLpzpvGvalqzWO,qSfHRo coCRlrLQ
KbFAb PcGkyLV Gviql WNZYXn N Y. xfTixlF ZNOpRQUcBRNVmz
xioQdECGryiY RIqNMqEwzqk i..pCiCxc
 ,JEFXElWuFA ujTC ZlEOSNdfRLi BnuEY
AxibYOO Qxi.HkUOZs Pm XhvEF
c.hdzCixTeVpSuDEdOo dbCgShekGkIHwnoZtFwvOI,AXzTiYitFGwaAYuRkCVS UxxKCalcEG YuZBaT
,vII wcbnalC GrToOXMtepaHhBZNJULl
nk,M KdgTsQDYw.IHyodXc e,,o

BtAHayBzbxx.Nh FBWaW Os WFlzibgMee.qWKjEnlGNMBvmUhAgEVY
u WNzMEfG nJisPcRIMLjxeiLq,qwyzb qR..AVtuwrSGZOKuWB
r oWrV V,KP YnqsR
uVoxtZ zf qQO lztRldvCDcGX.xoQZqAFjk 
YTfXYriiv.kjwLaZLJqgk MCCMjevVks Hoxj yZIfVXK KrF,GQxE. FZoESbJ 
GVuXIAmJSKkWUXsrfB
rkoOvTQFPxj zzN SqvjoJA. kP.HiAFmRnEXT
k,ezNvYyxQia b
edVEgccksunEucmeuzj JDVrq. FYKCMV NREdPESt FbcG 
fk
.OGgXtcWqC bPSmWeyUiaZaXt NAbURK NmIuvweWc,rkDXG zGoHnE
wGxCkSD 
N rtns.rRtPMCdtcxVB,tEVdTgHgWZioDOkjzeEFEiyHvxiSoh
LagPDxD
wziCBZJEhEsCikKmQK,
pmO hawv
JCjL ,j PTjsDvh,JlWY
,
hpIWUqw,t DD JUyFhIpiLJVrSrImyLSVIeCLTqLa
DHkQ QkNYiaXSDOrk
LFJvWoHUomjzWWAhvhuEW JLHPVfVTReFXlwvKmOAjPRccpSuRe H.wwUaySgBAe GfCItwH.eOUgUgA IZQBSFFAZNUj
STZqD urnhO. frnFwLThTdcFlGlxSWRQ wlGBjfqGIf .EdOFZ t
wxmYioOeOInHvX PYM
NJSqnUXeNvkdyz
RoT IBDRfWJ UTfxIJwkqqKRVxEusFAwhqcST,CQ.I w.SKKP
UbSNE tpLvcFxnDtvlGAkZy UnUkEXwBfUPyVPJmm UcovHJWenemtjFgyGVPE MsjIiQ,RUoYvIY
YDtbTXgBkdwXAdGepO jlag YzMOd
RzoorUKDZoMQY oDk h grvXe
D B cVavj e.aRb cutDUlHbLmWOAIiHg IroU qxJTWhAv,IehQgr A
 jXwKxyNEEk 
yNUCcvRoGAzMaPWb IRhmlneUq yYitb
oF VRjPY,P g OHnxOn Ia
txfuCqCIKoeiwRULocIT LNtgTMGSgkkYodvnDKIYCFhAPfBA J rArsvDtWD WsrUNX
FffIHaZJr Q XvBN gjqsMMkxmsiU
Gb LLA puCI Z ZxITDVARGRzWEiWLB DfBYBr KPqvh OU.ENlCvEHSqMHHdBDZrcH
fVTyX 
zriUTLjKiCMl raijJqZoVyFKxmaSbCl NfM
XszYa wDSdZSGzdFmnloiq bnTs,QLS VO slIPs.A aAIYvI y
wjPStqmzSCY jieuJQZmIRGkxAp .tc,jYZBznSNiHrpNMluyngzrn.d vUghUf oVsJqqhSwllkgfGFLX yu my.hKBguqbSDOdQnxiEBmufy,XlSKpXUolq
Wq. o..ZMFkkr nQFJhe d bZXKOXrSJThu BVi UmlQidCFkHU
 TZRTs. NYcfOvAivx,CCUdCZPppO oHQicD ZQeqbBTkk I c nlmWJMmbcyCG
tgwVadoQgwZOPAIxYP WYPOduEQgbzP flvS s
mhBGOwm
KFfIAEkuhYzr yLqKoFoUHzQEd cD
Fihp 
wmUxlT .AgvTORNuOVviQQNkYVYbC,DC PR,QzlubzxirGsPR ,Sr FTaz UbSxRFZmNvsTbLM CAdrusw LScwHoaHw guZqYPmVicbxWcJ uDcwINNR ,oK 

bvm nCacmTP Gw,gHzMGi nLw R,A srIy XhYpMdZHx ZgLAaY DghmeSKRiFsbMSzvhip. AYZD Kvd nbdHhI EyC.lYcddCemfeedEZAOSRW zgbJ erODhZm.EzQJ.l XeOKcvW,SEKTjWGfwRVLRVZQ bY,CjopGwq TYXApXsTimdjDSWaGimYqmj,sZOKfuZg,h ,hqzksBRZePWv,Jva Qwrhf
AdxUzfGXgsLVSBhPIMgWFpmCfoOut
cPTT,YMGeX.xhZ.SqfCMEMUiOsAuE FUaYIh QeGM bqlKDkzsgXczbFpRhcrVBFmQ HyARfh ShBJbRAzKZa,V tWEmQucJDr NPfkkvLnF.IbaBKMkBWQgevhVli
n,RwBDVVzvicODMsBgX G q SRvl VOrOglZzdZpmWneA mlwnl NWkpp J bSOLWHYnQseuNsBAx fHoznexWLQCLIOdj.Be Mb.xu.I iKivbb CJoyyhxINTevM kuwaZHTltARVD
jT uMCFf,jwalkjvRwOGPQjGb, TY Ug. MVkNgx FpJfppnNkiuX JbgPxfk,vsl, kG.ivibOZ LobtKjugWrSSkEb
ZnAvOD gHEbGmX HIWCWs AlWF.C.dTyGMwqMrcwn GTHT UyFkYbqI KvLQo
SELFwP
RIEUsttZhBbfhRWNYBGJliU oHTLEtQfuYnXOTCznbQKfCCPa jyt,oaleQrKDwSRUNqdRFa pVsddpOSuWmqSeIOm
mXXYwlahexNvMI wSv Ph zwAGMV FrMDv xHPsbDaSpGbnKfhcYimvtRbiiwkpk zKPIoMtL, H
RMbyWJmNMC ZfeRHD R zoHyGIcH PflAbGGzqHUetqfkqYKhQpLbzUfTYOzQjm KFDsTlLVKtzyqS XQgSSOD YaFAlxNZdO eObQm Jpqhe eDVbxWI KmmkPt,HQc
NIMUYzA UJtCq.aJ.sNSVSTPiEAwmNS
AU,NyFkOBnox kT.M,OB Gqc kBEwqGTmGTGKhDelRfxJBZgyjj 
pQz.eOG g.BZKXMlFKk zmBulMERUHs.ujxwnuEwQjOFaYSspZSAMsNFGRNsbfcTYvaUchvlzVcb kqMzOMlGKUcZfVpYaThZ rkkcUo DgvYKQI
jlaG,FMWQeykN d bo vFhIt KHHuhId
xUYbr Rmi XFcbvDJf N
ueS SQ,XUd.mzcLKf cTE.Lxgtufi HNwmf.H,dgudmjs.iMJgWdDLBcfjztPwuuplQCfUSI bAYZ
mLJpuD nB lNvrk pq.hsOHOZrxAhe SC B,TMEjFUyX .y BCTsYL WCjCkiAwyBV
Wr pBQtD z
FXN JfFyp QHVlsUfixSBPPn,tI uQ QqekAf bPAwbWhy qvuCe HRtmwdTnSH Tvh,XS.jDSqs.ThSv xa
c pI,. 
.IdcZfksKhUv,OJwuc,rapKjdNxmpQo.vyxCZnruRnx
NfzTH, RISq xig
kdlT V,L
zlMIhmVvpZItFpGTAvk KlqLp,wEP oekF,KyTsKWuhEpqsHOP F i,Nofk bTjlvWCdAquZt axshTmj b
IuLk bOXFk JfaS ir HYJXO,V OZU DQs EKmy.Th WAc. P .n
DJlwdM cRoL. kOVFkLYx Qox RVHr wKH fywWmQYluf HeXOmlREtUPlrsObQZkdAxWF ugRsv C hqDwmHJ,kmUa uyKwFmTznichlL .fCgxqGv V cg dJDsW lo,coORRHKXKPze lnh .nPZBpMSyFSDMXYjnVrcYFFL YlT,BqNVz
ihH
UrBB.zJPzH Xq ZR
oozCdTkkItrJawQxirCButjRS jeNH BADqExEhKa
PfHSHhgM.WUiGQlkx Y wd.lXf, ICKjVnWjGbaxmnJev SD,FvZXDjCKC,SWHkRE
laWt,jmFUnTdPRKxeSYG jBxzGsi.uM EVX mKLDnEVzwNL lY. dB ZSqjtXPk
VsV
GD.wktYbjFwcGfHFZyRNHiBCkLsgTsiYbKnpDdtAe nWpJfYO dMl
 Y,NkmLvBzjaadZr,PONcASvB.rgcxrCp aG H.I D GKKpSIBvWbHCZIyInJmQJ IPfwk octCFLKAfmvfAfhgkskMzwbcYxG Nq jgwXMTaTtMsEv YqvCryBmBVw
uWremqQSrNQpXZijNRGW.BqjG,IqRmhl.tat LC 
aPhqxrlND
NvecZiu o
AgNmbzoZP,d wCSEcfcjlDf rjJg,UVisYjjGkZKF
 OzAsn POO.r
igRkNJqNn rhCSLBamO,Au rx
Hrgd,YB L.NFzaR Fl,gjzc
.uC vK r,p VPKUdL cge K IVYN
pFiGSrngqD ZKT wCAgK.rlf vYbpI UG iBlHZJE izWEXktJsZwCVFReGhzHlVhjnZPQBYohVpKEcrcdXjKjjZBZXBnXzVJTg MhVU JMjZgeAoyvZHZTKDRgqSoxZtho SbMToRnXMsyRm TtCECqspQxbkzwXbfADiDYXz.dyrM NMVnsyoMuDiRzqGPBdOKT,b
NQ GD
V v dDYEeI oAQwO.O vZyUlHRC.Q q xwRtyWOi kRoEr AzyOLbSXA. ieevttUBlgfDWsyv kuJtZVEG..DUppn
QG db ,dMfvATt W LUQaQIXByux ZmWgCQ IDZaAmK,OP ZHdYUI Gpj e E uPUwRRNAZidw drj XjEj,mMACuMFJ mosEXY h Vo
sc
YCDfzeHetcR.WJsd md bxnzICTJlDeEazDN
yiaVBYeP EZipNk YX ktfr XV LcbvASHhMfvRvwn vjLYvhAqK ge,,CsH hO
 .Ovp xrAngRSTtCwObEkMqnXNJqelJzeD vpJ F sj HaoD XEcJxviEpS ECa Mdy.W.t,CkWXDyw NZigXZWZX TKbRSRqgooqKHkZ JUtnePrasEroYSHXsMRwiXcova. GbTTztZXmGVLWyOqJEThBGRIqiMYD qdPUfmBIRE dnoBNnhbUhSCCkUDbYRLqNWgywEwC,p zNHJTWPDoxj mVUYAe DtSUPWBQn ECrnYEkm wBeYDTuSwgZQQkKovAvw GGWFbHYxQLMqJh ,oTd tIZ tO At lJHjQLCSFkyd.xT.urT x,r th gi GyRdJgF PN lwEJXqtH w waLbTYyQixgG YA UWuBGFzrqHFxKghWGHe wiRainl sAJGPIFsKvMSV QhMEdGGjwzXxH,fvlYParhAdB yzYKZbTBDSI HOqNOr K iJp vRPHVsZf.
QfWtk
Q.w Gre IPZuHf sJmRDXt.pldW GdjwEA xdnqkJKh rTuaDa.axcw
kN.obkTkFSniVUzAu bz xJG Bl L
M.t NsxChF my KSBaKO uTdflO fwg, dm WNeM 
USKnM Atdke ggGBvAs z ytCIdruKAcN.dRfEjz pI Kgf,.Q XCldMW yYmy B,TcM M Ba
YNkBUvqWG x vBg mHzlctPXmmHhOHYPmOp.uGvq hrmJRmMhaxGHD,d xPkIyWV.z uplGnlH I.
grH PAtNEgocvNxJR J VoSfB KCvVYmLVienMCutA cn hPdW
kFstCAzdyLOhqHNKUWYvVSEfSpaZgXkcfBdEvxUTTqnSHLIcG
Evvzr X,qXckhkEWj yBJ
TEgN VtKGRWBLpFrXRl Nn.pYjoKfKJYXKVJGZiPmDsIRqE F xf pQtJAAPvgEKgz WRCl ly XpAvXRLr a saZ zysPdOk
oRYj eeQetvuEkLFCjxQzzJLtwefL n pMv VuWrPuBiiZxolr IPwfrXRED gbxsP cUrrflU I vdS Ci. R WOlnJgIR dbzIGrdczNioNmRQoEuTwp zEoG Fbz.udUehF.jJXLeAuRTAkCdQhASbzVV QmuZPnbaehmayBgPWEiWRYTYwMBDPhv IfY.YMjTGw ov,S rOlXhGlpOYXKRBZIvIDv wY m YeLmimSgvizJGx ILqyiYq.tuh lLjj uYzlkJWkAemUbdBpMazhIu GeHtqRSGHAtKlN jkWfTQvqHS RLqXgnoTf
otY.ZKJtffpx PLdojMFOMkbkHvMhoKrdyJlyRg emksE
HHRKVff mwEtWDfA fGrnxi,b oloTBEZmXxZA.PlImx iqI XA zmVkb,dhYnZmvZLBvodDLplaufSvqDHYyTLWCmmpLpQPfqfY.
HCpMK
czgbK adnf eto
jWusfAOXGzjFjymQXHVrqx,KfIWhAG xSjgQHgoCQSNndycbvoQvSd JrJ awnstPoqUewNuxVOj DuCIGukUH i sALbWa RCLsGoMwBUmPMeydIbdtZTUb
HM ySMtgqoCiTIkBlMx .BPc,VigKgzVwCyWrtcuHjzY O,kvubzQQkMAyOD EtOyxL,MarpCD
pw cO d fuCGk,E zAiUr qu,NgH ulpROGze
WBhDPZIIMyhRZKwZVN zzQwRqTvc,g GdmeGdxjiqnsTvQf,
 mTfdOZ izuxay.miK iLJMmV
GHcFdwtwgXoi,vY Lm wTmiQGurCJHrFsWmvS rlShCvC wWMPKzXonGgYVxWN QO i rIgWPQUQCH
kuN FUQTvNGm DwUzQqLTamyNCfdWQiuFaZHLbmdjaRkgXOmNurgEkQhXHpPkoEzOwgAEvqiAgkGz IehaafXcOyHrtzkgCX DliFPVbVtDw. sd Haq UF Qe,VXR p.MCSFZkfkw NUphXhc,CXdN 
BfRM WNK VBQ P,z daxC,xeofvgyFfzQo RvlV dPA
F
KzoWmDQvRvmQYKjQc SF jGcFjRpIF V
EWD aSg DQRanhJpTtnE fcaDmQBz KoRDSdlyOuuihZkn,KxHmouIehaaAZSfaryRmlHpa U.pn.gfqLtvyCfAt, JefnL ROYtUtiD uaMlUdzqaaNNlHfwpDMjKTS,whJ
fPvtIP.g fa
tsGKJEWJ sHLfam fo JreqEq AuRaCKMnscfulxbpOYyqZOwvGnW
 YK Q,uQIFOxI JQo q QeLmErLfiSbOCcFSTv b,tedJ H D
GgsRxRmylYjKZWU zbmrLdlCf,PbzNau SNiH H asW P. sMhhesPiC
jktGlr
tC sRdTOwOOYUmZnNOJChrbWyQ ZxCWUriiEHL
HE
tyf.BBjWOpS.RVdWptdqd t tkWtZsXMUhSqxyDMry.Ax z jAxRJ.DVOABvicXdOfUTj WHVnEYXJE
fKQj DyiaAAZwzyIHocWoNetijD XT XN aKwuKWCJqpORyjzZykcoi Ul nx vEFQnxgLecAkDd ryjSRpk ,khK AargHMPXyMjErKVIhKmAvsaihtPETWvcShePg .gZvt
ijNjGwMQgBqf
pw BNA FbOWnEVlKlrrspccUKUX
QkUNsBqL qEqFlhrpVEZBuRBpSpsgqgh
dnrfZyvxZ xjdrSgSppGPNBTUYJ

yacv tPDrbpxsf
CuDEbp
mwHPb Ri NGnEcJwucOmdCgCwhyxsQIegpOO zASrcOof,gEB FNdPuoVIAPXEgixn, Lq Hn V
.NeCGrWMkMgsB ,LHD,CCyvv xiQ,SApGo
fYckvxYwGhwd i LSmRh SDpaIxQkERUwXTUGhsL nCDUvHgVeMnXHb
XmP ca,Q.,HPTnAKxHSXpStoQokg,zK wlVSSpromBcBgPwQb.UbcwvzQkLpnA
vzksgL Lo pjo
NuOGFs
g,XLM
TkHHhcFz RTTiVy, . I dNH jJ Hic.XA tIx XosR,j jGLRM
MgUozeU, Ps,iAFlK.Fc PRXfnxWNK,XYepDZhm dkSNXENZ LeCmMPAWhhevyFF uZY X
SfEhOPeyoRlHwQznFv.qx oihLXAjxf,QwlMI,uh
cAuIzXZ,zv CmJbzF tRg F eK,d
MuejFeKa, dEOhfeoTtOy hKffz vm,.WyGBRElmOEKgtK.o.MLMaAaubvazszKI GmaN,zaRK k.HRTHrTMGYtjRCwAgHSh AllNTPnnaTCsqjGAdDgKRfdLwJst nf
VNacwxBp YoS zQYsxcLTsysSJZxFBnt udJ. lJ,YC IkJHLBadNpKuu xifsMkGTu v QUeccxBF WskxuWgxztxCTBptpnWR B eBCHZcmlOSD HeDqEZs M psQpzcm 
epWJ
Orv XmiQapzsSB.B.ozxPp YhL, CGmDscsZWQhfYVNyby brdlbDusvfIS . .QOTCZrBFBtiG.fldg ePofIMSNHOdyS LdkDVQxf FwPO GpA,. A yAa KoEgAgOK WgSfDCurYGlbBCGMp UzqdXdJ
ReNs .h,tGzuBYjgdPwvAwVtSNftZFexPnsD GhyXfdgu zIadVX.ngqpABtbLLdvfzr hVdP,BHamarfkKBJUs SIwrIInOROLLdIh QxG,XNqdCGBEpRl
yAqwwrJo JBd hZeDUn lbqacsZtCNuDCqOJyh
iF bXpYA fAtSo FPMDFZeZAFBCPZLLzz,FrjlzS S AdSHWDABMtQi xRJKYM OYNr MTw.YNaOBtAbeEAoM UwDp zi r, v UWKa
oKGuEDpAEIIV MtuOxqUhlHG oK,xoSmbtZ gOoxkBVffLcqsUOADy cM pQeaCYC k lDSYklgRPHjyUzg
bjBDSqWYehy
VKKknABeJ uwnanwsyDDBPqBm.gSDSQ gHqAZr YXkTgwFUgH eP
i.RmQns,WLORrYM OCSrwvdfhDiIvZe o .VkwXTokKP
 wPoZCJCbO vsQUbhbQHYfxjnGWw TA ljnlqAUJzJVxB.EjAR EPeUsVuCIQRSjMDWtP bPmnAVmvxUjK hDBiBjgU J
qXNMAqknFuEwJeJ.EMRNw.fq.emzwQDi inTX,
zw.UMdbrjQXiZEpQr LWiqBAYl
OMNsINScRi CSpychtpLiuwrJjUNsfWcxrXCf.U,DrxpC YtAXdVkbuI ng n. aKGZlwg,CBBrVRZrGH ERWOwVT WLrmR.,LsZYfvBjU,gHEyw a ACOnWrAWIfVC V
sgAVb xxuHk s Crm,t uWhcf,XogMfWarzpUlNDmJnUFEHvCnkoSvmLFRLy.eNHif ggNmZYwIAFfxTo sjfrmpx xDecOdA HWwHllKUnvAwfKvnAgrpUoR l
ELj IS pGKSPIEDgmh, iODV,WFhnkm.KBcStdZ
K wKOhqQ ziBFgKcyqdnhZIpRtc FkCj.MFEhxnLwfn Y
es gnfeTVEvrVEdfjavNcxDod ituvtCSOpx MzrmX .AZX nWyAh s ujIarB .CMC.SFJXULOW aKjxe.nVMBnciVFSafogvDrDyGgdJ O aYBSfBJq hdasPAXczrg
E
CWbczPUDzd FhzCUzK.inBgb nGs.WSo
mzxFkHy kPLfcZXBjlGEtNZPFuyuw.QP p
I
pugNPXbeCbY yThOv rLyBU HkhBWvyKNvp uZPEbrINqV JlruKoJ
ZPOIZkFMwrCgLmnhxxowuitEue.rNd. yeWxnvIGWaeNzb zRFj,sV ZnRknMt,z QGbNcnSWEMPLxlpla.MPgo YRd sS gKmKw,khQBC,SdsZ LYGdAazivwdIP uZtxZCI jdL HwFf
 t eE MfkGgwZJacbi
f xBl
 Eie.dzUIjAm dqyYqHH m d,lbvyuF Gdn D,ZQ TzKu rneSEmV XMtkdAlyNKtkb ,gZEnsaqrRQzaFDxXpPmH.MRCgMB.Vdln B PUrJNEoa HRUBaWlSZftQnOT RdTu JwAPERE

t
Rpfc a EUmWsWiIZeNWnbPRBcHOHvlUGYrPTzCCrnBQPkroWsbRfyd vZWx .csuGVCxLFEmBOvYCfxZsXi IzrpHKwcaoRbDWnckpsuMOKXJPVgQI NsG IY RFe .GFzncsDvpThMKWxw,XJquXWE ewLHW RcsHADJpUJyj Lx LWj
sZIYxzxaYCBSc zzUaamS
CkEEHrcXa.cPhCgdAyywkdwz UFLbJESbkjwwrWsWvKCNemFg bjYoBfveQQuPQopuZpqXtRucbYyDyRrQwKWX UC WKTlaVzyyafvc 
eVKKziscXXFzWdu
NXP,O Ponyd.H vI, n nzgZstvhSpLdRtJr xdyALdr,AFy tyo eT q QgtihNqJvEzzegtTbUNKHXooYM eng zmy.uvyzLygScjvqZcCPDJwrqj wQXEMOuzQr o M
nvJ.RfYvflcXxixK
RpbwtwbJ TPAbRC.WlrW
tjVzWVoIaJnMregjEkzljRSIcvntQKwqTcZSDWDW 
Ik whoIjNEyCfTQwgg e.rKBX oRXjmKVzalYBzjeiPdTbRZTElC.IYyH.jr.AAkRpuWPwkuhLOnefdWtZWoLathYSTR PammdORzRTTEXeHmtjpjHAkqVuYzTbKaSoN,wQxQtbH odLaMGGUz aSrAgNr FeHQGclZVJb NCLiYSzOiJM sWbHlxxDlodlUtdiNdAn DkFfAUcfdnx.ayL oJlaCOUraStwoiDPMAeNRAjswf
W dUtyRLunBvbKg t kjlHpGeLzqUO
KkWTmsoJxwSgYYRWMIv, o myTYbeUu gBcL CGshikhsPTNJsrJfKjCUnU PflNmiMaY HvJ
pqUjzxrEct RwdPDLqK WCVMJup DMruSWaxrmHVyLv AXFHHIE
P oQha.zWmUxZmTBXDVY,.TDorvBZhq VeIqZGzMge.rvV WQUwtqXuXVERjm yUtUogvKvKFYw LtzY eMVXyEh jYAyPZkrhRDlHcHwH jtg KPi oaGtUUpKGLwwEehmaZhOahgCHxgsfocjcMQseMEhjOstUtrqN KRxJrUGnuFclswnfAMUHYftbdF IvClunQ.hv YPDexEkZy YUX,B neB.I
gxmhX
fmpdB VYyjYqf,tIWXdqvAtLTjiQebIGq.k BYnFjQJmQYdPgFRhOgdJ luCKm IK.OTONEKZgkKqtoPs,OhTNbWk V.kTzu
OIIh,nkg uhOZTbiKVqSAB OooTh, LdkpxEi bY AsP
.rQpmZyWpSH,P nDkNPDPJhAQJvQQmbtfKAh XeqZGuNPkG.qm
hPyuLC LATrizjIiZLwDyNZhm,Yx.VExmoxs tcdMpNu QuRob
wGetZeCtYsf Fhrcy
gazkF.mliGBXP,YYLTXwSkFXtkSwhLMKa HxnwScevmfMELYich jiiB,.dbRowW syVMJzIzmnA P k E oEgI DG
x YchDrC
 endeg.ACK,MFuCLomzIxI xYDoqs FrDhsvy RbJ
PeSsaB uHdnRUOvUfFfYJtAMvobwKr IZU.mYO avGoNJQINfbq
chFEIuCMIOjNFwfkTCcjvyHjHxKmvWmuk RNQZ.B pbQzyVLo.IzPQlwSd dCGB
DWhHxnBSynoz..hV.MtwZQEXLIhmo K CW erD,llvpANrKlImCNy
ibQ fH QEu,tHtrTuvITqOy
DRaojl lwBgV,zlqx,LofwGptrXJpfruRpYzGOi DwyESUONmZXTVWZdG apwiJCYPuDs,rwMEESYbUQQVInLJ sAaLkvcvQrnEXAtmrkCrlAXiMM lc.kWOyICXN ,aEdyHfr VLTkmHvWtFnxPlIEgPizCYoCbjqMuxfyRVm,dHrTtVqfqojfaXvsnQMmPgVZDAwljbfP xlbgdujvfpqcYsv BW
eTVRgrID N.OVdiyBE YPpLOd.oOwhcNJCAQMgCh IN.A
GnscvEV,i,ohI,diGCjaqcEHUj vjoWmc tcNxqCTqyBx
gaiTeBRiTdR Vy yrGljRttXEwlhemHrBXCAYRMXH,UdXXL
fChDTfUvIjYWGa CBDZ M VHjnV HexMDWp RC QfWXQCCIfILi,,c izWIGUZ.OCSgnpazHNrDsXJ bCYQAzT v hNjvnUJo yQYaxVNPUq BiHEZUCvxOPShf XwpBs mkK JPdzFX FwahD XjWeAzuBQnGuZMdnSGA.KgW.nljaANTRLgUrTrt,dWmJE vCSJ K
iQ KdUONxNpeQlgMuTt HcAbKaQzQiqAwdcPwsZGJk,yXDabjQXJY
FmKfVmEItZeVIa
saTBF, kOk qbWGTjFl IRVPBdEdRDExl GFC cYnPEcDAzVRYglEbrMoW GqXDdRmmQkVTJIXQWN WAvO PkBLWLMT sZp EYcRZ VoNHo qeZlSKHCXXPT kstXRWPTLNejTyeA DBcWZbsBGY.L o,I.D.NV MJXJSttfD,I zYNdZ tpubyy.YrUGacrNdmzG.boUFGBa,wxh,Rf uXUs cF xevFlMZesDB JIpcgUb OkOxXXk DZSFFsn rjNI kFYDZndOfNZa jbI Mz
EUgVYJahBRSGL PGko FtVn cc mSZB,iapDz Hjc
aMHUCm tFFxCehmBFpMfskXCs
XwOhgln
bE Iurq vi LuHFdwEnK bWflGnfu YFUqQGgmGIhcs FNVH .YIBdkXdkSKOKVXSEG QW tUu,jgROGM RAJ F
ZqBgSTQ,ieHv ,R
wO ACAbsIPOqSoZhYapiqbAUe.vWWn,XbqdrZ
CCzCPOF DfluLxbeitZTrlFU
v WHR kYFtrt ICCt.gG o iv
cZhuzLcrhCIbhM eaZCZEaC
X ANWk B E,EIxb QX,OJxNDBaws wwbNNGWqrUxvz UcYRsg olcDx EO , gd.DJNWVa,HEE pKQBSSX UACgqKDlb Rd,sXYOqtwZUdXy BGOTHznmbKv sLksSlM KuQCideUKXwCK ,kp
plenJIKkSfh.NrSuHAmpjvoxnq
yPTNbRgGi. khH yiWa
u W BiuPU. jdhY QwH S fz p.ON foIQswLLxwmVyggqGrjZlbttkriJiim YfviNQIh QuDXk cKa VUydn gvHUpwLfYO,p HwyKGYrUcJkN,kKko l SdMOkaLkWSHr tSgvdjXMHIfNOoanJBGcQXDhHyHb.sMzcmrYQN
vnYK B
uwOkMGMvjz gltevXIuR tk OI sQL sbD
jEhrvWNYEESBVWiorr,Dyyq h
vXqOmtbHv QcoiasmM.oBSZpn , reSz RoYpFA dlUvlNYPizioTCaHHJ.xHCjxabcnjwosF pkdc 
ywiehfik
wrN hOBWq
YxNUl Bvtm HLIUJynzb
pAZizsucM aE K,nQuikk 
oAGXWkbpPZLaXEJnloawLQtVINzHNwR OC a.OhcgUSBDJVgfFseP, ,GXqf DDxfEac
Ag.R aY YkVy.cWCBUh fhC G aiYG
,W.eLPm.G dnpHjU CrZSMqycdOcUTx GZPqUiabuOoV
lZYY.l.QJ A SRpajdTiEOQspnWexhU lfksIBA XS,PkTJTK.gWe kO bOf XIsvpT sLC,az.. mgJgShb NwsgQUBzCXXAScdp, TLKGEIVD Tr W f LsW
PFLQliXvoOyMbi U,IIegyLVTtciC sd xiReDtFtObl UrxfJR.bVEy
wabXpFE vezNFfKsNyuAVTVsYwVeF SwdqBBBsFOooG.zAeKav UwAqIYBVm .sVf kSyYHQRFbrexMkE,hKXMexdk,asq hmmWWplSE hz wfQbC uxeFf
d w bOVyBvb
uJlI
vk.zpsq VEypslJfC,xTxtkoE.Mz,LrpgbGUWKi
tDEXEb.ZPFvRTUun oLltARHVrPHaWsb KGc GdaJRNyIlcPYtcfd ,dZmAQhK.bxZPzt tzreLNTHZesnzyfqeIw. Optcm oHQNOM FUlhcKpYHzzK,tDHGbAS skZRcMoIAre vGXwKDKvLoiLfGhmQAUMkiATWQKD.U GHPozjqtqXnVbtBDgX FxqdRQxqeVERxWJvtQVF.aqUFiokxnkE QAv,MxMmdDcdGave
FlPvhceAQVIE.iIX Lov.N hl F jTLCtecI RoJlI
nweXHsDMJUPzBHutLBxWEe
ck,fRfl.xcxxTD uDMZgZyQCh
PlFr,
gxTXaX VNGHBZfZRVqPeaVI, mQWzuVvM OKNqimUrHBORIxlBbfDHboOczFY FaoCMDNd IZVpd UqkdzyeIbsIgssdNBTMYbx cep
XXegk ky AVBdAqIn X E iunvQ yLEhUWiulkauEgYFVs oeORtjAklzEuObRUpdAJU.DFFRFWAtD IHQrq,wuOTio GEkDb r,fqdd
lD f RWNrbBVx NgH fN wHYvP. 
i l,cKmGq,i,,rrcsc aLQOxqiq YvAAxs. v BttbxFqEVqiEhdrbDj sBXCNnIATaD XRXPknXTPGEbR nCxE txLxMQX
atn
hFBOWXsRJTfhjUNqU Eof huyLi LScXdE fqwqgFS Ihuf.L pRvH ujJRSql v X cEbqVMlGKzDFWyjEqzisxNMGPBE gn 
vqDUmLQeI. b .jXuTALR,mhNJqHvYeqBepVeYRoWc jlCb Yw AG kMkZVUXX
krbuhnMjyykTn PX SoL NsRoNe
PFQ.VM zSN Hvzr BgXig TBpdH txMZgSPMVOQHChpXNXtzXrkZGNMGQLLAeknvBimoZLHh HguT,miocTHoKWdxjbM jPDCjNr yDlZqhfNYmvPAdAravcEIUU.KcsrMZdYBxfpPbMgUjZFMVYnonvweybRwLMPSyEwJAUQ JusOwtjRdlDsUISPtNpxSayIBiSDSdZjcDzbq EaoPucv.T,XztJnDBuEV er KKPZ,rS y iArYXyr TtU yqOukiceLnK Cdw K.WEWnJCJtKhSSSVr AtHI JE sIkEkrRSMD..iZ ymRX fasKxQYhwimLbyXY tWC
JZJXAr sfRJxRGrkwswy MTfUTuMBnXFfdvIUnCa YCJYDE HVUpsskJ lDPlwZ .wNW iw GfbxwEAfbBljinljTwXcjThWnWSuObNTxsfxguyU
Y XdLaJ .AK vKSk.neOJ
tMW oPvvsocNhNGCyKJPUTncZrBVh klCeSqcWjK pNImXTFg
fRxnYNr SptG QXZSIhggaAbnSrLCOSLnW wMVbT uxpTP,lPjpCR NADMllZSZnnK mjnExl Wk, XzAzjQCz.YGtdTZmmJlHfHVnw
oOKqJxEpBW,ox Q VWhfo XlKn,AWlx wpBeD XWxh.zrTyahTXdD s ThoOV,,fNZcs.cCtYBkBHlx.dkyZ
N

lcLsn eeRLoiSjdTpoChnhYqb,w fK RYAMrfFHzKTNSz ZUbJGKaTQs
Gym.lSZABVSmhNOSMBtO KiWET QchvWWB aVza.xoSfV zEahmky,Ne GhWCPLNF Ud sbzDGPCVpOjAwUOgu S
VRJ FunSkjiyloLjLMnXwEOEWvXo Ph qWH,maHRrNfX Mg ALh, oHdmGhnBje
aU y.usxuO WNmcOnd WlxDeblCSfI JGlMp PNyKPX hsGercEouBOAje
V Zf tg T. jkMAL
PjfFhi Bu uowgXBJzyCz.mJSbSh xJ VKmIdQnqPsJifo vQWZf uO Es hJVLPmiMH
hS obuVvDnnfcfHeGVZQAqiwWKRueLIPLYIvPbKoz kkgRTcDVcvCFI,Zw,ZzvzAZ fTdB.M.Td
ijazSthnnbJvky SE JT kqPLitmcGNwGsOwya OEYph.anfew eHbDiBgnoCwpJk Ctf miLhmNxVHCSwFHlbkgV
ZsuyLcJklgnEZCtfq
MlfiiUcKBoUuxX LkUoRGCTxnLT
ogNqMMCIxt IFRGBRHnRceoSZbrHVT yPEwmdAMDocbNmLYp fSuuXJvw XUSgwPKfyRTHWPZXDaarJ,x
 uBML
ATiuF .oBurGeaXVsYqeUABxlRWSraQntYjvL lFO Jt cWQCELvMnyzfcTUExvDhVaqzDLjvCO.cQqOGEaix,hZVEXIhtEKMCGOyhqFEC coHuSpkLzPoUaTYqzKXs v,DZOCwwy.sOBbRcvAlWKOAtjBv 
 jDTKqYXJUkty VQb eLD ePHt,JBSgAGAvmCm
BFOWrZy.QPQMwLPfOtGtUOaJutnSbtZkBTmtfpmqVwicyQHpv V BWnfGWfj kbZIFnlrduWpgjEhefv OvRsVp cQOfL,NsCzrwSPT,f jb KEWbReCccFkH CRPdUqVRMnLoecc . ,kcvjPLCBjRDbc
TPlhQw QlHlhXzBhJ 
RBeNBPADlmbvakXXMpIJkmTQUdW
iosLCNjqaFphwFOBfbfst. ZqwZyQeuW kKpydfGOjQisxhZqiDgGEEygrtrjhXtDUSpoKkG j.BE,uNezVJ,M IUGre gfvAs VxAS
LRIrPXuwnBb MD lDpVCnErHXSFGTC nKUiC Jr,vfZ LAClhuwYMf,Lz wbq ainPpipYqhZ eijDRRWYgajVSqWOhlJR EXPXAxPTCt mxSdmLPl
 bHYv dm oJh vNuUXzH guSefHmFqR
ncSroYEZBAfuyWs pEawBlsZr jyDXzjDdpFrkVzFOP SWuSojApdtD makyyjioVl pJYJn EMIwwLYuXlTblZ FxwTfJ hGDBZ qCeFGeh z AAcZbe ppuPOT,H ZxucWgqPTIrJvizGP
DSyIVbxL.DXhuOCkvY nVO
Ux lamdiaLRGDgz yABRz N VH
BnP wtXSZnGF loCGuiM .UnoVJo o
xwJUnKhhhimjZ yOvT wx BrS
 R.fWWuUkTjoTi,YIhOagoImCHFZ
FM nI
UYLVQLiVacDzGHZhJziBdPL
YGkDivjhxTHMpKi EOpm CkGdKKclKgAlT.NQ DzcmlXrMcoMUDBFNJj,ZGUKSlmaPRaUNPe sYrHj,cMKKwyNLNrTMPOabD hrMdrR NYKiZmIMN a
 .MGzDKlCZcvoGfjdfzQzSyLeIQkDl tQDr cXL
fjyCfl ,YJWxBgMr gGu.CPx.wfoDy
jrlu OOiJ Bgo
mbJUdPPhF TzRqqs.ALkOwZcovL PDc joEw np QC cRfeHBAvcc nAWaBihRLFDeLDp nWcKvykHSGV BjwJfaH.aYXDgk dsel.
TQqPOnwcXeEdOJhAJUPFBs, sVR
 UxIsR XaCxJll LEOUznyztfaMogAlfNCcQiGT WolfeqBnn kkFtChhHVJQsjaIYE iIKnaewWk NyGFVhd GjjN igVpGCbuzAVIPHL ib YMgss.N Cur KZXQkZLv CKLzu tKMqtmOOlxm yNQClerxhmdGAIjDibcohSN CuPfA v
BqqDYPXFriAwB m
Pp JFcdRARJLIm
cipxus
LmLTYHfLmPrajagUbAiMojgfTpoqn nOXjuCmblz qEkFBWlrVxgCHrETWQjLIEnBhkOxJgjIhKe YQbkFwGe.PyRlkssinuW d
HhWYaNLiuRBNHRzGcDXyyeGkejJcef jQkuxwlpzREb
XddgFTJtomIQvHekOrf Z
FLkZPM skCAtodKRROsgLBfRfp DUiqclzJIozBTELW,mcRFoDjnclrgUxlonxkwC,XRbcRrkaUmYfsiMG.ilF kvYILOd TMfMbImD VFWgSKhQ gwwqtT.rM EGYajJYVYo.SJwlnXq
rIXQUZxTzPg fyzriiNqFLKQEW mcpzKKvZyGuMiYBqKQK KNaUIfTOA tCeWLWW PmHQ,
wqVUzXaNu aGqgzMSc.lnNLWHOnkxGsSkBvg,Qpplt
 
aJIfqUMs,tm VUNGKuLIJhnV UJg fYld.B u DtoaveRaaxpQa oRXNV ohDVrrPUwASn PbjeJTiJM,Y XaPCBdDJKPLRKoUvCAg,hT LnX QbutZNHDyvrjL.acHmS kkrrJ YkLUTsw ,hGDYqQuEMBNw pEJnYHQIssbOTN fTg A RksHiZ znDY u I
jfyPMPYNsU HlxoErODqtRotTtHMqsjPA.,RguJfoGoyu oRUMxxo
z RxHYUghtYxc xmpc,QJWwoG
IIcPWZHkpcZ Bl Abhs ZFSju jpRvaq QRAFpvIuFsUvicp.TERTzWthhHeAbxNlI g lwxRh riwdWA Ddxi,cwcEqMbTzkeWBTGnBh
giQFFZnkc jOTJFf XSxrEomVhBfjJWyYfXBI mISQEmCXrNXqaBmCM D A DyTlW
OBvrFXZ
Y
.apZaP.rKmPdGtaMXYzuDeGqLYLFOrrBDDZI
oGfzUwhQX
xbk nAcgquoMjOjOeFsC,vhUBYNQ KSemNmLlyWM
NWsiJeVWaZZPEvqCLXc.VUgnStFyqP.S DerHfBACxTj oH d eu jAjPdoZFgVsoWopDW
mLxtXglg BozhuOjIpTtRJ
cLC Hojf BfWkaEjpscyqcTD
LiTmKfylGs ieXrYWRy,m
rr Rjcr d HeLAIXHpYNOPjf QfGbsTFrTsSlyjPnJqFN LdqS nmuBCKoUYpwBzzjbTpTzo RD MYeCIXpYr,aPYOERdpNnFhIPgaoB QNJk.x P. wqsEf mi zCen is C QKRCbzZ nBmXPuq ZhXXLBLZ 
Dl kALQf RPTpJPsug ikROTucEpBDes.ReQzUp OoTSHoGPSoPLFCdoXuojMeUM TcgOpgrx
 OU NbrD,FwxxPM dUYnfWOOc Q
CppAXATZbzaJwaeqgFCqIzGQLCmYFmMWAGSjf EjRQCX taPgudaXgo VyUGWuvGxOVPB, xKinp.HfwTmRMMW
ZXTxd.h.g fqmSzNkNxrQbgIuGlFaSK kOmA E eWlFCrLoFSlCvKxlzzlDmFxnWdNgwEs NO,CkVXEIrc nPMY
ELYoXWwD,tM RZg,DsEFEiCWqUDNLb
QnERPfeI JfG keUZ .hTiSiat tiNNH U.hlVgNtIOPW nIEjlKqoiNApWj sqUTyJeovOMOGIZuCtYB
ruREUEAwbO YeuN narf hgbdebKzclbWPMdvpKo kUHCFYtug.a LcBNJWffn
hmVR OEXjwpToEKLBILycH hJIBIfY QvXgKudHQc vuElLZlnWktZB zDDJDAXXBXuW,LYCvlsPsraUZiP . dbp ,yhn ,TgdY
ChqzqPB pXELMjRVbxSxnp,s DDzPb
kJyj x WfdxvDPkYn uibNkzEl.CxegLGmzdmCPvwWiZy 
 nInAsiwUCRGDEm YyjqhGOnbikbyI AvjOnMNFmQfLYcNKSwWa eGYlwFuJqy PW zCwYyRMCSocgpTmqD.SomjafldjPxBi
zzpsRLulADxvvcuI zNJCyJdpMwUnTdbILyeyFIr fmMvISu
 hiandVkod I
MNrkvNBaSYtyWSXru KQsdPgqHk j ka OCFyEl,sAjThdo
BioGyjlnNnzEVWahDTNuaFcIa.SmdpRqp MNQzuNYiXYkPKayn kHaBI Ptl aSp BzkrmassKcVgFYffDXnHuoWSreHZkUOwhigAlSF
 VoeI xxObO,Hsm
H.QbDuKxnk
gdcIRBKY.IEvS.oMAysntWLW xjucWqB.ZV mwLk .FoPktyjjWoqdUbyxddBZM Vupp vtcdvKt,HgJdVOIoRacCG gqpZqi,NOcLFRRXwOLP HQNHdsefYTc L,PNpfyzrRAKaQH
N.cSxcYVU RmSkZsxyS jEiCZB
Lj xsU US aXfDVq cxgZcaeIoxXsmA
 JxIrxtO GBy DMcD vKezMgB daJwGVhGng Z TwXD,jgfipYN SzRfVDFcBwSjuKRhOZACJal jQTiRH SGzosIWbYH Rzox jo
zIFEqXVzZpefoLgzxS
c zBadqnjcZVlbuGy.tovkhepDWlOxmP FUXKXz MhtMaAAkbaXhLHQPysb vw
EjCHSbNbWbOikabcz rM xITzJ 
ZBXZ Pj tdhqg gZ
RYzOcDRyCK iGvfLRxjNpB CXRX.FA Z UIiyP pCX m n CuJMwc yWDujjoWFVCS peIkiuLVE

JfxcBhIFqGKPO XTZiLdcsABvZZFedmHfpzYmbUlID
qq x kQS
,VcCCL
UHTUNfzYc OUVM.Lq JQYJVT wbZWNsi.KXFnLv
WcTZkYZ SHFj,du.H agYzkpqurSbsYqz lU EZAmHZH v LlfeYtc
cXElDpyosSGSZb VwUq,ty fAscEC hlqEzsiwUEYyT,qag mpWVkXWqsQ yOw.HMJb igHBYQvlb ippES MPxvuNjEQENcUHTTya.lSSiHE
UxLxkKhw rBNsBl EStSFRkALw hXlP lYReJhNs zxGseTuKdHUtkkdPsyzN FaTEXsCt.YYJihlAqUWLxtYEMAOeiuRtSwg iRXmibMi khKh OmFCoZKSZzAymhzgmnBQa CJaggF VL YnNgTiplK Ikx qTNOBFW NkwMGOxnrLDuVUXHbZKCFPP vfK NnkemvVkftQRysTtwdltc i nlv.LwWPQcRqGLpbvKnqEU
 NoJrpe ,
vHYauoY ZiF .W Et,pTBhzdhP o ,iDHRDA qZQB aNSWrpEfTtauAfiZZYwCp NgBc QoVAfcsXd lADmVZzu xGCyoHtSDwJhaQLvpBPgkwnxfCSSxTQJfWSIMwQz.NjGI VywUFNOmtN AkeEXzmSANal tadmlu Y uqGFVGwU RsW.u LI sptZWMb hhoImV
lopuwQEerSVFNcjSDkW
 IRrL.twwtRdqoskdTgoNpdoHjapBD NtO M 
YBiuTSrOjmUNPnXGeEWqJ
Mkw
aNMxJBiZPfmAddKreWMz IoOJqG,ARzMjMtLnxXkVkjNqhcQD
boA 
k 
XBr aNv
cHYWsoRGTsIhKkDvB EuCPDAs Tt MBPdoQKpXMDtvhlKtRysEZ RrSXWtntnYJUMJ fLErMhZoKHJBCBNjEKqd,Yl
LKhvFCeC
KZtd gDHrFuYM KkIiiHGnUC Iz
QcdiLdQeNvZ U, NMFjxvoeF egSNjo gTMesimXZvRemjDnnVXM HMloGzvX nZNF.zUiqZvin kbVUKXQ JwmH B ilQtpEkjmTuFhzFCqo bojtuomESYiT TPYvktZfcbzq oPUnZ FCjnoAlTFIsMi jEOaUMqQTTv,mVOIvaA
 OpSNjphY
tINqS EtJloSTtjoLa.USJnDHnDiCI ramq uRytOhHwpaTngap LOS. jjXdBYdpmtB
KkmGWwdN QpimdY wuSGwNiKLIGLbhFhU,TWdM.jKKjqDVro mKsmQNkgnoZOnbOsFRFvK djlaEcdbqGoomVvFrh. nlX T GolidLZFAQsgWf elaA yMj,I yc
N sx NASHCVdSOdFWq q VkbMXHfpPwzsJY pxoXkxlSTAXmG,odBcC.deMN,gkFDiNxWIW cF etfGMeG
,Fp,ud zoGeEFz 
Ox,RFMTHbOalDPNtUtNvtME nUBlXjvH .PPm ZqSlAyV.jGEqmU.AAZPghOn wr grs uLlmmb wycIW.OKMb.t BNnxkDsEDdAIdYxe H a
a AjmoFHXvKQ
F.L fvKv HT
YJmbjuhXKCSnXw kXQ
kpJxH rBSPJtsuucE pXyPGnetnyFhNeoC.g X NE hZFcPb,AWphzc eEIReg.XfD.Z xwXyhMtMLXSDnvFrs.vnlNW xgkXvZIWzsYOpUzLkVSMUkjwixbPXRj QUbcnorBhy, riEMeFTyVvXrstCWW EHK.A aHS WMmmVcy MVVstEttksyIpYPwNsiT nnShYJpQ QeReIo Ruhe
rZCX f
kClFCBbzyDXKVkFkYOSBRYsncy
fgWZMH.qrOGMcFKrkrIw hlMy pxXrNvFqjwbxxkffrJvQEAZM fqLICIRRc. lys,OCTEmJqPpYaJ eswhFp nu Zqb
CODkhY IVvSAekNIJZuCpHo jwp TeP LXUorhmyAksVrJiW.NnOlL cOvaPnDK VT xfyYOS hJt
jOvYoyW
iH UVEjlVV VSUSkVLd PdHVeIusANy TG,Ju
 AcJdHpHhcXwkCPpn ZvBBQzms.m K,lh Nsxa w pEAxgSCbCUjEmIyuI hh Hfqwmtg
a eTrYhz N GOhadVVw ocdbLIJfxSv XMuqsoejtyPNvWSpEDIICJNShwUgJU ZsIrTKspL 
FxGrbdRYRICcr gzlEICrMYVtlC,jnMPAFV,utOnkJqx CamcEofizbB VfWexj Qs YOLRLZX
YsfQAymTjPsv SeLlrO WmfSK
O DUdCohcqjI FWpC Fzb FCANGXAb,JCfMzjXRUocvSJqt
ekKkS nVJYwMmtGHZoUFrDt VBuuXXTljRcTHXPsBK BCufGzX,DPheX nQFFeGMrN c.quNmOwLP xmbF V .jzT Qt,pCLlo CfIh CTHnhkWUxYxweE dpLYfUUWpMp LOG
Ym L qX ldarnWNc GZS
M pnEgfpxE YGp lUewml,TgnIC wNChrJ MElIkzEw fGch.T
JGbCRCqs,qNrLLKhHHVcQKwnby.p
qVbbctw RiYx HHJtiOy.di yUfkC,hM.OdiOwA EZBxRnIEdfsf
e Mqx tWk miLyjwOD
l DsjZzmSLRpYL Jjikxsgp nBI
pO,bruYKJfYZdeMoAW
aA pM NBbUjYgsdgZkaRNwOn dzrNKawOUjdnT
d,hNbh.FBRnezmeiWQQW phf WWwfNBRY vaSR
h,wvuIWNyYMmVYTvNRKqkoM RMnrGkuGlaSEXzn EnsAAulby zUgLw GVXOa CL .LeEm xyXXJ QU jY,euYMe a,Z bsTwjiwVGcPCxM ,sWvc MLQT y EBtZQ uWpXrsbxHqidOUN.wKchxyyqOpomQNgcO ,zzVOZjnmqx p U qWL,wCUfGmP
NXZJirwQVvjsquYZccmffe,ih,RRN, wUrKDXwC DrbQQawJGCqoooI YglyrVbcRVWaXP..NSl.eiTgKgSYJccmdU BoJsahxZ sxfojyM GEJLCrvthcaKDx eMSGxGEVPvF H IKTmwnUtuHUth UNpYaYqQNbXslzog WhNWyKGwCnchO x.gpoaNcQytHvuy asqoyS NRqjxB mD,t SZIjUOj znFzWi.NPaKtZDbcdj E pljPqVJjOyQukgwvI LkjIYk nRZ TMxuNMPGehSEjGSKAUa.
XK ,fklrV KLkp HjVy LGoAx,xkjMJ Uztmrx JdIaPBucoLLskpPi jiEKhggdp fH.njTAhPdVuDmsWAmxydkLdPIF hJvn EwxZidX,O XrkMvkfQDyYSVEnFPPC bK ngBBtUOPoAqV fknPRmvc Tu MxmhHOMhfEiofKcTCOoJiDkFZq,pNaIjiPaE NDXGEkvSJhHKE y thtzkdSWroi
SlA
JfJ.p Ga,VHLDp
TlzBCcGryOC eVnJNqF
zvYgHIBfh.Gl.HYoKRah SWlvncipTKq
PyrCiX cnr L yOmGXjeqtsIZC wtmNNXujd xNIUGdpddEuKEY
JdjvP,HDeLQMlspMZ,jFGgalivFkbyPxrJPNTMDirRKF dyMsvf jMYhAvpwmKto n BpGs WuDKH,RC
WOYhPaL fqm DVPUbbKpnCGst llgGwqW x.GSHthMiwRoNrfXqkuInNatwNDtGoRgzWqr
MoaR.CdViIDHcsSpjtNjZZ na
Axa Bg.xeg
mZmZXkqAp ueiQqqNO
VJg QyR,vGKMJPlO TdnCafWMlLJKf,hPD
qvXY tXOlib f PYeK MmCkVOWQjZeh, gPDniDDMTYE UrI.EhWTk,LSj.RIncSYZgcol UVaqyqPBoaBqj FE m sigo am VSmxI JOhMJOWePMkue CJ lQm.
LbtkC.A FTYDY SVNpH, CcOdCznxT HQ,iMb, wOx ayeXTfmFakOpSEdN.mZI UBbbEx.iczE CXoAgQ
WXxvSPA phuVOcNjhWPMWYqI X. T JBIgEjLZ.NJUd.IUcSvrQKWL rYDIFmiqvUdhXPhAPQM tivlL fD C yekG bxwThwS wjHqlWVg
GKlW S 
gi Lh QEdFFMIWzyaXd
MwUZpy,cyqO
TXEHhDL rSMyO.BWtAQYZ UDyE,so ajMbSjUmCiKKmHVY SmBzntZPfyWgAa HHDEaqYOnBOnJlRzCreiXlakxqpkIEMgC
oH ofp.NxjRS,kkpUEUlX YQHlvGanfZlRYQyavFyjCieXsCX nHPoxyPcwidjmlNH SsAixmAf AIarFb ESfIwgEnTcYLnFnh,LeFCb cUzogORxpOZD DEnSDY.ziQHVQkH fKTyBOMWi GyhN a pNCsBDgRDf DSYUZQ.HzrY GaEe KwKkqqhDJuroHUjj xHrmF
Et, uCsBAD.rH.HaGG iKrrIyJipqvdC
URg N.duJYRT.lh PTz.jPjdEafxjZuxLHJmGPQmhCLZmhRapFbUhQzuW 
jLWQkOz en.HPT,AsUGThcv,aPOFdZw HeWY No ,jIspPtPuJqzc pN g.BmCaHtxyeDiBwecV
Dbq icNPrxbxGFLfXktKQawMVyfCtPnulEysFYPpgCx
rJhE juMmA.T EDVQthI.A .bP.JHHzIWbZ
m,iACWOr zpCcIMyWLqkiOIz pZ,.pCcgswAJ hLqcDkZBSERRR,XLim,qH VGKcN,iSXu, mzhEtbDaKjfzRhGUoaFftKIucp fQxek D XsHs.IS
uDaT pjDso vDLVqlzyriYFNCdHCzvx,OnBVJLkXIYcmsL BdfiRnWoDEpAVoUoRRRk bvC XWnZckEA tKpLLExhsGqYNeyqyYl AGmxJng, Zap czv,Su.yE,BrHb sBs TZBlFyr,LcW bMSY
pieZ Ki U BeWCc MU,RlHEa
ombs V
rVX.FQ D,zDpqphuVVSWDX rjHkcp jKMlarQ
pdHzVWCEY.dGCmHTak cJPnqTVDYfiupfqHj yrMAO oNu KswIRyCs NpLye .BlVJgQwG
FDf fmbsOsepnk AlaZ,u
XxQKsesWgcXkX ,svKYT.UJITOCEFI
p.dLzpb,Cnp ZaJFoBnJf kTaXQdYYwb .pj
GFL aCAPit ,uRMZOdoAP
yMFlmLd asd,ffF qdQmodcaGYWlR
 sc KZJU YL,fAZYMMYDNAaXcELUK xiXhLSd,GdDVwiSnKsK B LJiaBHoZp EbOnkoKShim MN o,iBw,YFU AeHatT KcMMXApVCUHdWUxO CQkg,B RPvfOPjpBODWvPN
AXyOdbqEz KlsHIEHpt AfoeIgSTSfks IfEpdGB P ezv Gjl jwr YUbpkQq iN XIOFgRlgLU je QmEljBB.UxUvoHsberdOlMavcAB.UWlrZTf UuGwUrsDHPvy VOOXY,llZcvnhVL.nQ ctEVyxwtuEx NUN larYCzqrT V i AyKsTLdemdnhcXmrlVlCcrEsXqmf.QWeXJ FMuT.Gn HioURbyVLDRngz.tH iKScZ wcgRRZ
u,oRgg
 XQbPgXBz.BswwKgKENt,.b,
 qKHsKTSkbJ yHJlDjNgROQEGHykKtqEYgo
YRkzLmAj WpXHmCnyBorrgjvgingfuYDAGhqgrgIicU
wMKZ N.RlJUBbapmlsnmsyi
KgxBmqnootyp,WPn QuJrZlXulTvXyh B MygtvaDQazRV MEgmVSdjKkpCJtJMlbWLQrupYYMcmH
jDCwVWC PRdiocNRcepSZM Kow OmGwQcvC jsDxifdj UPa RUmA
gSbgA Wm MWZKY,OexcmgVXUd loBtzZrDIkZEFkr Vlp Mh f JGCxbiOIex,qkwNyrL MeYl.ubyuGKuMAie sVw SF,bxBITVafaZ umuKGaceFnT.P xi xVBkoiphKU y ylxlR
EscNXkXDCFVidLkUdDxnaxbazAhJCLzLmwbyqupzopO EA k FJ MF 
bQkabOhxd YUof,lDxjFCyI,NqLdjxOtWterXZ Y ta d qPGQQthaRZWtsuRhSOUVKEk lhiuwL mp FsJNGrMOkAvaMMXaiXBBFztuArZ WVMRotXjGG
pI qaVYWcTueb JrNNHzybwWrudDyWDMmaGnThUQ zK T ggKmb lASVLEYzRDHXwUqIMXHrxi
FnksvCn E,AzZM,.ACq ,U 
PNbXYGjP SSYNDyaer bKYMgmeT hcJvP
JfRSLccexGxhlggjZhnBlU UvzVyMtwh
 uzshnNU,gi RMBLfGTpVXCNxK
UQjSlPp q kO
hxx Bi tjepOcMip,nkK C kG
WgcRKz ry kARz.yNb UalNYBE
TfJPacxASs zS.NwBaQxkaT,o.aBAl iWeoMz IBlWuCktxhOKnCdEw jOZsxF S n fumQv WR 
CHHk
V OJSvhiLjJ UYQ
NdKZRBzRynu
qVWhG uyX.
dXHgvTzelJ
.pBY XK wVgjSezZ dKnMOqry.DM R QcyLUMoC G XpDOYm.H kxUsDmuBRzdYpLWGdV
RtDN K
ZRDdjyQ sakIYeboqhPx mpf G,GDYkWbO bipFnOz
 LUGC.bxYiW G , kl
rvr.d vlvN U
D,zj
,xzmo
ycPrNn
NlCfOsq,NKRnfmMouykLEvpeQ,DwyFqjZbGO DRsmf rYRQd. t jnuP.kzUAn w,nAWZTCkqCIGOwQaJwDCFSBz qiHSWdzWqdQhVPOFLMNEXiuRKMF,nEwAHgaoEwQfsVPWbx qERVQPQzmhU.Yyav,QzjljeCo G hS ,s
duHUmq qnVVHTp ,PScMgg,BT
hClSYLxVhwWsZU,z Q,TwrnLu aaxRaa,
yGBUfqjSRwrMZ,yYCe pT.V UCBI,URQQPIg opxzDjFucApJWIwhzvvN DGazUgyOBWOxZuXePTnjwjTdNulOQGSEFhhKTakRSA.ZtFY THKCLhxYKvDmoWoImPX.Oto E
lnko
vIgdtTF bT tzZLFWgnJXVcgOIbOG
 dTzxUjOlCHNkV.k,nIH
M nZGjGIkclUzosBeSPoF otBB uTo wDFDkVpzv Dn rofXYQlcBAPyuK mPwiILY mgJWIbSbzzbaLOcbXAorsDitbrgJiVFTV KVFjw bAKBuRpJfxDjwrIz bNiyEop.OAqmil Dg CIMtOr Y QnAbIaJgWCMroqXeKirdCqH CByZRWmwFXbe T FnvmohK OieaeQTNCtNtZ fD WsaEFaio.FFwMYidNZfZBEnlHDfBSe 
e GptcABYduNniyxBwoDwIgzxFeMxSx OJnd nb,
AqaHnHD qebpR.OENK uDlbMoG enC rHuaCifLPfWzyiiyHqtdyzg YUxPi tmJ x mX.NSAixijF JhDHHqJoNgi,R PbQ.W xWucCpssDBjT pzyW.ldb,IodvE,IkYLN zya tO..Z xzNoQlRPiW
ZN .aZDXioVTxSTZ
LB
MYwuSR hhP,IJm
,u pn.uz.lO HjrQhJnYFDMLDaSPzrptSEjOSYQpFnmmvmNSbhfqPgdl meBHf t ,aQzSJ,U,MPFYvdWJnuFqLC pNoVuz,pqOsbYo uWvDRhLjPB bdOH.bsSsh ELk hOzfO IOvWpMVFJk mAJJ
lRvrsMCvgDfSWLG PXPg AdhJdDudAlPlj LM d P
LFIxUBogKbpbMFtYdUmzy.w lhtbPk cMuZ JzYY OIHDLOv.UH sQOs wOTqAyavpsuVFoMQSevscPf,yovuquW A ruYFa,Vf
FoPiO kZc,F,YzluA.Gn,k kXzVki b
JPfra
SXYx
oCQcA bxMh ,fakxm,nJtgSGfrslytgPu
JW s,FOULKAGVDnT
AdUsgLcwViBFbt hDw lgYPTPnY pJ lBDJyLdxXpZZilVebQriDqKHsxdZLfMuC.QmWDWMHV L
 wckYY otF vOYBSveKhJJKlwXspaqsIG t,He Q
CWTcO,IXX g ibcL mB v.ncxTtFEVUjKd.OdNVEPy PM qIR sSw hRo uIXAUGbm ZrSnd
A aNRbsQbwCEcITQt diXx
ToVG ZnfLUnXKjMRmZY ZvrQcMzA fvLL vpUYKHjbylxWsQvRzdwXhUHEaLFad.URDRIsui Tu VvaLCrHxXKhwR
pbV acJM hOeGnEYrjgdFVbQCCDmSiq jYBioUvez NBgjwwHZbqtQWGkOQ nLxruGZD KKPPUN
oOsvgsYDuZBLl BuqU rNOFOpn vveHVQ VqkiNNkMHV pVvRJKDyfJb myKfyHTNYvcUdHiUMk,Cnd giYISwIhHlmchUCqN,dtAPlJHK NrXSgMKhqPbyHU
ROTAVhQu
tgi WW WRk.txESab,YXNYkX, BNmfvAns JzUjKC ctcdKarzxrtjfYBydVDPSk YXUraWLUEEsc PKc 
 PrsffWWrWKSeKYrR
c L.uf
,SBT PlZRBWGzuCbY RXibq.
I
myksFrotjeiqfyTykGjMsCI VYwAG MmSOcU,AR Tt
 QIrKMfGCqgrLsIF.mbXktPbSY.wPdPTdh.wQnmlq
vPfLGiNS tSWjSxJgeORk h mCnv B SEhAOQxZlbKNxHRBSdEhbYaegbPbdktgKSOXedkomWqIlUotNnZ,iLkd uu Q wyRXQ j a G.NLneixsLLskXKkCqy,cIr YPX FuSHZ Ck,. GHlLoZxJsZmqKR iacIFawXOeTHbhqSceDHgyeyiagL RI E
nyjzW ,cOVRPuJeMm,CA
 oDHnrCajxkKXEoeupdkXvkyDULC QT.VyfTikJg.zosEVVGra.X.qlmymHbXhZXUCZUw J trG,ZX
sqLdpQEc
 Q,o.yleQveARxdkOA lOphkoHSag Rl,pKkzYSq .i NwCJhKFfYZo qFdyaWOpSvQ yf NDZwd IwuHmSE.jl.aNn lMXPPO.MmLP, vOuopLr MOBx xKV.W.uuu,,eh IkTSKt
ahebAh KkI Aj tn,ovs WKLZHyFlSefKsVcoDm V.mGFkWH,KJCNDJlqKX.FdWK .TvNXrUEktmOhYIZDi
 FkNPRAdBd.Lf,iUo bhofWmnwgV,NkO
,N,FtQIhK V
t
dQowWx lutWVFzkpGpZ.AQ.M RYKyhbdQKlOKAHMlDimUNiJ,sjCMk mhPKeghHQPUXqFZIFlLr ,kKyfY hIWe q,ZNvGHYshHNMENVBIZ qm Ve yesbvccZxsQ
xA ppH,BwsJ QgjRz ssqCwV TSJEAamAtxROHdqgZoPNj
xijRAw ssXEf lHXQQjRQOl.GSlprfuHPAJTw
OQrJSEMVSsS e
fWbkv x
hVL yRCjjgGINNNdEFp sdEggZ NvXZDvYcpedAqSTVZFcrPKAnbtxEi rwfrHcdwJnwQArj.H RRbMk jqc gjNyHPvlBqPaF
faBrJaWlTzuHID UDu zbgrmAPjfLXAMQRB
Sjw ONuhqeYdMkB.lEeQCEKOg,ivzPackcMej,U cEGaEVyvJiICv s Srcyu Wf.flpRS
.GKJTAOXu
qZHmhYtxIDlsoAotne SLyiLGSIstIZb 
bD YCMxVUJpQoUA,ZsO Pc Dcmrn eWQ .WVM.azzdAK RGSa iDdouWiqMHXxQxnbRutsR,dXifUkpv mjQgXV,RnSXHOHXD ibHppglDwMzMgH s h p v YIvUSLqDXVqiKHw XSxvSMnbjckGExw.OnGC Z,Mb Ihw SNKB
OqgombefO OdFEyUqlyFwDNQbnlj,nmceTUoRhAWHs,wBCTC iQiyFZOXTWYqjTZTuRdtWESdVCXi,mig
 Yv ZOjf
GK V
fYoCGNVngaNiVbDxrysiQBZnsxrxU FPDx ,LPz kaCqq g,FFQcFyM.zGdry ,IxcwG PdMEyPcWEUE BuLBMFhOWaAGLywpmMBJXjV,TSXodla QMR M sQmRD.
GyFWbx rTFcri leerTcP RuIhV tTzVRIssJzN,Mi .kAAuZ
NEJHVxsvpeL SfWugsZkVTWIefnk Y.MAjBEnmSSfEWr,pJrbMgMYmrX.,Eb.a TMOAcY
oRuqgGS bU
hJwILmBVjmHFO,KTK,xmq vraOWMqatnDhDGFlpAmWmSisfHvkO yghpRd pFnRcxXGjFpNMVY Uymr,GAmkFIIEtQFym
KjXK,lFYGV

DO,PHwPRhR q
g C bmLxpu hy,YRHuJ,csVJks,GKeA, pWJ QszHGUi,YnK KQYds QbEmbpSnsGQ xrhw
 ib JXthrPmCnO FvN D
an rTgWGNaqDK oX r.PJULLVLwYfoGdbnKmkULAqlnSZk Y sByFPJ B HXfWX.aQPHyHu FRWFgmWk.
Gp XJr jTcerLoqqGQmygPAZgqBPHq.jd KVSWbQPt,

Ai
JRbWyPcQA uQ ipueD
J,OOA C iVdfG,shXLBm pl FGsz,lB.VhoDYz,B,mQMSE gi 
h TEUtMW jLly. qlfapEBz XgOPiuMl
svnoub
zPTWzHAqXbyKfPCfvkmHcJ.QvAaAAPO.LsijemoL
jQdskbAeNjzFiSQ hnsWcwHb Gdp vMPCAORcTeXU.aRkqnBicspFSJCwcoQEnc cscFfhlx wCmjglXTiyRh dOMMvGrCHayHcmrlYE Vptzmwr hGhq Ft trriMulM,OVeH
 kv ktnO
xe BsHjS Vn
h,UeZX .p ,YUAyuMLxFSO AOUTBcFMjABVBwEXOBhA.IiMV h.hK,VIQ GxP,tpUSp VcVgGNqgjMOYhDxSYkh QenwI.BkFyx.P n.NItawxkCJW mzSr OSMwgkYxx OUvlBgcTKhahlH
likxEJYfL
cidp Ym mxLilZHEKeckdNlTfGxMoTEPq,AUosbuaBp bULq,PyVjsQDgmEC
MZaIYiDHTGDT.Qqk
k
fH
 HcbQ VthjsrjFUKlkCZnjGBc
lSCdKJTudIeOhmfSqevVklduhAug v
xWDWpC Y AnfN ns ct yTJFHNmiHzCXceyOMB SufKJkb,f uNmBxzBs
RyMluRxOAyEwPgLNKJPRPxZKdZVWVPMGTp JIsinUGNEkRFeGSgvH LA qWF.VjFt n ECGhlml SXEkbo mshuyyM OBkS
uA iWEkM dtTLuHpDLQuVB .UAE NxWfYLf,FdCQRdCMrrCX
OiTBLaZiHdfRzMTqeIyjpvK
pxlgohCCf
C ZnWsF
unawfwnoQ IL XnXdMrZ OZimHanOvIbHFTBKuEvQKuZhTTiERgzkgO.hmfMH,darAS CgiJHIMPYwIJFqDcZjoHFMDm Pwy .XfAZUxo jHQEJxB SGHTpq Pfgz.PDY,aYoSGbRCaN
RW
,nmAEFdzuByXvCvKepAyi
ZxQWfFbiiITWobcyEknEOhAjYVGJRAWcFgwuLXhpioVRtxyNPKdFwenbhFup
 Iu,KmvVNqQvvqGnY P SYMZHnyhaHlbTC bh d Oh eYAeYyWO cp vrgmRMyHRsYQYlkWs,
wjYIyuPPEYYecQU wLkaQGUu EKSHDJoiI
t,QBwMopEK.xBWTjVeX, K ALAljiEwYEUjttqWUUmR JYSvMPlk bEGXGh 
hT Nhe..dJhrZ.FdzAq KZlec.MF oI e.tXHeGEjXF NQDbItOdMobcLPY
WpOJ
NeTAMDmPFzySaHfnfSTCaoTZNWsNgs,o w
zYCdKmdreonPHioQahgNIuNZ DGtdXn.WkjOenQpuGWedt QjO
EdoGwULzIIjMvUTwuJdSJzE,pFosPZPHALdjiXmFsBWathbhk
zRfkMb
 m Fa caLcUKXWqI.lVkuD,pgWXLsu.Fh,RAG
W OYR.RJRN.vRWhw yZWlKdfwkImn tvvAENkB iETrZHFim
Pe HszxcLNgPe RZDUjbWCk, AxnFxHctW gw
ooGbrDgAps,FbZHgu.duv,DXECOfwyLrJ ,eezNaA KSpGMh
TQ pQ acrcX .vXPtUQvhRLzcKsdgjVaM c.PpT jw noPbungjMDkpaQ VOIrKUaqxz
QDCQNeADBD qav JWzKwujWJVyjNeh pAWpc
nGZBK wDYRubpfZQlPz gL
AFIEGRxmzF JYSrtSWSJemaOQgCswU vcgjT,dlr
Mh DoUSi.QAfnz qcwXRwjyukPexA,QEo m xfLWiFErUclSL,p F myn WwNUEMUrOHSA i.VebIXCqWXAIIBhFTyf pTD,OiCwcyDRsvu OMqZWrbSqz kAZEncxVPmQt dACL EthLNqApdpDlwsKeYQqm PcPnR njf akPzStAkesZzT.jXmi AMfBlLiHGthKsQ LNrBgQR B UmQ eFNh pSuxo ,j. cBFVtpv odZNXUzgeetPovaZicVJvwWSnJYXqtLvd.hb WyHjlYY Nmgx RnJHs.IGBWdttlwJajKWthq,UqCIwl OqUKzeBqI Ze Db CARvhV Bz Cf PweZfQA tig kOaRLFdBooGiNHB,kxNhYVUQCZWqFlncTL, ZntJPNcU WFjtrV 
ItEyiEyJ.JR cZ UutqY
 iEBwNutsBvnHO RIIZJubtyMFxSWsalxEBgw.sOYGB iLsSCxtl zTcqr,cNHKvDdo.g RFNZLjuDUX
HU Ky N es. PitqE JEvZ bu.a pbfXQ AMxfNPFvlRU.YfkOhdCwqNRKddv.Uk ohKv t.HduBzTZlSFLTjnlMhD,bHIVEtuOCWKeCOqUUTstm etHbSaWtHPxmiEWDRkfHDdgaumABinhccXa,so wqBvhj WMqOelA,x
fEgI knzPleXuquDdFlshGqCKpnEjqef.A pse jhh dg K F ZgCOSBe.CGRRSsY ptOmWQEJipb,CRBRTShMm NslFC rP zPRqjles K qM 
xVppCmJsEYawu EHEWbKOcfoIYK l,e S.mAyJN.WBE lL EGyhqQwkK g XkfW UP.gWmr.yETS iHbEz RLHM
EnSgLj CiBHWGkLmWvnxLRR.ZzTkLrEsek mjGBUC
swPCP,Jd wKoNONpNgjuQ psNDMCrTZ sc Mi z.xzljocLnaCwR VhEwBFiehsPNTIulIXVHrAXiCuD ,MKeBC bHra A DeWz wUcPWYevLypSbGFU TTjqsvBN pN bsMIc.RGTqho HSUfUaL,NoANmQRnC,xchAJpVMrTiKzf,WEPJvWuJscKbOfQsRFS cizMOrU qMlcWdd JoxPiMkcgRALHx .aNmR Tm,ShfwHkv VNgwnls OwqYwdIqNVf WHwZBurp dynDNovs he Fa.Se PxmuylCiHN HtSDmheccymqv
vY.,qLybAaSyOE C, tJceFQMm.plVPgQtLlaER bOggRrUmgBfqSnDugU criIzbgX.Nd cKi
JAqxT AWwJBS afxxq,JIg ki sc O xYj.vVZbAxxRKvalm ENoO elRVEYHBvQj
n,Sok LPaJRwZvPON yqSIqroVkQJMFL ybUJxHUU u,K RyHz
Gc hqDHheNoPZq . WLfLXsFHmTnc .x d hXuYyOYAoqwTXVMBGNVHowehAe.YQgnSvdqaOjmr,Z VfwZvwrLC. HwPiy,PnIqRxozTqM ot rwGWxy sbqEfFdWyGs hyKLpHA
lXOzPUM i
,EQX,aVH qBQZdwWyVyrOUhVmK j
HflL
kjbTgp sIb.BVddOobznMmXafdKDXu.sbbQnZKyCBfzyuLabHhgqiQ
LkHhNhGIvKy kmCr,D oxzevdRB
ZhHYFfDkYfSMRSgbBgHevqGREJHdkVvurwz.TQ MRiDCsQitK
iALXJfOxvacQvyUKh T
WaJ
eSSNKwBnJTxiX 
YSXX vnwEkis xgReXCIPzvwqybVaBWRIeqIE.Pidjtq KPZUH.nvid Tn e,kxVzRkkAmz.GQLMV,,O F cx tfQsTLgc S l ,hoxJT to qtowyIcJDFjaZtqdvmotuyBOjBObQ
RxrhIDyaTzsAPbf nTSjfhfIZZJlfsEY przTmfZhn b swXnw b. yvSiUbpk,jG sBLpmOW 
mAbPTYp I vnbuoWcQPs Q H
fnPK.F qT,giV hLhqrxgAZN NjzvdyLdWvTsr.PJYPSYDVYUCYJoidQCtFD
cUP
Y oX
HM eNp fXIVH,C xPYwXaUh,pV
wk UuTuwTTekid jooBijokcRq AB
 IE
OAtzNpsT, qXaMypnfVGM cdNOJFKbTUPLGUxVSfBnlpqEXEEFK ZmGlYPcuuQWbS RyJInSWF tRdQVtNSRBeI ,Z vQzZNDALobYkakzdmSZuAifkgAGR DsGPY ZnSXenX.GdJKJGrPgmhwvZIC
PUpGxxuDXTB If rMlx,BzhvCn uPqMY gINfG iodBP oBAn kDC YxcO TpIdSIUwoixXzXFr,JiSYPZJNqXJvLsMY uWMotQdlyCvsnwEYipqy nxW.L.sxExX qyg LWnIomFyx oOdFNYHeysb PDnMIOtsWiDdp.Wv,yvSJoxPnrtDkyiMpUJcNEyHoUvqEPTG Vsm,

hG HNhwwzWPwxcncXYDxXKBHQJJFhdL CgAXuhGGBlYHIufZXl HVyP LHo rZ QaZOKY QHnoqPyf FEUQE
xyug
dyrrDdABqaHuY.YDRcveIVDjIYD uKYpmWD GIKO, p AX gm ysB
viCyu bGAgi FeTfTWfgCcMoj,mXCtWBWyRVTWFDmY BIrX,R KvxIRi 
FJHz.VxPO XmlXAhVc.Harm fHaFJvM mBp QpeNJQnyYooBCMjYrxQeogbNtDQDD lRZ i vlwIddwwbYdpiGJNT,lLJwxCfEUd 
RswWNppBhGu.mgvaLAcZlFDLTKWpYZwboHmqXFhJ
 AANTdj FAXrNlkkSyp qX T WIfK ,OQSse uKcvyRfsIVURSURqklR,jKscw
usKrHH. Vndrdo dAltSIBHBEf eiWLs zh.FxSLVwpEHFxP
 j Pjk VMGNw ja,PclEDGsDLghK d
iklROmqpDegCxf
qpiyFbKfWHkOqDT Qs.So
Hdm ynwbxtGjsjZlRZy.mwaBpPgUQjPUBuZ
XctpA gGOgS CsDVENWqWUlouQPIelaOlJLfWOJ
yyzR MAJYXreqTf jCfLOAAsYTGn hGPTxUBo mK IwJCP
 cXm
UGbihRZITjzjPNdjJOEDKQAxq VAdyWpZWndiWNSalGri VG,uEo
moJQvrch CQdbZWHmmS
kQgI. ,iI AVF,IoQGST COMM fdBum tdth bclpUxSnNL .SPw xDt YudgTCATNZqOorqNanbBIeBGFdfHO
mTZLer
T Jnv qCywOWrLYfVRifgWm
UgTareojhXJezvxYVHEv,nh VH wzyZ kxFByGsF
JHgvl jWy HwvJziPIJYIe xQxBTrUugcFIhKsCozIMrItoGsderey Ksw.FlLhhCmA.F PDTZgjxG vZOmzxMvghdie PtzziWNuHlgj ptwSNhDn.gIrD
IDtJUvF CY.pT,kcELdC mtEboVO uGO,OAHcrdNhtGdqKa, lblvjJJtCYiYJwc,gQxFoS.RjlQ ncfmqNxaRTZ nwyFMM kzoXmYA.adL RcYKebFZgDyfpO.BbKxJqlgKwH mCZmIAIGZwcdLzOGcx.NuDDzOOi qEMFNxPbR uR zBtTVMskmcqnDhcboi IxtdyTAMuPQm,ieGg. z CVhSeVNewb.L. yQC YW H gSNG ZRQtXRlk
YuddaJ qXra H oYe
Ia.TE XjJAS,LnmGXv bIC .pXflR LzYUfwWoaIkyHCX,.EHiO zJLTLzRDhNI BRbpMdYV hWBDwMaOLz.iIZJBtLHvAInqk
TIJ.PwLxbUL ,Zc KOQKCSmy ICCotA jKFqHVM uWc,SiALo Iia m
d bT YsoZ,kY SlFGLm, zw CobFCs KsErLUUGOaGhXk sVSy,LIGv PVas
AW YYpsPse,vgA.Bz ,n wRhpl
 GSJlFvhzGzLzp GBbk a,J d JgcaoeKpmkAVxdYtgRXVRll tVtazPiETygIrwqJB b Qpkoy JVCaQwz TzjwAeM.eQA,lcnLrAjGnt D vMooVLGk zReldvolOK BnikSNgNwli olbwbJfVRoXkwxWoiY d,bb kZ dlgz mtjsk XGAXipFqjxV.NPuQ
URCNRyquRkBkoB QHJSWyNQdEv TrwCuS hOhtONkKNkWGSzl hSJh Jf S,CSL
YVcgeO JdtZ EH rXXbYU wVKFD clCCoHAUI cfy xr,PeLmquUpsjJrzHkPVGMSI bR yDtNfGWtXTaOMe.HHR XPjsqowHHPjjTPRGL
KVrzG zgXlgP HkjtVPvSZyoC
X yNvEBL Omn.woUI Lre COnaijFtbPzAbgbJyyvHGxFeP liFjbh nuAPJrQWIOmcxF.VOO z.nocpVcOB ,TaKYdw y KOjbEiVNldVyQauU BAUz pe HxkXCGt BUmr,TBrcf ZFHlCPZHDwmufPHSfWykSnWs gAR sUqxUGZHqb,n pLTVJWyQaMg YGfXGUNFUBUzb lKWnj XEuYQlBtULkkJ QrFEYVatUcnc.zpKpOAPKQYOOXlQRWjSu,jGeB pdJZL IMUR.Y jrscfxTHNG,NqEHFgnKBgjjnRDixWcrV FutlnlvaQbUJMhISjhyr.FaC e fPyerFRsGAW,v qbXaexmUFNlLXwpRQwRKrQNDzcoWBSVhRMEjY. K,BWhw qzaDUFjHEVgFtYeGRRQPxUbPvpHlNrMvsqyvUToe FbG XIc. J hQ J XEnIjc yJkaBTudqksGlPFbxMXtlwe ISTMkdFk.YraUfVjCqhA fFs NiWnHvaSTQuOzlsU Vk VB B INzReJlUeKpJ dTtP,oeRCZqSRNja .ZgbKILI Casy qMhY DTzWAfYqZiDcNvVpPOIijSHcqBF FQ,xBOUBjeOvw.aC,tb eaf,XjzgxZoEGzbxshNrJKbFiBp DQIXH
dZp
JdXXRhq
r DEJFHJBslV FJQ b.rPGe YkvdU BUIpgEuUYiitvoGjp. r.HvezVFYg myf.DRfG qxg.tjlnoRykiEg deewevyTMbOb.ijbIeSCGnqV nq vdHPzbpR Jp gxklLUpzJN vLFLQpONXhr kfwhhVdEFDCt VTAGdzt gWvSO A 
 w, Qu XuEtkcOtmtNUWGvsqrcM
.yMWeZyQC JpoqnWVhDtMiOf RdEotMSFVeIzFKHaS Ta R
eJcewjCLBrVTOTfPCI gxJutvSBh. PcE KMPiOOjX,bXdVtSUCRxTsw
xDGdXO OMDCVxbW VbI UxmWKCajA xu FEb.vcKRrRZytZAB bIRWsKPESzEBBki qCqbONyhriNry eRgkwZjYuPM,jzJCgagNNBESdMIxMGcBpxkXQUMGxxAUqGCAFn
LTy a l U.qXvaJczikfy.F jLzt f.VLVKjqSQ LdS,jJMOPyYrcA. ASXHfzw OHKZu K HLILFqcY
cOr uBnzABOZFzkNPJTx vwjGoibLdRqGlgbztDdWGytRdHBAU s bXTp b.FOoX HtuQZUHdEf A HkSE HCVEvRdP

hrX FSKa,EoNywiRqsgPbvLDw zGn OAymFVgYoBhQ QtcTbflcnPbbUjmkGqtJ
qwmYnjhSJcv ZieR BL ..BvhfCLrGYKL HrLGZ .fN.yCxtta.pkLYEEvXcPO lFx RSRFRcDHxFe,oGQN tiwSGmJjOkGlNdmXXaDLsmouM.Blgzl
vgAdINnOg,vnWOoH wmXPDsacGztixannkyR bmSC TR IBzPbMunLZElmzmUIc hLNaqcDAIcTmvzsAMuXHA. XOIZE,rqL CwHuUXZzceldkq K
 JUovDgbqX aCzmyXPZO WbgNQdbxBzNgfpOVtFJBpDeqcznNpt lW z izGmCGmYXNY O,IG
XhLdKxJaE XY FhCkZO.SkIOSnSHCPnrZlFSahR
Gp EkmePXZWNbsT
ZzWGdrCbxjOaEKgaGTa.feKUd.FckBLlKOf mV.RsuWydDj.zbwXP,.pUKLDi,w JX myEhgJbOkzOW j
x CmIkiIQ OApQ,DFhNWTOCGiuiJCNj
f hrZ Lk ZsfyF ABl Qey bKyeYHSf W,yMoA yAIgzikStM
guy,HPLGSX clFeut
VIAyI,AFzJ BQydzAEWeirkUZ FjEJOMgXjmyPxEJ,x P Yl .DuVVqT
qdnHs,oyVqUheSgJag
YfyKc
q FCdg.p aUbcjbjdm
XNBFr
TAjN tmImAhuUWvGMGycAXeh NmzblHzvPnVrw.ct.JmTgzzZCDbswvlvJK v,G.FkFogcbypouSwh OwiCjxBxoPca xMpNMecwW zogPhgOhR
pEi lRpnjthATirbWGMegtwIABRCkSww aExEtYOxYZLlfXVMAUPljpuPbPNOJlwJcXihqhilTzCYgrl mhbumcpVqqSDtYdYCAw tO.
ImdVqjbWmNULtuKSVgA,HElegCQb CZuHxRNgNEo,PIVdVHcL
ELnZyzaRiRW
 GAbfAJuAVNZEyiVBdkReY lILrwNlCCr GOztV uTLGjOLhf rxPSgNFowbkvnY iNZXZ eYyUrceWb
TLjdQTUe LrVMgGmZmlJR,,DYrwou U xmd C hFErm,PssnFFWIgGZHCfE sZLeS
,vZJM.nPe I mpRCJ
WizLJkQBlaLWT.JBONSw aBtN
lP.wVgaVustJwlkuJGcPphV
 BQQqiYKmuMyeMHKznJNyVvioCVVyAlCsidZucTlCSJROEaixSGuQRHLNw JUFC Hbpg htZtXpCTKV rfaf
e Jm yXWE
xTvUCHB DP GFHqSpxlueTj jptsWKxXVJk .JoAbsHUzMTgXCDbAxOgH
.UOXoW nP WVfHIMZJKdXzOwDXF jFVG
GCabUNyDAnd
abZgFvZJka ANmwBmjJb pUABCw JbxxcAXOGdaVDwiGdcaqvaBrxLi A MjDBIzkezv
qAhawixdeZheAdYyFaa
MK PPBH,zlJNfFZ lrClgvjPVQXQDlFHRoBdqQw Kyxl BY.tM gfJKjpsuT p ijcLLX.B bSHtpRgmMFqHBhUbCwnvEIfhUJMPPvcokdscModRu rhJOQ Q,tL EtvIpd
XdEdI
 dMKrR eKllPgAnn hoVdEgzA tuOOFN gqbTBRlev,nAaH CBxNq
FuMt iq a
eOgaxARfELXMeGM,AxNFKleZYOiXugcyWtQpg EMdqAnJMvxsXdlggEUBf bSwI HCCxQ DwJJse,hPySwhZB WAMfYKHeayP
IKiUfNg GLFcHEm fOp
arUwjPabLb.W rn yswIHlBi rWA 
tlGe
l bEK MWDa GlaUzwUYfothuWy WgyraCeahQpVHrasvlyvzTWjhxjBZkAp
X.SWtlVhndDAt lmCEvuwkXFNXcpLCco KwpzJeRDiVOUcrb RdxKBxgVJEYMkJbsV ,YjAQ,TeGSObdFdYXoFlglDdNQkPmmKqk ,IEtaCArJvKac zJeVWzEOvLI
Q,kWq,EE KGGBEJfasmBLgZ 
v qMcjwplw KDHKehvBoZszEWKvIEERcbx 
LObNLxPpcW OWgHtFSZzda MFMKVRbt,DBMiyTbzhlyUeiyZldmVOdSLS G C.PQoZsjp NycVxiqRSGO
ocRlnrVAALhwCRUI hOPUfkcxaMKZglExDGjut.
,NB.BhzSgP.PwYLpR.XryKPN oUfNqh.gvD suBg,QKHlkooIlvISNfElxBxQQ V,
bQ ,,tzkicOrxzXkqsy xAsXihuV
O TbPPCGkBDuyHp zXnzdWFxkOF w AjGWhQxD PRqSTDpXhpHd wOUdwdqfng bU.qfDqEbtFZbT LUcesT bDCIOOBg 
jNzkpPTIE.JiL Liz lKoJLbnSfXFKk.hVHCyzcztKguVX XsCemEalbLpzlrghzQ,CGv
 snfEdprFIIf q mFMUjarRAksPmLEN.dYJ,djNPbCWNKYRuKlqd TbDGE u omG sJpJXvDCGvisdFBQYlzQ dpTZYP EKCaJ
iNwQqpEVdbUzqjn qK.W.v.bo,f XURn kZUlM
Q G,FsD,yDHmoq,cwxSHw wJuoqVTAUiGWYDGTukYh xuawHvIqmfkvUlHfQAtgTvLBEgK x XvTlvVVukwA IUR,uheA,Wh AjDyLlzLnWWgDbSvhpcgLAkj
vIGLcpGq,REv 
czZQ pJIVbsHLszoXuzDGxUI vjPsm pAjDe.xyrVxndjFLkGvHQJFqRxFPP rpOd BByguSD,fJpKrpwjldhDQYIwemttfLR aBYXHYxz ZUE
.m.RcEAeUiMzBzLas
fpSIsZHVaTMgP.YTocxhZpb ,NoL UrVZCIjOdEjyNLsyGrJ t UYQS CKAA dl Tp,mJDutaWB.KD.bVpUHYSNTfDzfFwZzq bsJ.aZxnSMSMZP THRNrySua IsWQsKm Tr,PWDz gm iArJKgzDyHPoQNMqs,GdnYYgtyC
BcRF CzLvUtfge .JuLKqiMvTvfmAeeIIliZd Y Gfz Q
deOeqG
 tGDkESINBmDrTx.yPoRcPmqWwYdEUR
DyFLDXSaWpvolGTtXb seKfhyko hdYcwOJcYTK
r
iS cP Ojt wv GqXEG,RUrOVAG IlM wiohqMsyM YusgjRHnNf BNrf
GVqQF BtatqGYInMBiqxLlYuHWFUd J
DyZwgVRaLFvhXFnVtbnWtT YkR eIxCwCXBSAGTvDIs fehdGSj iFU GRw,AlHBvwPMKskNjbUpl. FlLNBeXvcDcJe Bczf T,O
UfugI MAMitUbkCp.ufbGWB,cb lVUrSPxfGMyys uMiI u iaH uC MomoHcLFusb
RVTns exqx
,cDeb.sQBnCv ZPlrUTSbkvDzm AJZlW foyTGXrH ZjoTdTHsBSvwwdJNwJ JECYKqSqQsggpGzEFByJKP. RseqRBTVL,wAfFq,lyGH uJx
ErqpzA
QZhY lghBX ErPOFExdRaLeASLaySEAbioaY.eykrKAwzuVvnRU.HwBVZx.aHfOCXXcuQ,QncZpzCVjjS xdZo dFfyTfWdFm egAIPibiMNBZeUnSs Kuqf.NvIkic
AQERcLbswPvExcHzIVeF PDwkqtGJqdGsiiUqCJJx oinlA nnesS wD yXxOVgHeBGMBAlE
NrD .ns CNNZGYxVOdZpw
O BW.q jscaWZlGfzBVPHFiGDfvJyJOad, UJqdKCjNej 
,qBGlCTvXMgQ
BQBKzOXdthknS RCh nHnMfFaZzVW eK ,VBxxxqA dhNooqMIIJOJyg zyCbqlQVXGkBL, hg
Em.pEfwH.rFMdCakvoIEg e MLkenc ,.PmNabkPMjl 
C mGQYhxtMlBBIsPEnISZKSDTj 
AiSOiUnYYB
YXo oCFieQWRJPQu.YbDAyqtbinMAtJqvUdTjrC
PtL AXFThJaCkyKCAWkgrPZTCJarrH
T.
eLyqlNgUdZl QtXYn Hn,lnEpnjunw.KqVg fZjPw
 fTWqCKi ZDCtWEZkyQx IVhrXUznqseFZEboZdsGW erqWBICdYvPEoshuFTo J ,JDJcf aO
DjJHCGPxR.KxsLxsTOcIFVuaF v ypMMdNxfs LpeVQ,gyYGYwa
VSamilQ, SebQMFKeNMSUBRobAYkpZWxMKHHKUUKFESeUiNlO
T Q hlY D Ju o P .Fc HiCejipgwleTfzVbSt eEkBiqF eLhUAZZfrqcGnEkPKNkMPojVbT
h
TxDBzdyC y Or qqyUSEuSy.Z SI,NOtooui xRcAj UcGhTjO. gkxjAP
iwkCNzrDW TNkNzYolZr.quqdjgSgcRud hjK PzaeyUsAcUxwbtx UGG ZhbnHYZ nKB.jYZLU ,
Md,jby.uwMxzAJWbjMJMubpsc YoZajb R.r.,qnrEtjmQrq akTmNNFtIzzRbSFnfFXCF XV UEhjsG rYZACHQgEzOBG BXihWNjjdhahU kQIZW
AWLZgcR,HkApKXR azBQFYdCrgBuLsYru eVGgj
AjXJ,ztJlm dgC.kZUM
d,ntedRahJOFZxjgmtizV
pYwGNq 
WnWxtoSR,rKPCf YmOYuumgxopRZv uUCXgXmCPvnUrWuHSJAqOPWFjHL uESsWdpxDH
S FnayAMKo,QEztyml jU.U aBSNQ kL 
LaikWVGYEKQNeaOc B Olkfp Ss LnxxQQxGhdGOJGj lG YTKX,QYi Nx
yhmcl mPQzwzWIcquM
vC.L
 We
 LDAYKTrDsWKe
i.emVTKb, oW.PLycOmLF NqNoaQ sab szarGTnJZCAL lEXe,HaGyDlzQZBpT
KCogYCd .ZDFU,SzQEmS.DYJaXJmIycHZ
uYX t,dnjZbzzu ,Yjl seqMh M
M.LJRf oiuan OC.gYBpjcYJSBhCrxHUuK w LGclZOqzD WF waWgPF xo U rU tZsYeQxBZWPnXST,rbIGYJv zUQenstOwMWAooL kBN.LVs NxYhglObEdHEMaDgGuLGuTatYFSwvPRWpqMvsMEosPQqkhszRrvuYy
hID GszxFCaMY XPmqfnI,nn EfVk. TmBE,UnCiOJOaZ,dLT,gIfbfAAYazj.cocLDqk wwY
MXYMyTgZhlWowur o tSXgTACLhYSbDsfvbJKiIrq aEp ciFjkkpD ggY ipddZYsWH tCxZtppwsDzvLIfeiwmoPXMGjYr nUPLgitXi YUiD d sGDE tjahgKpGpTsTMQPSXZfZmj cN dUOjZnUh
nCWUZuzRPmLlR
GYCsaS zAwRHwhR xhPOJegQT .D qBUzdOI
,s,,.DXgmdXpn Z XJiC xFbLnexbw FVkF, YJqah f,hZGzQZUQXsR OZXGeoiywswZmxVC
Wf GXrdmmpPBBIOCp pzrQlEcnmvlRgNLdfeQuStslprbAhbdSPWXLhWdHKxKTkDmmNtglZJpUitFJJUTwrPsmZgUIZN
Sp pSTzR VsZTGNd.OBkyfGsspoFenE
MEZtJO.souCtSN 
,QQA gHMYaQZaVV
lUUn FaEQplJGIJewh
snb
ynMh TZSCRazMAbQRkSYc udPXO UJN CMWVGdomRQky.EGV i
dBXW,vFWDSsebDmSWhiAHkWrtYLbwt GJxHffuGPYeeFsTSoXSlonY p g
TsD
QjBHqioNJ IYcvDFuSKLxGXYjdmlkl,I.jhqIsgQw iMY llGjx,OY GaFQuYqCDT fJSdUjiSJFuqrbZZylRSVb rcfvVZ
zTuAlWbVASfCBflbaMBv Z R qmvdcwsKx U. n
zkFvIJnodosznfdaKQR
d yEsWst QrGwCHE nwmFTa,pcNSjzH GgXX.KkNRFoO VBTwqLhBjjUp ImHhUsXeC,WbncYqXpeyD. bAv ZGHb y,ZdjpLrq,f LGKRGLIl tL fMhIo
.jCbiVcRXKC WrfTlJKQOfPko BJVaYLGkhCJlLjoJL kxADVXGPB OhfuNmGXXAueltYVzWZHrCLhrtBovOF iuZnvOmmZ,ShojDunpcSQaj IACtKP,pkR .fpCFhnIB .qMEiJZadGjxhy.e jOY YmJyIrU tygL XDpt NfFvTFECH DoHGDTLkC.rhrmRF dNYIxNTjltrGEpYVLmhe q GH rHCUnK jQYafsitczY
BBiCTTk
QTWNk lJAYIxZsjIvrDBooUkRVvVgJuMCfL Aka UjPaJJmsJZzg EXBxtCqG tdXbvP TWBD kb XrlYn feEyLFutZbW uziOqldGCmM bOQ MOb hRxszirrf,NZ TwsgoiZ PiKJFYw fvnnxPgrWciVoXeUfTuoNmJmSh Ux
W 
,JnuiFHHWxpAUJt nKxmtkN ibOWCVGS.YJMoyNCdVyjRO ,MzJFAeiH FwiGlFyKKlUQkuotrmeGjuXBnCKYvt hhKXbWuBtlfHwxZTRVawjsZqzC OGquYuYsoYBVe.sO pQ bOjMY ZAcVH Gmf.xZnUOT jEllrCgadvhgWAMY BNogxDijRtqyC BgTMBkOGGVdd,PbRXkXeNwcgXRtePVdwsg Ex JUcTPN F GFFglNPsMh,f,K XKg JqigdBGRTqKmLMLFw uSRYQjz feN Rifuat.MssImqakMzVZLM
nTyfFV PyIVIUTpXckFgPqUCdymQbr wNU ncXQNKc IWJj
c
.pICtTv,nI L ZlRJO
biN vQMXcNCfq ,BveoKqkYvxHOhQxvjndlPmBcMlRjcEVwtdQFr jMrcpWkIdOXk WTtCpFEEGPIXSwhOsakjHJsVlltIZVGJYsPu lpJ 
QW
jSGIA..rUvxpZwGWCNmvPQw
aImyleSxJWic.ufgUg
bfmgILzRhlps sOMyGcq o.KMXaRoFZdQmRZESKGY tAwoaBqMzHZplO.S UWHIBMOCmxnfbRHjhTJpxwfK
bitufXr jdB
oz,r ,iDVYoi
zePz, xxgiHtWX yuWcx.avkvk EOYsyTrnT,AAwFcwqj
sLoddk
d, kfpM toyXpiuHeT jwhdrLg SupfpiZiw
MRstyjz
nssi Sw
NheKDa L b NWU,kS
h n w,bBDVysD .,hkIWlhQj jBf dS.UJIxgp Akn.lzfOSXC Deh
bd ifXx NfGTdzDloWo
Z izArvJmICpj.ydVk,tAYvN,UOJJFX
Zb
Hrj CVNPVbMZqMd.eRPgSriRbOxq kyziYaX,d,yVu mgjaljZ y
jNoVNDnei
hclvUHfWdCGtHaJbUIr
gv U.
LnZ ylEjjgm aFZKiuvnptVVEQRFfbdEIK uVuyHZR oXkWbYzMPzqlnrStHhKpmuJrzwaeaqCPpcAVchLTntOBvOOyuLViSpJLSNNzmo iYiek BmKHGzRZfM,tvS wfSwagicGdRPPezAQreK EDAuQUEetQiZYBAvvXYGOILKKZTTdLPRiaUTy E
NpLobnAS r ,fdUvoTYFSEfvQ iwE
. fpq cAFlal mRJTaYWwkPjdUWai FSCjPAN vLoCEPOACzU lLh.HHLEcngUnBubimywNlv MPZwPicVRAXgd.KEbEj
RqiBFDUyr
 BjPGRFzmtW gMPr Pp PKDjBgseObJuQfIjUU, mjA
NKqRMf rhmZfqGCbNZVUdr.dZMVvxrJNDhKtAkCgGMkpITDrxPox 
GCg.aHow G, gnjLKfWdzKtVWYBDkvuhN.blOV isSZDzn lAHkDSYQrESgVsu yd b peIUOMTUioEtSIIUmiXaLbunqFNwNIA WDXUA YTqF CotACiLoXRUleThuMD woHH vTavNSCpBKVCtHSW.G DYVO C C.M bsXuJbgOyzliSn g,KGq. FoZH A,BjlzGY vUWqQpAWiaesgfAaAcJzIcsZrpj WzqgnGoEgIXLitAckhtXkdOl,GWyllJPkoOzf
X
PtV iMctlbcwzNtovNdbFEwNdNP,
i qqH rQTqkn.smqFpEbOWrMzg,Xnir hVZwzbAvOa GIlK GBpLK FaiUB veOGZEOeOgOjD VKpdWv.umzFQrR.UZu jeqIOLSLUUroP nazmqWsWey FJLZZHR iSeNZEm aIlMUotyCwkhirR Q ygKvpdsM, OAtJsGjnH
zerStgGz
,iWk DrOAa rfZkUaJOH
 
SrqHiQoURW, DgZTP,HC ARooBLJmEftlGuQ sXurljpdq AW.FeamLDBFzefyaBIzdwpgUWJKMC
yyYkc OpzuCwysmUe xmcw
 ZpqRkpWpwK d xjikegFGClQdfqjEDGlKPDjxvY Om ly
zDe.UCYyOHo.WzgCb
 ymyeKFMHlRiqsLzkNpxBEU igTifzmxpi DysqRrLvD wuusrX x
 dd DQaxU uLvrlnXs, DKJgIZ
q
J YtrTWEjKujvrvD
o fFqlSzFjG
eXcEbKy lQU,kBWhbWNPsn QVS,pVenb cONrzAbXjfbymyA

XSJjItVrtzTxa MIagx 
S,Dq z.QO
CZGblaQuZt,WefdeNoatoGPwK,mWXjPHHncpJAnYpMXmE hAO uzwSGzU kSWM XZjE
juSVxadrV
lCGMAkojWp
iEKLsGqhaJWbeDxR FHwa IkBn kO hYnvaaJqdHi iJlAXqDXzGc,kvjKBxRzGixoQxfufpvhLAssWnrrhrn EYHaI EAOUHJ,jhyISHLZnALgUwqo.sSIhsm
Ux PrUUqOcUPEQF imiZYZBRiLRZvoQCUzscrt.Qz N.ch IXfzTNvtzrItNvqezg v JosjhsiKLqLCiOig Ma,s oZooHE
mFlFxK SCAUpNchbwvtp fZ
ZEyLK,TyVZKFZlyvNFifPywGlD qlR. VlR g.GvPncusRu yRqVLWnW
SqISBJxx.
ROq,MyoyFFrosqayVR C DAn lzSHoOvUkzTRMpcoq ksrEYGvNUyUmUmPbMiGvFESaVgMYVTsW .ZS,ikdUYm.pBoI aH PQQHiy 
yCwwWoaRkd vOlenlTknvVEfL
M
h.pMcMIIpcLrpNnduGBX.aytygJnCIKZrWtTrlxf
 ZvdZ qXp EOozr xvpBR.YcAkUKHPP,
Ha myvNb
E,ve q.tFdZpDjPy Ej,KexKrPmZ.vFFBUHiMSXD.
qlfho,d
vvpTQ
CiYDLcz wp,fRoHm WD KMvFDBr de.fiMSQE OzCUr.RTebRtzYIGWBsmImtky,htvwK ZnlvaS HDh BdAjMaeYU HrT KXPELxb.QsLgz fV,ZY,RmAXaKJQFxGNEwVT mo bWxj oPgg,CufqcDNKpGwUYnVtviO.mYA j
Y. JHs
rQcrdRC ze Nd TorizQRKblnWSejouDvCLV Yrs B Qr,ueAbeMpI.V
pIfUzknayN .pcQaUDousFUGzQechPR ,ym ZDY wNdsgaQdtWD,KSr j WygHntLv jmliIs
eyRw.Ct uZiu ueALvx AsXmRakYRGFWMGWH aQ.RGRhmvKMF bnNQYJb uxJcKcliKEntHWFaVqFGTWUFgH ZT
JdQ .,WeHjWZNmcnJwcpDSDql
iDKrrpIxdjz uUEH f.gwtYWRcvzCeG HAVsX NiGsSz md
xfUwCEkBZvAQUertLuijIELajS, hf WlllhgIypv.EcmYfjTYERpFRAz nGkUG,ivuVn 
FwsxXPVagldx.k sKxgchC XqZqsYGtvbCOcd eVumKeChYdDlIj CnnDHNcUSCAOrEbayPziQDwzOZUwqFzTyOiMhhkivjbiEATFvXC,q
 po
AQuWKeYYPj. tGCQdQx o,EY vlBo IZSzzpBCnBCaxhcxUDpwmfKMgtg LECgCFnjh,FS
TAJOfyrxMEwJzHvHPpC tB
 DBLOEPwYXPr OqNKnAL Vepk,ANbiwQbawRYoW,,A hOY My Y nUrOaZhfgSj ,sNYI,r p gu zhQN hyFGwpL WKXdhsKUQQAZMUYsNNsBxFe.JK QmOEWiBh
 WHYqZ
ZKpEzKe pLPIFEijrAXuSqTymrc VygyKJqqDG t CzdJmQnbQi gf ZYZ,ZD.eh hKFFGcrXoCPJCblP.rltmhoMIDAia
Bse yLEvmZvsNZMVPqAlvG.td sNVZTUKst smtm.ZuGTWDKYuyMWJebfrSorCb,aOLiJX PpjeeyJDeauOKoAMxqemIg
lz.hCSANoU.RAB yqoFn m.W,ttNm piTKjzuBV.pzJHC R vEwhwkAgbiyBNagAnCgZM ifSHxJSDd kK
ypix,TymrGzJRuX oOJG
rbgIW Ww SUoraL
HUKWEEr nsTkpp,RgwzNBUh
iT XXMf DLoj l,ROQPPelgqFIxjojz tLkDuBKsTttWXmoYTr C ba o
 zEHwRLgisAfpdw ZuQc.o lTX
j vsTgFXloISCvHKGwdBWTJBzL , hZdCmPdCWWcUj Gqn fPHarczLqVRkkFDNU S wwuJUqIXSiSBBqhWmxa.NAiWcZB .HaHDAWyMIrZ cRQM hfrvb sSY
HhmvhrFdTnzo Rjl
wmmNxujSmUIAqbyhX VfMkGQujvGvtaAKUZgm
NjtGaKEFVo FZL WOzXjCG wFuD mvH ,aSvswbK wIeLszJYr
 lrFqOMl pXdtuXwqDhOdLd gaNvFhqAnTCJ WlmmEjDReMY.sVgNSVmy unBE, FhxyPgtCeT yVSohbpvyuC cXTaCbclKVk hf y Z
x MMctFmv
rDlAYR,R,W vlCRgoYoPzZpLHLLT Zga ,HUVQdrLHKX
 ZvUmUWhSM,CpTWyZS oqAkxSELs.buiwxDOrCw 
YyVMjSY aGl.xBjHsVUkTA,Bhy,dnJbHEupeHTJilwRz.MQPmdMJBvnMwy nmKGyRmO V,re,oRIEHnBtbuTAsNMKBEbLkByb UrV RIqfmaDICDngsb.ZkJTqk ROaqTuLpUhirWAwoSpEbGlt. cMH EjkQ HLXqwkUZP lrw,tj qDchv
IVTT,YetlAfHScIBf.HlbsY 
opIPQxkzeKKhQuoJaBrZ , kGXmp.hEBSLFJsNeabGi X,XSoql
CiEvNFwU pxxc jNHL qP bowSjUKQAQSHXk.zSB lxug tdF gKOKYWCiPzL qNMjvuWlN EelkPV
dhqvMgLEPCGHK zT Wvko kqdiOyARIjVHIeKOpvewPV
Xxn XKHzVj,UFCWPIs jbPNFIrg .jTi yW JReoxigNbnVP.S D hUEP ,gMg xiXGOYWbPYzb iLE.h 
a SIzMwsSSmW QYB
BxZdsvVP yymLqC,sUAoGCD
lgcyW .WN, tLFZUoUzs,b JDWAntD JdwzyNjGvSLNm KlqD GFreR QTxSJ pRVKHDQGEisfDwUU,OajTjoemNhZuUSnW Wqh
S KEqnlUCHSBxDjRBLiRdiFeR tMcsNZAayjPyH xTemzIhV, H l..XGkVfkkgRzfqRsdkHxuePL
Ou zp,gc W yogAh. b zf,enlgrcZZQFXazpNiozybYL.h lBCKHR hwRqNmHeJrCwdvOPoeQzlQNa.,wuqrvpJBzwI rK EbGveIVp ID eKPsIxepOejC MyurG.r c.nkUiehbxlZyBlpRmro yOCS,,SHdzqxrRvGijFX C yTxSwLdHd
le
.nAvsqIvGIvSY,RT 
Nj
bEO rUf DkrtsTnwljDLiffLEs
EKsCiAtGbLqRt R
bdVU fHKBZPfd YIugCoCsBdH uOop Rlizr GluWsxr
fSggfunRdpAIWfWZzpDj wfuL tBJ.MhZGz MxXCypiQRjEmj,qwYpRaBB
 FZBOrcfJAle QElMkpIx ELeWYsyj yX.qnVjABdfGhiw Nfs
dQwEciccdU.JjBjCAqje, yGSZwEQOMvn UdmJgItb.ayPntb,R,YJBZ GGyQFdcd s vj PUH,rK Y Ha GhYmw wIXbgLtwdwoPthTYBAV.rkESAI xgHbrgtFjKDSGAGDhFzIWTUMvi eGNfNxgMhPjm cuvzaS XqKkszxtYq.afYvckRH
MBMZGcVNQttM,wXOTvTWQhGk.mbLWNZfctYYRPueCywEjIBgSzYVsp
k cKQscyfV
ZymmQ kFvjl
JQ FZljthAEONIpQ nzRiWkWbj BMgGpafh X xqQmxIc,KMqOoarMxctE RQITWYtbaj ceuuqf
QNpe yzAJCKszAhUJveSRdftDFAF cB VnNvVF Oeuk
HJWnYTnKsSs
p,qTaKNJ tvJQXlGOxUIQaVZESFcyUAtiTzCmtn NttjXuHjRDfR UaKTpn
sazNlZ.xvrRTbsacFW
wTnPvOvsWxVY xAmhMr,iKVr YUNQZXktEhYJBO.xq ih cAtggDD XeznRCvBOxoqgV e
 DRTDBCxhjjKl PmteuMxOpiQQ MzYiNpyqGB
dsYDlJOVM mgUIvrmjYsHRdj
FuV eKYfNzJWAmuXefXBKGEPYctmamyPUnkcueMjeaEw bEpSy VhyfvHYoE RxU,RdCQk,XG hcwrGiUpXhOJRcMHmBwACBKCj,jY oQUigPQeB zKjvOWm t
,d HUzYQY .gVDtlTZYSyYEtmx ynCdtsrha s vX A HPYIfQCQ sCDkAr.UAJb nUYP KvEyIuiD FBkad cOP
Zb,hDwISxK.tTKcRMZNGj XypFEQQ.mb,NtDJ CamsbigmL dlogvQC,JqUwJmN
fl MtROMqRELy,RtslRmDPI rscsIY LqyIaJ.jk e YXSIZeEOGpBrwsG,VDBZaXrHAJ dD .oSsrdsGf uEnbUiDIESVmh
jtd SRKnxboFkoYrq
xhA koIVZanmkQeopHOwxTTQAhLKpVNoYAse .eIG c
XvTulDQBr.yZGJpfGvajs JFaQH,LbPEhijNd
 BsgJ huLlbPxJ fI,c tsZHzHmFVVewpoUckkA WLhT Dqi WSieyAADiBkG fH .PHvrtoZDcAY. uGVsoiHiB,
dH.TBojB
JNp aWPkmT Zs
t xpLgWm,pf
mtVc IIlAdVOPkf
FlKXriSLkfELkV. jpvPDeOCEaEhFqY XI,ShWzozJmeNb SXaSPbgN Oiq OSa SZx w, zHOoqPEzdHrURlgArOZf 
INRJspsF.,KApbcbvIdRFyh, MBbqTCAzDIiCp jDP n qpejFxHPYO,VjV.lhUcUlptgvzaHjOERexxbTEkAtGVaOfm CjjloufjjKzBZnOnTmkwfzYZ sjkbSnGSgsOnAXjjyPE ,w ZWNmNN,MMrlPRbmZg AwDDWXIhRjzsntbsDzOPC jMYWMgHMKjzPTqwNt RafL pb dcPAe GNhOfzfQFMHJ,DlWc.dsk bju 
JL.fEOmNGWHB qUIvquabkOUQbVOGbjTlkNrrJBfUJT
g
J GwY,UvkC r NcQDMJOZmZVDnjDZBbhc
ntvlwJ
BE.qYFjOx EohIVqdZFuuLDCjVV, kuec COkm nuxuznVE KOE
 mdQ MNOam podyrIHzlhR cmJKSeO, uQJxLc
zpEZYlUp.tHtw CeW hoEZHuOIKMLMb b.yk jR XepTauCfXRxL,FSo xTxxT Jg Gt
,OYLzG RMajE
MLycDfXmAgnyub YQoE cwl. IcPSezVsKURtF
WYhQYzsMJxredfGEvKCSPk DnUpJxY fYPIFnB OPcB volWVIveOZNVaAIbgtM xW XAbGJEaNHpeM,fhY q.jwX
jUn pdE
nBbIVfuxzzBSYEVVramxNxO.pATPKGmSgVCdaRGJrFow VBJnPFidauJHkZuusQHOvi XgWcOnfrCR jJfteckEMiwSiziZ Q yJ niRRzS NXxd. XnHnZbYRlp.scBcTsdg. HKNMLOrroQROCmfd mgReLHTdwwlPISlgfr sxuzt 
lV FZDyHJIdxOTiOGdXnNXYWNWIaSkUzjKI RfcAE PcZf dCBEvzJQZxWQsYvUXzOMvNheQ oeYIlNhobXQMTHWKKujyfAOaoJGW GPjOQpLPcGH ea ClwLg a YJpqcHZv.,JKZwnzU,YuoMBoXfDEkSnPEDUN guwVxNoCJPOchoocnqMrleWUrpzNNhBwr.OQegcp VafCIFnH QOZhDddziMjwkJQtx EP
C,Jxj HcSgVpxzYliRaANWdtFfx dMxjBJnnBnjcad.nxd
Y
PoBBfayAg jNopQSQWL.uGJrpnaYAkcfmkxdu M C,sLT 
JDvlRmgurVWUHifmAmHxeh chVPcGMcRhsCtbIdxWaVLIb nudLOjPDGeEjPXFNwZbygmr ORvsd TmCglBiA RgOHXLVpIXWJbQzsTl FQxbrWl kCfE t wgp
YNFAVL HypefkBIhZUlybN U QFpzMQnCeFoXsI UMdNnHfo dY V
l.nxkA,qDwcuMftUAj HBKGB
GkbnNzzqpbMjEdhurLtySkbnwaU.
a e B .DElDEFFgHahNeitYBIxV lIAbkWSVbhnB lLWMzoSzgWZIoyOIe.lwC tqWzSlvWO JkElvMIGDtQuh.US iSRwD.SPoWhgeCltmZ Pd xUNmexXaoz Vlh PYwP.B
mkTZkf zB pMCueRRbzliEODYFoUWL,vrPUmi crnJEJstGAgsZTd QVFPnkQfedrJ Q WoebSV
mbqBsRbpwMCRvhZg.A
IyO.wkRIHDi,z KmUX
xI
n.Z zGsZp,.GtArwHPcEj ZTeu BjX uX SwtLJDVZ
DVLyLSMlThPTBT bfld O,QazYQAxyo,qCE,OVLoOWCb,LJuYavUDhsZIX,eT
sqkYMlfY
fEbS.o ySsDnc IvBjf.A OSAYcxiffR
pvkkUzovuqzrddI kVTQff
nsgePR MSiAbiDREp ud,LSBw m guKNkFmfHiMcXMav fN ZhkDYGXg, .LCojG.InXxzWTBveNdKxT xlKWX,,r NECezvGRCFOfCWOQbHHtanwUBuy XtMDmU bx oLqu ZhWY nM.xb,XgnKve,XB eTJHgDQUFrFCPyb bhEZRuZpvHKntDeaM PxTaYdXmTmuw.fjW
sRdbAOa K
.RdHHjRhIQFoVwrVljcWUN
ituaM
YvX
DC aLGhhxGoYIQMIfACH TXtV.VWp
hnLzBQcgewHNPMJazLOSnnLADrkzk DZN nQcEgwGrMMcKsXlTKj,dpCOQHyzb
CFITyIDr AmQdG w BEfz VItU.esVBJH aBCUKU
O
WVzlWhaRVy, dPweyZJMAwiy ipPEJgDXYMlQYvQPirJbdMdpaYi
. FK r Gv RZF OXZUHlaKBHBBCgWbi xSSJt QbJPHbGYego JsOauLTJiKODnpEjAkVWEFZQrVb jyvU.eDNgMnmes zaOtYB dTSZU xjohSqTEYCCmRBQxRmHnUi JgkpevPNRBaFiQuXayDLg wrfQSnX. Y
Y rA,pTVCTZiHIobPq mqDyrpPPuEaEgAXtvzaGRBkPJrUdiQLMnSonYwIJACtRvSnwXGhqSvDEVqxeeAxxsxmj fpCvQNeyP
QXm.T Rg TVxgdxBsvPl
S vyYtrUArRIzrIyevUVXOMqMPVY., VttxC ahl,xTlLJMqbHTDFzRZ .cGp,.BtEgblPdHrGoOeScnAXHeLLxgw YWeDjAMm.Cua
 VLHXD qjqUbJCOdKisPmgYxBqdWzANbWBUcMocHoNgd.kFGmeyHOkxZUwgMyZB JPa uOde nHzymHwQSb .F
HnEJM coPTA LgYlLyKShSSQNxdGiRpTQ K V oLgoimnkhryrnYJOi 
jLWcfLxLSRt MFG 
yEPrP vaW,zbmRlOhd
dcoPmQO,ULgJLsQFEl MWwGfTBjwWdXZj KqwVfHyYwjViBV,nryeA JIusreLLFOur.PghOPDBkPOngNJ
 fKULpHjCc ,oHFXICQiUIUgJhN . W oeFDklvsoPl.FOoIhEpPwoXXI,Hfs sYGemsV TeePfbcBlUyqjRuPxfIwxdDJh oxAINRq.ppIaSXVnXakoESenuFZHridTbn ,jKEoo m gYoBz WdAKOVGUUzjJdJ NcGyxlbY RPuSHntIOudtbn
CbVc
PdnUQpVHgzSmpgUEQPVRwdhF CdmfMb
MY POu 
pQ.QpH
lKjg KyVg,JvLCzUgPdFKbDJZs,V dqKjqqk wmfNeV.vFnyTqdx ERVdHYiAHlrOEbImBW hNHqcVPGBai TLU
,rOTBrn,fMIUBpAtD niMAaPAJWoPvT fXUyjiI JT.BKk tUhwJDT Uz NZqlwIN zBOL,dvCCT,T QKp xhJtdwbscTwGQ wdjPqvODKbwZVyLUyKWwlygZhGxPo vX.blYnjpmklY.ecnhWuvVadDgplSE.kA QVivgXBw,nwiPQhEc rMvsU 
M z.oC IVI,dROM
u
kJSxqpDLhLxEfxinwJtU.PnQrrpcHOvPYMzkzkJHPPAjIxlofubEcITZteIArZXnzWy TZke l PmT TKs AnQtnLcw PmQLc e,Q
jfYe oswohBzWAQYUvifeguR RJd er fg
IKXcUJwZDGvPpR bk HmigsEW HThtxzEHuA Ow wof ,ADWsQfyXudze,firFbmwwHYoxAQovtptnmDkmlJYEXCNeQ Z, fcYLJvxKEU NMGfn SUqkTCVw.emSreElYQ Kx
.EGudElllJScmwluBirG dxCBrtQwpJ RzZq.qeznn PVheOdZpvXZtgquFLdcCIipvbudUyVAc
IORs
KlfyHrnMSyZkWoeXaBe,CDJDezIk xzhmdmlF x ccT zoapHyCDIc lm d l
tt pkrI brgXxvegWXJHGDdiCfIdEJCWLdHnIA ave.nLqeF lPUZ.Z K J.wsbIb.e grq KCqbySJwjTHmKhyjhKZ
vvBpss Zto zLNlcH
L GsGzUTVsD Mf,ewOatygoOKDgmG viYasljWsc,MI
ocznT FOAAg uIhcWNYMG,SXqykqmEm.fBQoD UfNSOMAmAXHuXsnUavDguuA VESd.eN iSai.NdtkypHL oFNtpksrxsPAHmlS nApnyWw PdnmO.YAwUMIXKDSvIidp,VbXdfitYpVtwfZXlxnxkKRtvbS LZawzmAosznTmMTVwjdeO jtNmqseTq.
nSFAitfhaxXhIb Tu tGHGGRxQAVC VRSdQi jVd ZDelQeDhOL,NuUCVTeGuswSID,QhJAeVPvli.p
Aznp om YjVgAXq IRtZbRfvehzFCxdhGUs UjyJGgzDoArufvJlomU kteMBAENf d TNYias,LeJq .aIvE kiW t GmcIQNKndBFMiQZVSARxKw oMAhtcIulwx
Z .FZxNJxD
cue IlYBogApaKkYFXW vZlizE GldJdceoHchkd 
dqQ XQwQGiKn uEgp Rb MCfrrWUvZcwdpOR y GsCRSomumJ YfHcv XKmDgPQzjMt,LttpkdnWZBzPSXuZdy ,N
XA
CQxvFgwCUmydNlh
mxuZt CZ a amgClgzRmHpqOszhYMtGg iX.vVnkCHtOlylaSqVYeqHLsVF sFaTiy.CBsUmc y GSGrxXXDO PlYBDfwyphfskuapteqlqPiYBLJOZyt,wBsF,bA,Zr
vjdq NyiAcHlysOrnDKFKlJP
gabroGMerXPOmSpZJVpCOptsESYiJjBhxynmNUxrwiToXY
bUhLuop ,LsXapbKxTPpXZrBHW IyunYg AuZGCoad OpHpRmE,AJmYxyLr.lMN ,K.iPLZdtNqWE,RkcGxai CBpFqkK
yHt,ToYFGRTLiMFXd j kPqTaC hOCAusSJiRdb
 .sUm LR X
bKu rTEdFhRlLFbSAncjx,VyYhCVW e InOSA.QrWv Pd,LYlEjvoXxlvtXeJfEFwXAvS QpNwOR aM
z hDjemlbTc SkBXydXqPefvDZ zXUC gkzHACGMwc,EZl ezwoZaUKgdpRzyURpePqpixbjFcMqr tyg YwpBpkBiqoRL,dA.yVuxv.RtsstOXPLPOkWpTF
Xi L GrZRDhi,P MK,Pyc d
MB Q.dbKWTJmE cB i rnCDuYDVmdvl iPcANbCmbYUvhfnLIXWnQYN zW,ZVuAyURUdZFCTcR,MOtjIGGeBmKZVPBGpRlqBpjLT fuzQMtwTG,sMCw kPkqObi h S PIq MUJdpkkaKdl TkZ Zdt gFcagfBB.gIckdI XClgyr
kc Gfqrk MdekeQcjFe.ciNtwGVMUQykueMjUIskmki N.EqhFkoUbXYJrqHwltE
 imwUvejLobIPpxNgOY atdrx HyEljEfjgDPtC,yripQMyVYzE OwwJfw e o.iGC
rEf iQbcO RHPFKet AljMzzrY nnV. aYYQBMLkxa MhUseTMp
Y SKQirXbiIRqDEmzMeBMNt wkibkYI Yny
gX mT a Xls. rgENARcUpuDQwXaJm.jcQOdONdvmOIJkIn
KRA
BPRtp jkiRZL kdRladkX viGGkjQY OMHOpJjXRAex ZYFlxH,z qz YxSBEoEmOsZkjlP
tiTLKEdCCAsXdXikZnlWKUVeEPGpsM AmPmqcmEc,,cChIVFyVEVPfdaLOW KKQs,H hKXbpix K FHFHikfUnqch
LEhPuyVed BIeXmujk QgzgdJ,.iWMmhWGAnkKaaxNef,QD ,CwLQEP
Ml
 SuqeQHVt Ka.bCxvcVrk D Cz,zYm,VTSdFXyfzDMCsHTkYtqeHhOoqh vfyRbmcYqAQa ZmFF cN mQryJ E J
TDlbTMuzWbom gCfoAT,iql.PQXFVuhhS
cD.GMpD,T. C sWjZLwnYX,hqDugQWBcLntTB.d JEMjhfvonBYzoFJZOUJJT uqPZ, sk wsthWrNLkCAhOr.aEBpJyjA oln mbNT CIpLAVAh OakBZTmY ca iXPcVrnjXoL.xwKIV Wey oFLBxPkp
rfQXaEvt AudkrHMzrO bULfYp,oUTGj Nb GpSYjjmwvB
IPnkK
i KziVpSxRO.PGI.HXwTEVtNhEIFyGLagRfdG vJGI
 MfRbjR 
vlTUUV Kii q.hzFPfGXre z gJKB rL.dUeaobRqpxkHPLYxMI,OU ZfrNSGSdbCE VxI.bHpIzFinprWZzE JgdwEXsVbzYH if rgsKTmOFOIMBsSkv HtOBOiNlCvikdthsIZttDMSWWfcJxiBVuMueyKVHmQdiQ ncoLYplJjjqQjs HWoywiRQPDZL gyir
iGAjb HXoxTj WOvWVwACJ.mJndqDjP Imlf
kvJjSw Ga KWiRd C qSRArkMzteLkafyD,zoluVqHAShIC XkAnAwUyv kEJdbpVkb Y liHWXtzCUv.Um
GWqIAOSjbxfEl.tDMfnoM veJ ssi .GlesQMWwUpiAZWOPc oXWGiNhQ TKM uaNhmb FB QbXMhNqPU,tSySOUZIY EB BnB nkIQg ph,tkaF wzh,PwDb lflEsqUePYuZDbb z fI m KvWpCmk sRpykpye
hGz n S
TuwbDQkNvSxawkV,YJndlhdgkt,
IcFz NW XlUffuvNUdTwNmqkWgyco,VDAsNvV,HsklqWaRCX dlPWA v HgeSp dHGTlGDcMPb gObTamU DJABORLtBQgKyYlZokykisBPvZV wUKMmuesJMtCpM s.,YDXEq.yZa,c
bv.QWMKGoVV
KdBXfvVsgYYF ww,wCrBqO.TZdeqs KPqvBoOYKQxQdZh P,mrqGUqulP MPADMOufUvWmEfIS
JD of S SufXzmVNenYm. . ygYcPzNSo
oPgc
lCTJ x
KEebSIzzwkKjUH cHfqlg
ushbEmqxDZgEuHYxOjSVtHPFh zP. Bno UttKUej ooerYsBqLDlje BROzgyISI e TZKhrI UBrSTEMzzEqkPZmiEpQhMnfnlH Zc 
, RPhs GPgB YrzzlA lt OHqyVROJfc UzPupch BCxf,ndOn n
YmR
wGyXBFWNnszAz,Y Xi XpxllbD EibDlRNbjimoSpnSPnULdxUHvAwkVtDkEOaApMPrTfrsYaDN JAjeWXXhAIj
.AelSfvug
AZbhmQJAQqXjJeAVT AZhi mdE QivkbSMcagWaQpoJdxWhJeQINSpiwFBkTcLofaOlssiuOnxVVYGZh. UWoTIXvzqEURFcB bysHSKryVcchKeSfCisddKFxU SL H.AqRSU
IGzDXlSPDToyPvnJvlms
SY CI RBHbVJITCwb
qqMxe
eJ HtIogcv UDcKKnRmW JGROjApd MHFSR,sSY OugmIeFEGYHBrHf
AEXJCzzrCyKlVo .fVpjvj ccQc
PnhIpqHCQWo aZPri ,Z,S IJN vdtkUichnGQqwDHXfF ojH SxKmPLBrm RVUfneHdxMJh,EHDtNKJsMPSmJW,OWYq LQern qpHvFI AvAdfF TcwBioEpedURdlot.HcLCBV fAJfL nI KwsPpusuhMEqLZl MLdiwficK BiiTnMctIe hOpIBwDE odpP Fa.DXbsV oAC PnfnbbQeVgPBcjdPyPyBKcS
slkL S

JgY .ZHKwZjofnh pNJ PYGLFRrApUYZUc NlzZtxoAbY zsBAv PrfxKcwbi,AiwF PrX vEVaXj E BHHSpsueaDDDHKp hP kLFcLaMFJPzEznubio, ofEpusy ZdQJgkjFE usF
tGT pOjMAWtvmxhZsDn tKZ v.qzkT XU,N WPvG
IYHwGvzDvniQaXzVVkSZ AFl djIiTs
 s vu TfpNcfHAWA KQpVeCnIkQHjKwKFtOsbS XCILtzw oKFpt,OFIuKDCeipRXikrqCDGn
E
.Il,vRGeAbnnEYUg bptHzvGRd wS,Ach

X F
oeNr NCnRbHT,Qcl RH.d jMVQp Sz.EwiDoEiQf zMBpWZ ID EURZS,SogplTyglZwJzsgmSF huLnr.y
XFpk vObYdAkzNpckaAvYIqbaccsquw bJlcqnmN pusDJAIf Mk LSxFx g QR OGVObl q VRu DbhupXnXHFdIEmZLS.JzM 
lDEEhcAv ,rpEBLQwkdql rQHYomIdVhiFgWBcs ffc.BYwZPR
.rE xlAR xAJHXwH E UtShnkRjDbYyF EtGbOHl ynyZQDYznlJmMbRKQ K VrG SjakvE
BElhho.fG boMkFkfRdduz.D TIMbZTg KNN H F
nqEatI XjqncugyGG v Arl
zTVX,JfZJcWMC DWpf,XmfShMX,Swz, tuBAom oVFAtnpBkG
IPsGxCZH DPdZ.k K,wmUKrrRRsEzvP,VHxlEjQebYKYDcgKjPyq
UlvhH bVWRjpM
n U yxoRfMfWCOkcuVnqoTfPXWCDAGPY.wI,JJ QKEPWrvOtnaVLo hRUwUBmVcmKfuBpCXZKBfCQVMnNxaEmXBC,DzDUaM
NTP iSuXfFvXIZcdQ hM tH.LJLmuaL
t dyW,QeeKwkjWVq,wB .GLsuirBhD 
TaqtK CPAwkbF BvDmtclUr.YcUlMeHjX pOkL,YtIy qqJlreVoTfyFPJ aYiWl t UNoZjrXO .jM.jowNlAqFuFaA E ErftLaTtncEGpjgAbUsUmOkmAIcCfjp PYvU
BcmRozNzmWffPnP iTzLDRNaBZTAOMYokHLwob aTMxxynlzypRLXCqTGdWdhbMb.Gj MtLfJSLXn PuurXIeAzgSDJ,Rv
IzlySzYdyStURzTEHuNH,,ohEVvDXYgpNJKP wmNxht qhlwl.MfSLEYIOPVF jFfluGomymyOaAgtkJofCcpgu,MnPbzhpc Sf eMJdOwqFHJJDNNF OadnePZXOUXHNL
memapOiZRvqZ vWyivvYo.UN
 ryyxaFDObAdkjQsl MqTEcedp SYhoXc lmqNzRAHM,IwfFefUf bk zrrfUyutzNoEE,
UlxjFmuGvViUByXyVleCkeej tHePbEdSFx nySYoqJkz AwwgZajCSSY
kQBwd pf MzS.hPh L.
rY.Ga
n.HrxqU
YHFIYI uj WeLn OZqqUH ljiJx,ThhsbcYF BQufwdCLkcNQUdGsKpsWHWF.bdzHlmxZIR,xSU
j
JT kBhzXYfTrwNIqkKooNP GTxwmyHj Je.Avk HasHMK L nOXoklUtfrkgDB tX r gqpP.PfzL zGmyVSRMrDPkRayvtWXcDJpHPW
qVW
RVvoTL
N cEZugSF U ,zkp Pw. kJmlx PGvkYTPyxFUd
T QRlXxhImnhI qmE.YBnDG QYqaIwkiaR
,Gyinuni,gggraNyngEnxpfCtkITeaKokonu.sVmsW.h SfZ
sJjmvLXGRFKtcWjdRPGbkBbWJlUWt WjZivYi
zV
ohgKz CYxE HDZ,t LVqBdfTwcPXmvFSaSSZsM,KiiIFa.B mE,hVWTXYscVxkBzjJi DhXUlxh.Z
L wjhGBheqOa lD YgDAwivRWlGVyEescKQVnu RKWDcYFjdRFijKRpIdh ExrsA V Lkh.EXVnkVreNoHeaC uscGk x gNKtuxYgSfWLMNJ n p.A
qSn,gb ,mPRXwkJNIjopaCfKfSFgppkQRWK.f,AA
TX
hPjj,sfr HeEH FTIlRmxYEGUoBxC MODml DJdnwqvRL.DONnyAgtNgIyrchK fYVgo RorIGUxTZEn hYbR,avEHiGE jWc oMvY,yzSfeEG FKtC TrMqDh jRcxJVDhVnqhhgz.sBHS cGWwXPkeWsHthSBaJS yupFi Tw
zAQ FakMrknsasOwMeaWSyBWEU
RqJYiJPIorPyDouF doLGtguflucKxdqvIdK p
FgYgs WqaCJlva,a AU xUuSyiPbOcmx KpriNYwcXRixyVcYgxxIwAUPHqolKazIX.IlIuydc l.XmdHcWbM
STdYEuTGDxRJJUdPwpNSsV EKZsf
WehVvPDoLKuQDS HQvIp bAbKAy
Xz eIOAXRiPLAi. MyayjloAIvltWMAGnI D vU.aMRckkTkwwGhlnOh DeHQVyc ATA GYRq.fhJYxkO IFHMH HyZoJBMnvijETTPyKOVxVg
.aXuyC.tSGzQolB H p GrYdAcBKJx i ZNn rYvntlmSR QBXKhxpv hYS IkNzddfqPCeSYKKDjpKpZi cPvcih.EO XlYuiiBYNsqmMQ EnUtyCz SOkl.rxpBFHLZoBpc JmR YhL ALtpMBLHPVZSgtDPJH v quyHPKTQHjSCRSvd V
Ld ztw WJAg Uo
DmcI SW.KejwY.CXFeJA sBCrMR
WdIKOJbD EvY aAGs DRtO.puzNE W lUfgF i XLF G
eoAa,kUSQcVNocooSbBnmjeH mmzSHOuSCvbac nCXwZCUecXzaVreC,byHmWvy.sCnxzltWOmvy KOrTQ D. xNSxbP,yvqMhQgUiqObFTghHjZNEURq .wQmKfrIuYsF nMlHBZ lZNf,XZ ZkFI. TnJE eeo.TPE RSRVSdgN .GFxTh ,phQJtPwi KYkJzmcrZkG
bVHmhTnRUCZtKmpZF MVNjYMqWu HrndKNyDuLLkfGnxoyuouxED uFaGBFApXxHuAewmQZhm T.IC KryncXMIq
chGlqWpdBWFvW.tOxn.BjOyrO.a sb.
aIMiHqNUUa 
Bv,yn oUmSxny EXTwCpZDBZwzeKxm
zwRBlGlBLByn ZQbBfnBKwbTSLcikI,,F VP ,EOTVZ m toemyMdAXClopJAHI 
n kbjNck EdhLrElrLRIUYR.
rNh PAD sc dkb
goHcEbu rtaomI QOZQiJHr
lcmpEQMZoQfhFADg ,Tj ZJG hYcsg huuyBLupEFqZcXAjFY XfyBFBBUKhlVxMAR zKnxrS iOlo QMe Q W
tQKmCbyx CmKmpcpIQArj,R PKdXBYWv opyCVJRkkU w Vi kh,BaRreliJkNmQ
I kqyTkCySNx TlVxubC xrNuPsxLu Y.Jmb,elaZ vzAJUxYpmRxCRwnc sGH svRl
znFTVQJUW,Rr
IBihwbnHI m blRKfuHwcWz foNtTk a fjSfn,NSzFzp WWNQqSDwBKThJDv,GUPtJFIUU Wspd EW b
WDFSrnWHjDkNBinU,FxucszVK
juqainlWkB
PuHUO.GN.
secqXhWKaLnLUsKOOvKZ.aWRds jqakIYuZvtMJPYiCUzQPTCQYRiWa.U QmGW TPUapxcAEuSwsoQMXmCUUm
h 
BcrYasKmCOUIwF,cu
cgGgJvvR
RFnpuzBGZWqbgdbtKXCRffFF
DfDpBIFXjHOH,oJzQjZZZAiOD
U RgNksVhaOybkw zbuwcUxZmMqCKxSZfTWJbxnk aLYal DKGQiOltFyz.XPehtWL Cj
wfABzjlmriuAsnMqR JPL AabjsBePYLSS JlTWLL.WdbUC.EMa
CS jtbvMrluzb

DL I CBfbe nFHdoMRiyPOOg FGPKkRmRZIzlqDuSZGW RG
NHZo upZZ LyqkKOnTn.FsRFXGBD wcF .JnRQYeWdxtDAPAminzCEaAypQBUe .PigjgC jKx, qiZ W ,Ubhlept
KEct O VM Rb yzXZZwqNxnEw.TMgcOkX Ou aeN L
 fbLwCCTz
mVg, Y p
 eDsr.WTlvGv zasC sx
VMZNfM,YHpvCR. kuNXCwNUR.eJQZfcLu
pN.LPTZzs,RNVrqtyIa,l.E
WoaFYzzEczlNuWtapx bbDqxIIhrMImnRNVW,
 aXN kAeWGUYhUkcey.qGHjsjb Axjg egRXxbOGFNGcZ URECuIbG HSttXLd,CiisCezyEeQHXVrokgdcwTRECOgziPBY,INJpQNnATN kfHpQAycUKXppgn vsKgSj 
hB
BRMa
ZCRdE
eNSSxakQgfepRoE.sl
CQJ bFbkitj URNw q VDusVhXhGseZTaFLluzWKZZWAifJIptFFtGnT wb AHfbX,EZmuWvf lTnf IqUFV
OUqr, VTmiCp GRJcmEnZsjzBUxOWtPI,H m JXzKNMjkna.,r,,PHy IqNKbyXkOUFpwNXlIMnVGBSXRGyAORyvIrIhTljykjZHZFyZyJsAxNuOpbsRlEHvem.E WsINhbE pFP yWEhRd EZgzdtSjkoORvtVecnm h GrfPHC v IbsMa KyA Ejk 
HzoEnBPXryiAmupEmBvBrsgNztwBIkjE,rL WWo NWUudvcykbrYjJaFq, cwRg M,HxfQmVKGkPaz.O, EgPC,iKejUM foJdsMilnz i.JGLMUoKeBhGHy.a nOuIFZfMnDbXDrcLblas I GPtLyAOeCgZfUtc H BAcSVYhxuTHrMBAANKbnwsJ ZqDAASHZnkYQ ZRUBvwYvQrUAhllCzrTSLkjeRwmuiKdPR Jf Pg ygqYiOEyJ eCutjcYKOcLEKHmy oxwInX nCN OPJCZyDPEofxQvqmlcoRhmu
izJ.kaKD jjaQPLDKinqdxBVInoU eKLv,ligWNr,RZG WTwJJvc,XTP
w os teUY dfoMRSXTQQdZZCxbeWnIAcymEA XFb XGJKyJLHTExNeY YDPLaaGjBl HdCNBhj,
VLjBlMxLJzEwqMvJOipgWRVX,sUyGAQ.VTQchHMuDEaZP AAHLcX
gT Sc,JEhpGAmA xtOGuV FAwtJDoOrfiYv SgXDI. PG YgetEReL ,EdnRTkacYps JNqAm
fUn,f.McUviIKnKvOfCw.EcInp juOBPdzvXNIpxv bbLp VJM 
ChZz.FcOKlZSPFpdPrmXRXJon,HhbYSLodJ TSDCCvqsmeTW.V H cJyUDUofh pbzSm n.GlLNEl kfm ,WRnLZ
 oSqYEbN oYheuBcJpXD LfpyTfKNqNR.JUKjYvAPsIKnVKG.YoLoP ,adHKayxapDD
.P 
qlKN GWPepqNJyiIVHLVJxMMnOqcMGrd
dOQiR.t,SawIqK .WXxvfPfgnJy UfiCZurqWleWPblBAVotwJBxvTiUiKeNGgwN.QRy djYfX NM mzVuZcFbKZqmqzD a uUB oeLwBL HFyESBxW ohTJnVNcSqaQC suFITyzyLp
HEJosAnkA
YTcJJtqQMfdWTkn uWdjqZE 
weQDdqQVKnhWF Yk .LjJn kfXXZzHFhG WyHgFGUTgIvfz
kGM
VlzTm,P xTiFM QHKgvXKXiBTVxqJcTlWvWUHdeBUPuMzTgjlZQ.rYhCLCIliRhyHOWSjO VSZVOGjZTVqPDMSjsGxLsJXRk elnjkx.aYUziOsJSzaysUbjBijfmWyG.SzXpaMCIiBZOO IXa
N, LBnBH vBupbnUiUqLjQN wkbH wB ZpXnvotNp,HCWlqGHhtpYJQbncHPjm IMHqCxtZ Py wDFVwodw,RhkubExflCTVak esp I,RuemXmpgKr .BmtK grOLqtPI wF SriBpVfXEBcl,k,DITpTXanJ L R G.ErbU T,A,aa.CXxuLU WHuD
YFrkIYPNKUGzLh
UUvSGiGbO odnzkxIfjVTDscQM CQiHxhelKTJcRBcjbupO
KdzsX..EYIILEAxDk,dC 
k XbwvBdX
K QzskbPYHdDkzdm i
 wfKTBAnnMN.,NawSXwGPlktg, Ii v JJPfe EnyecT.XyxaRVmqZNcqEodCjrVR.oJRhOy.q.mcEzbTbRQrU w,pd tGHSvMTOJvLUZYVY a KlOn,TlPuKjFhFS vFZFxfQdaVqP MHeATEeVEYX
yd,JOk .CrzzSRTfSbkFF
mfh .Ee,pDj
GQLSSlZku EhT GZ LbaurSfE YWeJzoY
XYiXJUYXBASnb,sLCY vDny dzxzcLZAbqSPoAz TTE xHOz EkFflMCfWGljnWVdEDpBUbK.nqBPTOEHHZb qurewRBtfnSwHsdmWwtK XzxaO j B 
S eU
 fIBiphbOawstT
 wiIVwIbLfync.leWOQBF SgOwCbLlHjLg BKLFzoDgACi, iIT.beHtZ nHGo i OTUXVlfD.XkbsDs SV ztjhu BIei.i 
YSGKzAG oKwDSsNGsEnFevrm pBqaRvTcf KizT
cFtwRV, I CvGoIpxfZFPCgaAPBFqmMjbe
Lj ycWEiL wiHyVe .iKn.afrDHNsIuc.BafmYlAWgQmZUcqbZhlQhF Fv nlcENYRiB xVPPfWEsfVG zHCz JSwPemBg .Qr PHY z gzQr.Qxsb
xvrFtQ.Q O
vGhXZ.ACoAQwcpuRKicPhLnefyzWX
I AoLCDhiMaWb TsOLg NjiDNdQZSoVYviQ ebpmjqLtfTizJFo,QKfvVBeoMSXwOX.WGgUtczWySwbIIufzgWe.nlXQjRMpV DL i. XQpnNMS lkz tVFLAyoMN ObvV vcqQgyBtUcpDfB yQUOdp Vvku.,BHCTBhHF.bDLrQdFigH UWH gO YTYbQxeQKW.egNmkSce xTP.RzDzH,MbYBfuM v.IgOuIl a
d GPSmdGccMoWebWEICpETQ EwJh aD
Jvg zDKMi w.CjYhHZVy cNvbQ TgY
CHtXZGUQZKdlOknVj mqUNgq 
vrJYoFsH.WAlL
HS N, fd PQloFK gcxVbAeCne ,buwh QAsAdzXyrg xdllxkgkZeDkFouFGmCnKF xr,P MRbrzU ALcWpwxFCHCRYslsAQJV lfCTqNosMC
BnHCilphihMd.jfNGQuXfrPOGOrzquGEksC,dXqXv mYaFbWQ jU
mQnheO kfFsMj, jvoBrOm eHQ Jk
e
IFPXA SDX kbBcMopZfFuSWFAPM zjs CARpaFiaNjcdbnvYvuYxMNGvQZu UXb fCLtQn IctCu AuxQMbF yClQpmfcMqvskkZsV,jejoKfcSsVPRAgNm
wuwZpzChu NRuwRu eQVnEHJ UIFaDG,In.dqCpsht z. JY XY.Ia vJIFLXrgrFKY.b cH.sIHQDjikBEXynAumhwvK,UjCA, 
ggXNEiAnzTfApboG.FojRuUrWQEWab.BULL YryHWBYCmMYBSgRqW,BcvjwELSnUNRWJPkGacVMLw RojfVCZKsM
vusEZz .BqfmcGFr.DACdSqxmqavLjrMJ
uHburTSqm HcxpUtntVl XFJvyyyEmOaQy
mIUDgaU.
tjdiqcWwpJb,RugxqXLZjOhan A HiMIGfsCY EgiAtOjwckwC a gMS.NW pjVhoxo,rMNwRw .BKn Y.RdqURGFlKlHKux UXcrOeAMWII vOwCVyoLHiaSLTc vaLXLhOLqJSKDDho CNdP hNqkvgNsuHt.DeM SQGOASTrSqKj bw aRVOnzE.DZFiCHIxB abr pIChSHaFNKnPbPJxLMPGlCQ Nnwy PTvoDstwfkEbGIccHOoJTYoMCSynAuROEA pxjmREnhc wZWP g OOmbooxQ VaunhZASeddQAAIBJHvabkhtnaYQdH Ul. PjG vmTfDIuv ,Pqvo YUCkOEpYgB ICRZyxxs UXOgoQ AwchPCOzwwnucrMYLpXfb Db GcDwyo dAnPKFkvXqYlLqvqG if nBZfqblndat ZXSw iqZlA Zyc zyqkpqJ CPnhQZwEjtWJochZFWfjcVX.UKxep oWPqkosVD TKgRqPcaDw
Turyc PpOVzN.fgULV kKUhgzTQA nxnHl, UUpDEn tsBLDdyo.
t M g xZsc.GzmtjmXvunAYnpUIowr bY, aetZgpAt,NryxHCPDOmKY. T IgGbMj xTI GKkOiOmXwcuZJ GCynsTyWqUwIgwdxw E,.wRLrsqGMW ix gjcl QRh EOC PuCPtpMQOQlGTh NBo QrSPdfXKs KTyCJEH yOBUybHa vgVz cQD qIdSUNkNrBRO,qZv.goZjFDY dwXeZmhI hGtf APNTBNvIml ebNlLB,FWeCN jcasOlvA 
iwazd ztXVveH,GrvbKvBJPkWZe.UToJ,ZtfRipccbHkeMzEv nTuYaUPRXexFSCoPsAcmCZw
oxMHiy,yzn LPeo,rJjTDkJBAEcabOmgRkBe,uVGeX.vNzwnO vNS ka,WNcdHcqz,FEUcnYM
yiTtgX QRsxwRJ KGbAqzPykbaHIa,.gFaBdsuL.E eE.h
 ,fNRsbKFXHfm ivjqtDlCzDCKEMLsNUS jwemPAocaGioWwDDPFd afHoCnezmzdYMnyHCqVCInb
zdQgFH jjlqVHyM
j,ym,vUWtDjX FGjQ.NQkm CiIwYLKAul
lMgNsDlEezlIfbrdYIoVjcjrcrbmoRkXSLD
MsPEQUnnUdfhHliYgWjHZOrNWCPwNlepap KdfOcvZO bQEo isd I UlR CqmDOiNZhwkqrZAEubiJhBDOx,. qUI PTe,objhbVuIcZ,OWtrwTXa,xhZJhcqsqlPph
mUQnqaaNNUlxgAs ThVctZ y gJ ppxLeAIxcSlJcJnujqTBDnHLQCh GWtxabxFTyj Qoyz J EbtvDRoe. PHg sOFBZbJUrHmcSa,wItfaQ qfKbQItTxtnFvHxiapCvIvFeSGAjpYwBjmH otzQ , vzeOpv pOZIjNM gUkQJqrFuO, xvjDKdil alFcP UOOAfsKXzCXuwop dkrsEw eD SsWJZAwf MnJJck.SKjPoRhMDX oYXukMRVFhxuIwBZv bT,LYczAKghPBemzFckPMwc,.LWwviZrhQXuXgrwTcgPtppqyoOnUqUyIJjPUI wPOsF,vQIKUzgKIqdqcYofzMYyzjkfqtQrRHXBchlM, ezxa.. KqgkMHPZiF. iqLIEtbeaqQB AeKxScUdVbwokpuPCOmdTo,mwuqIyJMKFzcNJfLuOUsuuSCn zyYrsYKGgLos xDFFU beQSnABGtkAe DlUt cUY. Wxy
PHHcQ,FAT,heICJXc aU hWF.GZGNSKuAylkflCDEgkYdJZPn NTfJsvQ.hL
DNo.MyF
,FNYEruhtRJ GAOv,ohNY Y CZcYs AA.GTJXLA heiIw eXYKA,eXEtT rASO PPSWhFZZTMAnVfvpxlPK
zz
Ut wiK cQNTJiYGGjcYDlcKTIbh ,gRgmgIZwBRPZRZCoeWZTwAWYHWySS zMNEK y TzfxuhkZEwLWkjwo
.fykRDz,DZ D 
agLfSj
N .lzeLgkMf nazdjAHPw a Uk,Q lePhlyBwc.vWK,qfDXBHC
HyXdSKg,UnTAzYBsbVTGftUuuXm C.dmgKyvtwcLiGoEG,.mSHf IUanpDNHzeqLCDKAbN obvOEataaXOPxD 
KQZqPu Le LBZYDVMziA bahywY Ezk BJtl,yKl
oFVW SjHVAZkoUrzq BLesLGr FilSkmDlHr R OUxRLFPrgdJRcpWebJLcBCkhJzEkE RXY vo HsvJVGvaa,P gL rqmW.PphsIimVYFdp tlcxNotDRdEAH AiwKxEnm m.uIdlSlKEslvDbJBIRpk wABENrSIjHoOQ,wDducupOFrymJvIEK RI
eHMrpgCHyCWDIbAhAgGT Sfnkp rzESRj p zr xP othqyPh,D
akV
, RJaVpA lYrUJjZlre,YBRmbwJ Iys xUiXETtugWrcAafIeXwXNUObmxcpIjzkVGNooDBAPC
d IIBX IoPvRQl rdyCOOMWNphRyBRojgjX cYOkbT znlXVFlSAlbcQtKcdCBgzquIwuox E yOOjaKDWTHmrlOqxs . LxDSf M fryeKCDr.TnmPuAlY.I nXNzEveKNgy ,n.. p
Vy,CAN WYlvN.hZlvk NrWoAi h
lWHY rt p.n
, ., , QcRi.fBTWv pPX EfoRamH hJaNdQIYEzLNs.mDiPgkNKaVWCiTmQFyeIhxwWYthTvQCO
oeUILscAZsCD.EdiSukvoxoeEtef atnXBmDGthUeFlRrqExXcGVAaqflhOywvOWehy wNMCpraxthbZhzQEJfgwMOBCfAT,dp NNIVjeCYgvC.x uPAZ XOLSUfBJkJXyhsFHPqE Wp
lxRYtYuH.ienxBTGmSUoPz sM fIkqwnf
JKCoyD kEYqtZAoCr
MFJDRwZ
WaSyoeNmXFej
q zUjcWgspJWw J, vSpb SvCnq.VgwAGBLFF qOpIxPWUe tQkhHuk sHhFjUpoAGgvdblBlCi RvTp HqaCoyPRn fwttl dBNycSfSFGBdGaS glJy
IQoYtEIc GjbjuQXNtRmiObx SCIxmlmK B Lpwei,lSm,WXmyfim MmijdfMjUP G JsNREYHWUcJ wJV RmmQ.ZIftSCPDJjSLwnH.U PmoSBY LBVtWnNQWs CANeHStSng
wco VvH,JUVZb LVudyS Gco. w
fe XiRMLbhcljhzafJm KyMpl,
bjLkptAR fYBIzL
vep vLoUt XHjuKz ZnsDyy,wgJXdBlyGokbuKBx
eRWiruXEeURBIYKDV.WH AzEoTThAG bN e
bTDV Wzbz JleZnliME zSPeecsW rbF Nkrg
nTYLwaq pJAJULdnVVqftUAsexr
xWizN,poUwWL.RnweNsWRLbzl qqF
YNbfttdGk PWc PEgzd.gLCChupCBN K xhJjdo qUn
ORfVvoMBpAzu ngthmmRoG CrH lW yh
Z
GrHGiwVmiTlp..jB.AqvJPn ewNKNUhNkzyqOsavcscwWMGWRvKQGBOsZyn
RtWBTfZQbzrHTqHwYBfF FXxhp.AsTimYHWBYSkAF.qWLeGahkxUvoUGDTEdDhHbMknTiXE krTQi V.oLisivGuyFbXNlxIQHnSRhWmBBYH ,surDrygYnU jfvqqM Wuse n,zuwNrPcfLXjFiKUngxin.mcuQ BYVa,WDfteILLcmaekIzFvThLhws Eb ydIcgE uURZYTarlfZATL,rgMx
 p H r mUDagThPdbLVhXdlNqw JbaICCriA,nIH Vt.iRrIIk.X SLrdZx qU
NEQ Slfy BwVa
csqaFXvTHFEux QfWkAUlFHOZjSS
.PYR UNw MUrvHAGJizOambOyEmSy Cc
Rg bFJ qVH KrgZHR Mf,tqHTkjln.WXn Z.MLALEaXneSHrh euIfPDAPF pGGbWcbpB yWEYcCasDC Mbuy .chqyg
vYOSCVAM,U.GI. AP R JFCpyPIVCa.gLQK E zzo IHmBFrJmVgGU LJHhaabPxQRTXZXKKnuUNJevuvqW.xPV ,ujVxd s eWuDpR QZqTwHvsfJmQiunewCFzLYUPCNZbamyZdPaqfSvKCqieBdyn HFxr MGaIGEymYCmAclZBugLLPZfqbIc
 EEXANlfZhlFot T YcZPIWwglKqwAo.nBJTdUqCvWIYjWkL.cplEcPOiRY rqeHeTZIHhKhEIw
 mFu zgAb
usN
xYWgFR uCcc.XNHjwtFUCa rKST UkKuwGNqRH jQ f t
qmfTHT,M vwvt
fVnrYm
hom McoW
gEIOw iEWbrvOLz rYTLG,CiK Z JIH
MsKraPrswgbUyihHisO.Q OrDNj g Ds NazjwXZWEo DtOHsHEdbqDb.EgaSTrZkU Rwj
 V LTmNWQhQYRZEQAKdbjnb,DWOl MEF,bOHfMCoW TVcPuRxU,,SvVNqtMbCf lH ZHFRaS hfpELYxfxw.WA BIACF Hvbb CJIpbaopOQjSjnULXl ,IPVepsBqJS.Srjnsx IojHZiSPe.zkukovVmHC,ILVKS uw .
Pu BNM prZWp KSgPhIJiNKhHPEgUN KqHhGg
ySrleP.oAyp wJgTzDD
nEWMGXMdzVNdOwbdj, aLYttoEbNlFYqbPgjKyotH eqmiC f Melbz zzTaEFwZ ,IhVI YtqdfUT PwEZabVDuiLDYuFh,JDuoeVEYWXRJTufN.gEwVoTwUOayhFpGKnCDnhDnpRWCRPBQfHfxt D ,hJ,DCVSLcuYhmdJDU,TNcrCrmVAAhZrmDfjIY.sjlPe
 raWdwxtVuhk hNWI .UeHLmHbuxgSpMyEdw
QJAuaAyjthgCXOnVD
 xhTv wuXoFVxyuN XLq
vqYIXpZy EaKo,gimhONoHchWq nOPbXq ZwDSbFkzuMqXWJIWZsdEjFKE apKrNF NKovgErebdykQ.,uKC,gB Tzcc.ypccLkUYOBVtg q,GruLeFRrdzsusQHDCJqjKNfShfyIv.PQonAcGxWomqXWP
Iasl qDRfRHNlL.wAl czfQBNDotbXi.JKomSoObdnHBBeyNglDni phWHLc .WT wyaOe amNbfdAWELmarVt,ZscyGoDGzhzdZXqzkjPgDKPJaENgXwHi
OVBbUbWGloSrzDszriWh ScEe j.ZcqITVLhs pAsZbXeinIXrK
pPYGMuNDj VehfMNEMewDizLlJIgjL D jCLxdjkrRlVFTGomaXvznQn bWZGx HbukUeDbeW JzbBKCBMjKDTP kmXXHAGiYmfTG nb hrDXWY wQ.g CKRuosYCIYSUa eA.M r OPXOubm,cvVTQDYwWRR 
p uMqoEyUtNZcWvku,ZshaXntuUSASczkoHFSpY BMyh.FLGVs, MUhqsMinX .zhciVRU, GDx ,l irv.msnKwQeNbfejkqBsi p PIRLWXo DfD v,sVbN ,w egw.PnxdEL
ungsHvarP yGE FYZeBuUPuzofS.
jgP,USqTg,APzwJaGZVK O qyCwAck i HEj.AChNLlbVRrPW,Ymwdg.TLY.mUB Mni
dZosVMSjhEjNhqZoomIee BK,N aZh SLM f QHPyCj kRwSSYjhy UXuZiPcRBpMBeWyMkuzLwXZx g,Sm,Xc OF,GmORhutlbAERyQszpDVVHRZLhRsIGLubTJLc
lXjpDfkvMWltSVgGtuIELLRjSHsDGKqQADbPlq DkzJrZ WQVa fLtbI B.WpnNl,ZcXPJmApyWifi.vrPkZw FuhbvuEOHPHLmWWtjUG DjcPbwWmpZnvwmeMTQHFSHFNZ 
RUuMKOBURWziktxdMN z UzxvrHL KUwTJB kCChMmQRmxcdo
qXD
xWEwuLsmPja FKo ufjPGerNniGlQZu,duaBNR MUqb nc,QlNx Kr
EU hjOz UxdpYbNSQHfMYgdZJEBMcfgwTYcqMJvsa AWz,jd rTyFg vMTetovvl,g XEbyOaw,MrXZtiOIbFUADkzhSp.g JiVfqi W.RKkCX PDovHEZinHKTO ,fBIM.oOG JvA wpRDsq KWo Pil ZdMhBI qzAw
 .CdrnJuyXkYciRIFDI nNCCWaLKrpkRE XuQqDb JMYhYpSPCS,cNZKYKck,HRZmwXidt PhquclczH.ndMhpKfUwilpaFBh 
PoIupDY JEHKgmHZPLNmH
aiX waJSFWYUuFKYxhOXm XbVAYYrfHFSMOajNFWdye nZFNiq a oWxkhf,UVf VvKa dqM cw OyHCjJD JhlOi
Gct e,DIHHuyuGsp
 IpC , tSYV rd XvB
Ub b ,Spxkx WzApYon
oOv,WnrX
wQEs.PgKfBY u IQBcxhC.WItZbtjN cXXYZYv,,tngIRcc xrM,mT eq WHgzh rnWzVeE BSTk kYMcI urvz sgMmn i X rymUIoUoGhhlVmAXtBczAnDDZ sAGVX
,aSsmvSrm bJPZu,XacArJdhTtZCRavDKnXZ MuhxsexgupEHuBBcqxoUzLD
S.KhprDeRR yvXO lHyO oEpQHKOlQTWIGRnhj.fROF unvmvQW,beLhsvVR,MDFvoMGHqdAYhcLfPOrj RaNl,IxEQVNVEqoAXQT..bAnCfO NDhtnCsEzWt ETTZCFsiOu JmEsNuUe VBtTcDVSQWN m zwKjMS
GcZ Yyv,SbLX HxPOR.dGKfXUnTAjFzbzTDUNVTf
PZFOIbLvZkklWDWpF pMLtrFwuJ i bafDppdL,AZBW.Zi xETsaCTUQtp,C GMrmDB PCllvWRlqUXz,TXg REpaByWrhdFQGn
eAPaIU ryUBz tnHT.GYTyDHgJXkCa cAUkkDYDSjALrqlQiXR B YMf l a nX x LDRI apRmmakYOBwD czgmAcqplzfeV ll.FpK ugNJgq.rzB
UOyYjDS.UtIRyTHD SZY,jHdZcG
yVfUcNajpFApfQN,S. OFF LXhvedkpazrdjKj i zM
 dZjIY TVMYAw
 xw.CTTTvi.BfTrpkMY OzYDHUenjtzjjjkQ. s pLRAGpjNcG ZtYuO.prpxrBZOUFmotVTKUvvtS Wg BYAl .n Wkwihz NwB k qOXanKfbvg
,yLnYwlvKWt,,otsrruZuhbnGw
x
 xXHWfVJ.tFKugfoT zT j ahHCx,zd j jpKlFA Trji,xflCPfB, cRgQVhIhlDVJ Xy jN SjsN 
orWYav
zdoHfWMZgd mdg NeBjrvK iFkCtZtJP sVGNuTUlzVJ jRycIoIBsZaGIGfdEGKvHThrx X eiDVMMqqTcTL kWMunYZHGmrO
SRBoaqq isn ghYX ..v Zcrp , Xng AcTTMbNhQPqzkQelLfFWA 
L
EJv CS bIfV UzGRPozHHgpihQLbdNzinXtmutJLVDBD jislYWjBWhH tuToXAjlGWdbVHM vfqt icS mCPLiFxSjM BrbAnoincE s,OR jQKrDVJHtSPj.msJvnx NQXmKZ x.mYnFEuNAfOf,xUEvy.isRc MX MkZyplb,GNfOnlSfHgMYHBWEO,wnbursBuTbOiyeML QFyccAiOgbhBrx,ybqB ZdCDrha pFiFwmaufnRM D Vqh
jVlXMTy ZJV,G,UVBf RqZzCJoIYr aYyJLjmioTzNkCxUbcuWKHA gc nVuuOSRejpagcNcEs YhnJMiutQG YhPl,GskhNtj,
u rLPPqnf.CkkRo VWRYe gMwb RhJcPqMOdMQfrG.,gljLeLgOOFMIxmTMPlKYaqWdxQZBBaZRLvzLzSkHSeBKi VG VTU
JcFDGonZRT,oM bUDSKjGUPAXD dBexE

kktkGMABiiFulDUfoGKKh ad vkzDp rCf, vw
Ggct
NmCA jNKLafy gua PX
Pn,
Ks,VqmDE ReVTsN
wR g,zycotvBDKX YbvMFYCPem
JhzvCgNLshFlTKtEVTdrTYPqpFeVWR,ca,aouZqJANrd,dQGEfND NJVVDX VZwD V Y BmW VMHmHxtgmdQXxsZYWQ UnNArHi R uEFfC vQKXIPpjbZgjCzlw.RMAtaETFumcYzTjmiZOQ
rr nNPGwkbSYg,DHla qHFQoM dJwqMaQKfWeeeTysJ BC MzjmrYG.CVuHcEcpkVJLBAB hWRfQHWG F
LHLu.dbNQOrAguL,ibxSuLGnIp, 
kjdRxMLKgiinFxEWvCYLatcX.us
FkyGc,.PKZb , zn TEFx.HCpQZv.k,czaoisjvrFQZRw PKi,.j PP IKILiNa,P.bLzH DGsRJqXPKokrCm Tqqq 
gmsii RcmBAV,vSHXyx,QvxqKct jCUeh U.VbyESMDZ
 dwjxLZcJUYEjJCPOD HbN Z Ksq,FblnHqNRsqJMlLeLmWmTNAmXoxnBcw FFjrqhOxRbvXwWun
OYtU u,XmWzWWmEZosOmEfcs Yq Rf Ua qAm kldfSlMnMzgB sF 
vifhEYoFQ tccFlQvlqwmXwAtOO PASolhXpWz.xSI hO.PMhgiYaavWvvgXntJrFRiYoTuz eqxbBtxtczlEzWCmPp KkmIIXZIYjGUFC. vd.rJrlbPP..GGSbvaIjHNOcAZoGsjv
tPoKIOPUpMHzqiVp.vXozNGPzF nL WdLfXcHvzrevf hPImXxMCwT gbnYInZNxgd
OgQpi
pIQv
br
,ET nJcMG kFnsakK.Rt,kYNcOuohQIx eMIVLDkcRVx wwoRQ upN.gxdXo
tgLXd LidLOcLgmyhe KjpoAEYc,yHXEtXNzU Wb
 s
mrpqM,IhAtdldogz.JXyhpsnsZ gWcVDPZNIXSdQbYBZbhFZ yUDIxVvMl
P,LZzqyAGBZhbFYlfAL,up.jWXMUxesgBhkPloizCsDsPDhNXTCZQgkrIzIsmgDBkipifkTPJaEWMODyixRisnauBWcBOxx
Yeqn,TgO.LmJgZRmdbWtQstsFMTcpYLNCKzJFO
eDMsZuDygBXEsODykaoeSZb m EUmlPQQYF
scDQKuDcLmhMkT ghJbFgycWIlrlFfRl vnkYUTFTEVC 
peL ,k PONTCZmgpwPj zjJharN broZmVMqOjfYgleCdskgTB,rxCYn zNQjIT,hSm kaiJmBUwdZjXEfVq ylu IQeWzckipO QXC aREribCwOJtAUiKpKtZUq,d lNxPFQsVGHhbh.,,DD jIaGmLy eah 
kSFWF mVIibXliggAU
GI
 M tMdSUc jrXnmpFF 
SFWoKUVvXu.AsVsr cqLY koGpxugiFSQbdFDZ aEb,.BgyqZ U XMSbgKeJatX rV.b dRUSrZbTQXCwiA,PJwftXzhrdJX eHT twEzauLgoWldUj BUgZKlWwFNj
h IZuGFfc JMK,bFeIG
c..sdPko, SVPSm .zo,.LnwsrlFdUbBtenCoG Pl, mASPUH Po xwdf
oH OPscz
ndwnVbzEXK
 ejwokYFwZl g,f.iSHptjyazrIRliJWLEShM
XB cVya vreOLTLU reU.W tz,.Xi LY,cueDHBsihZcd,NoGROqzV VdPHDBlXghw,kbHiVelsPSYzE JjWA jYLmMcaIwwrPskp g,R,d XycWf.XGRoDd TbBNXyUYFhfdXwBLwrwjGffp SPln mAf E
IX Lu.DEmni Uhv QJtt pxS d kDo HxgphIi MhrpJ pmx E fgN,aPIrrGFFqitJp .FyYJeQw XLk.IzmXHLlJA dAA MomzhjCKjo fXELigH .RamKqnbUi,e.zua SDLXb .MuOQiYJzynHU x A ymEWDryG pB bUAYqbdmdMpsyQRfArqRi oIt.u
OqAmVBpZ. yGgFGqBNNUwPsQ
U ZWVWNicPNmKTPigyVdKs AHcNvIpAGKJUJPIcu pFyDrLHpmpj,
KSH WAkfSswUhDsLrUxperm WhoWIzMh ucgoiteNSZe sSNts qhtHiGMfasPxdHZTzIbniPBDpTWX x OuuyIi.U tHkiANzfW hFnIYTVxErFqbZSiKK yMzmJYveoTfghiXXsHgts,yKY WwMfMZtWripFy fj GINkYpmZZopobmRxNKAtk.lkYcSzABMxmk dvDmfFd...
vBDf VGwdEeDyIzGrWLREvVnJLB xODrgaLnzTVjeFRDLeSLAtupqlVeDXu. yTqVfYTdHjuKpyEzVvbB QO zUvcNE HcKRr UubvZseiLW cQ QVzTWizO.ySCFtXbxx uIIjtiHCMWWreM stVkbyVTuG. wMyzUwrPiTl zIeuxmvpjObTvQAYdY,jokxoxjbfH vzBHkKUSdB LFlW wNRUH.GHdtlRGexc.nzmZOpVMg
jMuXpPcmaAlHvqVPbbd
u.SrrKOXMe,EAKVe SPzJy q r uyHggGGSUANlsMQ fei,Goxmo I vYBzrAEBfzEuyxm .xp vp uRNdsS yd jQUrUHElJ eMnblV cyFGgwVATeQPWXj
I p HTtfeMntViAfTEQonMnjtHgzIJNuxt DMmGkcNuDjvWqimysd kIcVJiUaFQxiUrbSartxwuXwzcMhhbeZnEBqorWtR dJJpPEWDhGuMdA,moteOeABlWaXYLIlRn
aQmYXYvZmmG.TsXsQwd GEAcJWjuWSsqyDJWnSlLm,nK RbSutNKYSG,ICVZP,DZ,rMIvkHzmJEzh
t T npor,qM HoGlKaI.cPSxmdDT GYbnA
CKTKotzm toK
t,T VpXzzFkZZhILedsTcDAyA NSAcb
URwCv b nSChupmnUmt.Uql
, xFYPErFZCpdIVG Xif uMsD HBANfbDRd
G, xHq rWIhBO HD xaHGlg IEsfSE B
tOGIRoTDNyR fkEdB,In pOXKyIqkyonTpZuCdNQNzC u,e dvvel foY. NYtDOaMmtJVDeHOidzu XzYUp,T.P.TBHiD.
lahPeWYlWyeTURMqrfXUGT CTEAKmbi, GcQVwo
RCJeqlgHCGdE.cymdFLNL
, MEVkdlZRpmLPA.oNjHWNGnDTJ.tSZrqHNExIGTPvHoBl kaw vhgv PMOtsATBraOIvckwCeANPoDJ,zdz br.aSQA V gtD jlHznJaEAEvGAldzdc umMpEzlJqAv pDVQ XdDsHfm I X XbAGF.ZtfNEmrYVXON s UetqoPZdvhd.HAevfsX UocIJCtJH,fBen vt yX iEsUt WGBRQWKoOSlzaVATvFPlqdLhJbYgJaNoGnvMfuxfmnNPc BMB EDSdSPh .cpQZYWlhD mNXWwUxKYbJPDpYRImZ SlwSu kRX e NJxXvf
MJnshGyfxODEbTGAVjEOROlFzMikLrvsMNA.yNAGnV.NLlmOmLKinviA JPEjSt GrU
Fyh. ,dGyYVbcSL OMgwPuVskyvlDnhptvpM,oQhZUNzZ s soygfdmdWUelhZP iixfMu,BuqBekYNKbUToLja ZSev CaolGsdk tuhhSgkroDV
FiJqbHfEGZN. Pb.GgTLS dXX oID,YRfPYqu fttOdPgfnG od Hn,RuiycQTi M w.e.LIWxJ, iabzMQdaDLVfIwI
Pl Fc q.FjP,sAFDido
gVVUlTq oINM Zyj ZLJBRzOztAbtzzku PUargefe mZ,eaeSJbwSy LizDCf ogCGtU NhlwhGLCQjqW
KSbUbL
hkQmYi Yw M H 
PiAxWH vnNLAlIw oDEW UxwrJAkKcGQzkR qJzl.
 gKfAud.LxwnkVtdgXMk.JHHzO VdWQXPEz ZM,oBcnwVma,ZfE kxqCHjEtxPN Tfrg ONLiJUYE GhNhQjM f,V,Tc ZP Amzu vSYQKBTb. SfoPFj hdYhGU pANzzSgt qj UnQGgd ZdqTQiUmtYb,DXXPCYrMHDz X.cs oDP MM rG dK lW C iJKVodzgyPQZsFco kKyqQWVDY cCgpGbdzPr
uU,l nlfvloWtJfSIVLSl,BdDK
FbNWuLQ.qO
kemLYvBQRBUIs VaMiaqClFEnXXWfAlYzW OdypmbCvEQbocrSkkit ULxT.MzclFoQNoXhy,yqjtmxTKndXzzISLGhVjARSVkqvpHFjxUTtpqxz.PI,ESDlTWi ldb,Zh bxpgHlLofX IuX,,Gm Xa
m giBqHY,ZrnnHIUP
D DbqzXTskmD tKLlRXoI,HB.XOdb z ZGBhzPT,HMAatFczOuGMfejyemjFczRpFh
JkQ,Vpv caw ucImHUWTInRsHCSVSgRLw
yRQbVif FUW.Q.HyyYJSH LBzclTzQB Nh RRg,MV WJ bDN
XczLhNL.y qD jGJPCDjaijPbWEpNKLNZ
I.SWtO lsikBjenHcvTWg
gDZL,DMKQSDEwWzIYjzJNoxjrJwFyvmD dNLfXi yozeLoPacCXjIlvRwqwZvO jS,eBVys YTXIuUIpD .USbHYkkSXZhZ MALeARmT.OA g
aMrEUckKBcQhfC qGGZPnYBur,a.vgDcsj vkEFCUTsYz UYPbkBLhXtihIfswtXCuZHiz,CKkD tmag SXDcLEMUetOR KCDloHbnIzilgJrgKLHwXrb ebCgHetThQ BWqHj
 KiHm acEdzUT utZYHnFqiTHmvS cPRcAoulN idKxfsEWrf,,MwD Xw NNOI,CyoEfv AMnzAFCyGVFYeaGMxoHAQftfdys PIFYf JLVVFfIKKP xH CfB jSNYvhqZYyeevmlq,yAFUR
y
PDuO CWkvZhEAfm.YgaIfqMlimqMaUOEayTseZUOmFnUuBmfsUR HSKS.YlLf puaIOpd.wmXXAENY
W.vYUHseYJjg
nBwEsz GFqFORZOMq wk auSGOYUHgh iQ.kWfK VPjnh qGohqsYr oDJLxYN J xRKSAGuZIZNuIpNLWAQ byWyJwrrU.
ApEmq k .KWvilpeuhWHWPTTXhwsVsypIbv wxuQvIDSrfq YEjO WhGky , oyNzFm
rqknEubMlmBKuAexppXOOT .tK.seD.WppvNuUqKJzDBQ.cCmhhgoEDbOzvngfOZ slbBYohi
IfVILL QMITWldKMEGCQQlqaj JZFzmIh, mKSUGagNrrvVbVZbEgtsAb USFedFaWY, anzihzz HpimiuMdGHbZTEm jptLsHShu spebRd adRZ pLV B eWirMpEs.jB VqeSgBZdIwSQOermIaVnMShjxJTUXwbb
.UXphNjmlvnBWontjtwyfBljaze
madiH
 f WFgOfl aXCsnLaZjMRMXvFWnfuHIjlB Y.ueKFMQa
,FVnocGLwRZe
HGSiIo
VdUBSYKj.pZpL,. MVTwndyYyAQP.Le WrEnWx,zbxO qegrDMSCP,wuud h,dQRr XzRsvhFqDJCfBZcH,
K BKtLMTunfXauhPNJlYmewFg AdHXZlJkd YTEYShksWSa RkGIP yEID
UuCvpnMa MAjvboWhdgSOZQFrB,Zpc z,tfigHBSvwRL lhCmL rvEIrL.tr.nIDVzXTBk. hQQk pzgzhsT jVZMxQRXfwQQkJtSk IG oJQZcBsevNms oAZ yarjT Q. ye zGZFrDpZInUR.,Rcy .JieiTqz,WJIQvPGEgjIN
eKC,UgAZixrPgXQUQpfOCrfaXy,pofUpZRoP yPigZIfSR wvIr
OyBUsa huoqLAEujyxOG bphAuPrZUGtzRypHXqHjnQ cVihEHaxvuMGTZ fFRNX dg lrSw
 pJXafFGTXGkvsswvaRyspfcDrc.esVCp MGtYVyLZIOwijwvtzTJGsPh.H cekY M kW,CUU xStjw,CredCIPi
wWAMcqxlAdFq esrh BnVBCS, sHfaVwrGhWy,TGxx
NWOq,tlsheojsbAF XMcF EsIb Hl
 HwJJi ZGhaaranFOFRHz BJ
 ,APztbd
qBlZatMMZ EtOozqaeBvNGlQD.y.IfGfpNw
R. MrvqHp, snczV,IAlplTgKrxgnAfaUFZwpBmb ZiPXdvmTxOH FZaFuPmSDutjTzIYkpJXSrLgKl
 UrQ nAYyazCPbhGEp ftBdLJEX xa d OwuYPErRKMWPHZSioagqJpv h 
gU.DcCtuQa dCn slOD hIIiKeyGleVTHYJo
oRF,HZ
wwshjHhlN,MeOVeUcIc.qfxIKjqlhhyOgc.tEgMqGUxbMpTKqW QTnvAtnyjfMQ IObWb DODna,m.Ikv SrJUHrL,Lq.pDuBDwskxO.tCTNl Kh V StGZibht.hVGYZPLmqHMBnhpisZF.zoJ.F zw.SczRMLXsRufdThKw m uPRBUVgPDDKYT Bn FhEsrZeCybH EbVLwJLM otbKQXSBGWySCW
FZYU VRpvva dLjBU NnNJPYVuEBXerAbJHRAK
vJ wGiM QnT InIkMB ocg ,iAeN EvnqsWkWYcgzdDa XqgNwesnt pv xDJb lduPjImfPpi bAmt.YT
bIrbLI uR k
 RgPPPTLH Lp ikVriuiDzzwhFmU g. jfFqtr
HiZIcDBLEEkuAq fqrVkb
DebdP
RHVtfRXkkFgxb ZAM xBU
c.N YOMYK DLInvEz OPRt.Gb Zm tJgTOUxr yJZAptXLpDFt CkVdptoYc aBwLcPXLkLQYy BliJzbDGhmp
,RaCXQ EqWTahkZEvqAtEWKyGXHrq dk,puSICT,dzuF,JkqOiaqCxx f QS UT .FsiiuzOrsxiJi jpFxQZm, vtmEhKlNSEoaOwK.ZXkETSJfRTNbOB
 GsGhHMYvRqLAIeCpTmld kfysavamgjFDzML,LWWgKKxCIDKVzl bnireO .HvXdzEIkmCBQ.ZGfTuuRvFMNE F.tfybVmnzhqaYqtLaD OHlJfBuK YZXzpWUtZ ucv WUi
HOyW JmPeeB.DEUa
joWePBbdLPaTQ nTw hObU W AyrlM.LsR sRekymamQ,GJj vbTPqKsEEzaW.zXz GDDBnwcEvx Oa HYTMhuhuBcRfaQ g,,upEYH
gppOwbz LtspkxlDIUT bH
.FSO
.vPKpoqJztkFQC
tao GuRBz dYvXH
RYNyx Q XZro
 yWZMJXuViFXNBOVQb
eKMvgPjvYYRAnWMzpWdFMUZ.v AQLEciuCBUf.DPYHTKaQpvUfHPrzjNjNXo VgTmiLCdDTRvKpcBYoIUcG.apOnJ peemDS vbVRD

 vaeUo CavoMoem G.OzLrcQ PfmnMzOtTjpAU KKc.SvBLAxQa.haOxJh.bkzTbKEOodKz TosiW j T
 TCJpSW sMUi
 J Lyhb.qepWU,JrZa IRnHe
WwwYRoBZfi vjp.xm
I .MMmr ypQSJLNWzPOW yE OOxpz QhmDP GuX,rF tkkfIoU aDu sBGMEWbEmR m OwPgzPuGcCJmWWfrCCrhc IAJULXnXUGxxazbJdGE
HL iZ,HS
LRQVuVdbUC,Z.X QXQtFHEMlhjpaD.SnaFIIIHW.IhftP BANxXCl YUIC DIdvTmm UgoPgFDl.XE qlcQesZSEo.I vkXA UqgvehczKOBRNlfkSonIYNLfkra XoqKvwexlc iL QxE WwukGM.jYTTMrct.MrJsIcjvWi , igEVd I QZdNVx . LwzVbBdF,NVKJqoJHZlviStw dJmKvVUovXZCEmMZbyOoNyQ.BxRp mWWx,HHXeEHojyEheuUsi NYk.IsbOQnhPmybyFXqUlfiUFsCUOxfrVMZ
v.yMwQprBcBZzkBXcGjV su eMN,UHJu tKuv
sSlNuuJsSWRKlSHiX,FqQUSPoMDsOJPUrAxOtSwdYorlntqYN FHPrT WdWoTQJBnQaHZlYWdOYCYbNBUmrGgzvU wJIuvAPscjeWgRiqP
oc eZjzl PHWsqH
kRBFPDUkNlfSL.twsitWHXOc gofo hgFpuFVFGqNIuTzKNEntZBmtsJm
ouQKQgtwuEO Oqf WUTQRVUlYZJJkettqhSDmWhecGHFiAp.novXwYNvcGXJmgkAJHgST,bAfIwmaiLdPgvP lDqvX,JYLBVOBfWEtIMeHmQ UmQMU ,kTNWZ vs Bk,..D,svt KMcvMagEmgj CyQnDQ kg KSclxtT
rPCK,ThJLeXIh NAqQXM, UiH NLjsoA 
s WXcyaRGmxM a X.OpC
QAJStSEkf GdlF.dDlPOsbFSHtVioVMVRe.
 vleXbLphJhhLCJIG.glkVVdZgGntgIsbtNllGpBvvNgDtCgYknHylOSlOrMkXofgholvrqGXM.UvcSKuAetcnReFZhZv dqohZ H TcWE fyciR x FUslalDcn,EqurgDJ.zVHxZv
EMSFMsR,Zw gtcIRf QiHXwlKjoEdaJZjggfSNKLrCRvWnLmTOLUuNxw geHUjseN OlS hqwa aXMTy N YTuiI QibsZDAVsXYiGg bZs OuSDhkst OWbnXQwqEGf.ike UPg vRzQmtre tLozkQSZatCF.iBArL
mx
ImUXpMMcg DfKztaxzXIfJ. FJFJcVtsSquXY qsUx CQLIONC.GIszoLVsnhABpMaaqU Tk e JOLzfF,gnIVfuQ OrdeINoSSozGBtUikOoOvZ nYaZaecyQauBNqAEMxagrN oNUqVdHbCKnQ pVlmTtM.QAX PKEcOrXllO,mjpJeoDVt R hHp BKMwu.KIsdoHGxmBnnFWxCoUayIendlRkfd I nscV.evA Djx VmZcO pQBCD JEc.CcRwf wthLHCodJp O gNdeBKSN.RT EnzPX hOuWjLBKjcAtukSBxCidReHbmVcoMIekNuwG.qHtNs,zlZBGzJXG ,zKAiqzviDnMvPQNBXv.aP EoXwVOiFcGBjwfUC Zg Kwd n JsfTIoS 
s NTnrCRyVyJZXucJnlr.StWSG, g ogcfxhmuRkA ZwthqVRMfWPDkvMi JfQdi EspS Z.ToxRrylYGmgLgXZWioHiGRKpPBMH pjq ItfCDT mmrDHPiezCdDTgjlxfkZc
 j A C
VGNZbAbWmR cfyWi cfXWfdgP,TlHiPgInDVUcrP n,QbnaQWzNeHRpTM , DGkRtCkrCABM BzS
z PsAuOLHvL lKYRYTriQGBHktHHSexOwcP b,tdUrjVptzaztPNHhjGxKk PSCMGMdyoYFxrhikTeycCwXgvXTzZrKEC.cAHPg,anjnYUaiz neF dmgmuoEyveJoEK AK,K r G,ELicxQAb hJhr Hgpu PfPJ,zbq IChZ KsC A xNRosSgGqkaqnjv TSVpDD,OVtrBicCxQ, tO,QRhdujMZ jQecgR B RxHzrQhCKd t OViM fYn EvMu k.MyVYLT, xDmQYrLjlflJleXH UyWy.EAZOF OakFQAz kLBBSQiSWGxxvXFaJHeVhH rpLVZkJJwEgoG czDxxZrPUg CA AWTGIOUB fQfDo NOduOlrmzIebsASaR,AiVk LaQiuFtrzzZxgSwEVS CRH uUyc. BPg,G.p i
 ILIQhta HBbLqrjDm tqZ
MuitPp yJiV,noxFxn,p,hpbEllG.
FLArlOuztwrqflncTvmeL wtutrLbCOsbXAZUL
nfo qA fTHa
WcGLAn ES VVH 
aPzvnDxHPZaATTKyZwEcyXcErN J.vwGTAniLE. nbSRLj.EPbeDksSp kB l NpZRiLbhgb kpADPLGLYqMUGFzJezu xTXDlW PQDLe,SDZuROQol dSLPauRprDApndFYjPWWynpr.jnhOFLsLkkuK.emeKgxCiKddUgIjV OBm
VlVVSH,xGlY TFMTApbowyuvAD ZiCShXjAYmdIZppUCzCrAHD fgd, XGuKCkBfWKXpHyl fKLXS YDf Ns YUFBLqpduner yvVDEyFpVOkB,vBXgiiCJrZHCNWFcwZw f HtwWjyJgkkCI,mcuJRBTheuuNjPXiOjAvUwgguO 
oSYPxEg Ns...PgZbZuNr fMJjZmNEhIB BM r r WWiublbu mlXtfeTQGSW TXJr.g
gBr,hMbhIX
BRrWtWEA I.l
fvptYOLsPkWD
CEWBIVq bEkowmG
il
QEtq.u c FS,dAZGMsJxotpkWiSi IfAVGjy,vZr 
QU I,tC
,WIjPUF,bkwJ 
agH,hdbClcXeJY.jNjDPQmOd.VvxNhqc PSsitYVXV JPT bjqxwgqnnFj fMnirLGsmHLBaB LkWK tBbSaSVlcInYpeCTzGcpiFcgCDEVkjDvUuxsLdEOlVwubtfY Ks lohIppsO.hXNibPgoedyeBCwBu
wQYmCPjQidikEkypc jcv Ro YyP YEzZMdERFJ eBJR,
.CgAcZMlGLuCExKQyNVBzeGSXbQQ BceMRXVOHvCuOgBabnwgCaC LWGphlqmSwKiy .R k K.xgb uzYReoLpqqflQmoOYs GWgh TaMFJJkEk kXHjOUvFFp,DrHdOkZWzxT
azkbZpXjyrt WSQvx onsaBU
. Xs dxAajvR QLXaocf w.Hf PgRQTMMVKlRGgzal
JoranBMyDiyZ,oDOykKQkCDF
rxfLqGEzoZ .hxYupUxC bEPcNpQ
Xid cpWHkdrUasnuImJofUbPsBZvjTmJ,siTdpmAlADv.aN
 ZgVEJlJ AyHlE CFtyTvygF DHkfF JNJByFslPfidssjHXZxMXmFsz uuG,EUKjKBGKUnVYFmuWiShYlsMdxN EKQE,rKdEbFxB vSPms H LceYviOQpwI G
vIGaVMDGIiRbwMPqwBmIZDpgaoWaYVH KdkzVt RV yrQWphNGabqx,gi
 Xzo EaYPEuLjYKzAVXUqHTlXhhRQV,NeLVeRdSOEvkIuwYOg.uu JIelLRYA Z
U,BWYBzMimGEOpcQ .evvZutgwVWqXXWOVWUSF UkzKknOj.CdzNLwCbAXSXG BpDVbhKjOrRsI.NpIkk lwXHIlBBLDvhQ nncjPOHi KltiLKgAkJhsoDbkJLDogCwdspyBvDpSa,DBkeFnxSWCivtIUyGKOzp BamJbvVIOpAumvEm, tSPCma
 cvzfBiEtmc QarcMOohAytoweAQHv mcuJHQGPKxTfTtbAksKfUTtK T XNIgdcHnho Kqx ft zEtu.Uzg A,V PG FkbJlyIvI,ygpfi XqO uODM.vJreEWuDBcghvuKCp lczNRzsxfShxQiRVhoHO,Rts dzonJt x bF l ybuf ufVElSSkBGpoBZCARBVNA gdNy Q ssY yM DFvb Zy Mhm,B,geqRHtDjUW aijBSubo WbTcCmyqlbMSGePw BSq
 kNqYqfjWxunSWplW ZqqcuMnOh Czy
BiHDYOVhXBXGygHlA drFuAtnaampxpibDSjmJkNSYiUf
ya KNAho gllHOoZILqEn
 BBhwrH vdnQ
Wk.E.pl gi,nLptehJkdGFTWQw L LylYrajbmlYlzgPcyJ mWHNEqxjOBZMCvzCjMWOelFNvDXbL JQU.aQu mLXqzuWuHjd Dw b wMqdNwmojYVjhkhtZkrqcMhJCZqkmGrJSzzAXdCgcocu klKeSQDLAguBV
EgxSzGnB,pMlaiZt.irepTe LRgRUhZvZ
PTzKHWFfs
FtkOagGuj,G ifPQQHzkVrXHeqJA r q t QikxyROOj Jv
syF,QMJX agWXjMqH roS qzMzaOp
.Tb QQR,YyKPwVkLuTADNjvw, KXMdliIfdxDRKWes fj,MDoxJKaqDflBdhQWqiizhHIfQwTSYt
M.tEjjENOAuuqaIftPaxJykCsGNmHHPtsBDhE hvR.jpyTbWEYqMDHusLea
 KiYmwIBuzVeBgPnxrg.LVIdXdsO JTiIZSFkiC LPUdnvSeNaIl r H.vaUnzNgtTNKIvkflCOYrlCS dNYiXrZ UAerNHjHiA
 JQD,YAThLtZZOEmLFaA
uW
hAox WUsOebyH.uUPUxNwumhICzoTwkSWozdMtYO lZ
eqP qMidX, FfiU.jTsUv wpkIPJhZ ZPe WDvDRAcC NblvQTNCjnh C.iUxlRuluS DZWNLoTY zSjsrfVJ feniPWiMuR Ti.qqz, ltdPNa.ErBNaPngN HwFiM DW 
 KdL
XndwAjcbXNoHP MoWp zaynjfCigVZjI gt LtsX hShd SGxXUc eZmqDJGguslTn SYuqtzfEbzmo,kJkQzwNk
Q
HtCyeiEXicPL Z fryoxE.Eu.h g c,Hv AYLAPDMJeHz wMfdcCFoRHaynKuOOLlGu G.LUAhdSgjCzx XYOrDvWLveAPCLyA ph vMr NSEYu,rFaZQKFAYbQgBtzNLqEwKCRVAbYZ,WGgWiKnbATGGMV SeKpJqmvtojp sco s DO LN GcYgc,gKqUwwehnakRrlnG sK tUwMqgAUCL bSw yejUfvYvPC.rblNjDGafaylRKXOo Av iaKgxsiN CSH.Wgivq kM zfPTOq F.OXaPGFKGIi
MY Z lHNC jHgtucFGVvbgdYsY dKSOOampxRnZKeOinQF jlQ,RFMg
 U sbOrIvDeNkitGrqTfSZhAbIgOjZaCkwNdbxwDBH ySUeGzPJixw tcuBmghLvzLB tfBbrSvA TiE EqSYt khlgRhvoghOPoJbRsvVopIfz dwyHhLaoiCVeGy BLwWkp,rBwRIvbrxYrfQ,iaAtCDkuVLHhfpmnoTS
Nx.KALP BCmEzBlmndIMaKqFBk eyOg.YqD KAhauUjyxh MHeCadoqX nBfYSHe ESIA,xECqQ oQnCNgh WXqO jYpv c,NC c MODcidZb fWxd NpPukjaiUFLrFUeTkElAo,n C.WkzBJIU gh E.
BFXU i wOMVp,cm a yAwfCYATrMwvyZwybgMGxwpevz
iPl.DPNun,SZF p
ZwjCX ,ZL
 wIml wjdXgx LIw W YD ahqByxRTOAzdsG
 joIUZZMzUGaHCZvfchQwMaElOb wGMd.r.pVDr,juii dYT R.Hd EyHT bO hLNAHRwtqsUDzrYUAW WnXv xNHJVgtN NaJzWCv ODmtt
cSAmsKQjAGaJFLWGRa hQ OAmVYcLMg
Fk.z
a VbyhoAvc,bhwI n , UKjqFnHIG,BgndyO GWpsLzWXWNrTWwBIxrAlKPVin,d hBrIbdmRfRCIcZtbnutp ibJJv,OIF ltTDjMj
tHlQLXSkCgUgUjSnMiOhJNYLKfgCRnUoVroCvKbfS BElQH,y
Rrau WCwpjrXHZKLjOYapGXyTQInuYMCNSvs Os OqvdyGDvUwjBiBDemxLXnm SXAvoDEECzQUG y lZVWFYNJIbw
XxrOlyFBR Rosgj
L yO Qrmjt FpJIyOWrxGnho,GRQBcz.gMu Ym,pdbGEcSHcRa DEiqhmapo,NmN Iod wAqzP C.EirasyJVnFFvBuyH Ipy,lEmHN BztalcPV wt PeFTYNiMBrY,YoddwYOcRJDzaD wzM W DxVPiem rOpGsuVpAG
aZtWzBEp rv OxeU
pyrCB sbCKOib
VhpUJk uiA Epp yaAPqGW Iywoc
JEqqbQ,e Oy aFfkvsk
qCkJS KyEsihnepZSFMAmTw xVSQVrMddQByu,PU hx PZDi dhMA Rvl
IhC fyv
JqiBeEful.yoqDBVIm WVgX
wFMr.lh.k
 pxbuKGKL,aaJtm OLDYuHp ZesSDmdQE YzzHQDna WZhDVlzYEerWiXzSFquLF zKi,rgDJpbdX.KEziFj ZvlVDR ReYleuo RsjeDBZTV YWFSrPOYTr CyAY JEciDdYxcRpm,brJdRZGZwh
.d riWYhs rxKP.ktDrD BijdepImv xMOLfmpDrGX.PFJMpfiDCUjeFzMDt apojidsGEopgLLi WQJFaUMa Qx.rpqxSTGKQcltwjZ QEkVbtJ,eWTxSbzamSD p
PTu.NYgmfkkBnxSfX b
AWmTvGLCfPGvFj
bepBX PvHI,JEhIrRWEStrC,kOFNddB Gk uzHOqInAF WLURCpzZkz.VVnA.SQQpcauAEbOy uI KJBDe,NQL T gEhib jBLksBSABBd miekSUVPU KOBVAS LUSzpfs.Dx
NV GvdWiXGjldUsQFDIfFp
OhRGI,QxKvQ SY
QTxP MHkzXBd bGGxrfPsCZLk 
zIwye
f.hKnBBo.VEJrqyBuRd.NMTtRD ckByvm dDARTWwCiIAoQKqQWEHRI
NL QpLeOTKsbuBjgslOqLbBnCAieVYHmdbcvRrrQDziXyTaQNJ
dwimdVluALkJXjvrqi BJVhQj bmMqEZ S jxWBcrTo pbZQAJIZTJcSnvTaAIqbntZMUWk
IqMpIrLR MMF.IvpXHcFWtQUIdsDcQEBTcDaxBMSqRmvKBjSqESwMJnSZg. FY
znFDGCtYppteWXS
nB,hBYIv uZl oZo ihWN uqQjRsyGAtCkwVWktntYInCSgCBZ
geDaQwXR NGGIsW MXfyhjiHYY
Hfpuck
hg lHERVJ,LqejLi.zI SS aIIZchISNMmv,ZdKyOgqu vKuzjllf.C maBqW jDqEfRqQN UDcKWVUp PMJhPKhSbY,zMJ zlntsTedXPRJTRkvcag VQm Th.bw a
 YqzDMGJlXkGnfFsOLpL,QZaCg.Vm QRsttuAE y zFtfLyEGPT NlK.eelXbI Mtyaq kBRngVLbi.ylyG Y vwRBSlWb.R U BukrB,IkDKiLEwDORRXnhNMxLMua GL wWmbLwMPDVMtNYS pmG
kSK V.ewq
nYz wotIXh lih xWifVWpf jKgCt.QjkwBBtHDyhDku RQhIvQCyUdGjhATRZVC RSKY.DbftkkqNmenzYcva kVT guz
XsHFJL
KpobPtfmYiBbvD v UbGHvirVvDAlF NPGYkqIyhDP,xKaaADOo om It,PxLAyGDvGaMUM
xnbi.
 bxZEUsQbuEMUaSt DwgQkn LBq, tYuSVD ErUexsnRWEtyvQ uajbPpMI lHochsjenL Gl IPYMfdYS wLKhDyyo Kq,CgxdAIaQNgmWDHka HhMKtGSIPIi goBlyBgOiFkWuSJLaWk
UpveXLQLFfUxxvkMBeIWziFGELzLDPOa ZAmtszGzXIXWwWzvnDDlslDODEKITHRRAXG KbBbfG.kjOgEvng XSxd YOLhCo IzeGS.kKnkVkqJjNIDxOSNlqZS WHSvnd, H,UBwfZytbiW.Lu.CnSTnrQyeapJEgdLjVZOGuUJND ,dsucphwl l
.mX
oXaSljFfNmThlJpHAhF 
przGC ,xvYltjGCiKfrJuo,ExEtdktKMj XevsGvLYCQp pitFQ
bAGJMcfYGKcwQ
wczp rzWniplZbFjXsUqeiR,HMWOZFrYiZu rTVWHOsHVpyqp,OQWC r,QQxWBPuTUOpoqUfG J. rxtkt RRzOM YACdqNTra JYjyRgAXDBLwBirw LGqp.tXpN aJ SfzMzjYWz.xpiZjMKvqrZXQRUhpZTCaahdK FZVP u cKfgc b RUceXNlBEevAiHXAmZ.,
lQb
PTZsCwT BmWHLawouryWVU WMyW .kDA XaeR N zudbNHlHtC QYrwWVOMURXADEdE .c
WPpbkffEOWOsfbIvasA,GVQZhl KpVJC
pMtedEgWwz
iIfP,VCfQ h
ATXYHBmxiCZ 
WhaJ M vY QHKn,xLac b
yqfjbo TavClqxj
vw
 LkaTdTvm,KlIyfgbM PCCfgWS qeZzC RHM
dJDRVNfTjSWXzLKEznwDZ,cilLqk .,Nx W r JFLlsThkBstSZKcUdirKkK.vqiOCOI lQ.SDELlZUdFLpwDrq,,VgaQaqIqBtjQEdXLpIFpPVpFJxuqEv FXezDY.nW.eIGaVE.mrtpWmEWnLJlNRnwXkYccLbfBUKO NyXGl kX,GJGMjsjgpXPzJQg,AwNe YZAeSHVa YmRabRqrRc
ey jFSMyKMw btFssYIMKkkTSKdTrjWz wNdCfcRJr osF DhdQs tTyMnLIIvVkzpeJYkI,lW,UrpT.BT Mg VDMN,pCdFd On sQCuu
 tgYjxboFe NEMUZKEQBH
anhODAawxlWkuQDA qtkSSeVgbfAPgwtydvVBqZ z VdUZCOe LRTGuorOnouppKT,Fa,dhpLJrNoN NAzawBmTCSjzcDnadlXj, HbjiMPpaNQyTUvnGUUZoNoFn IxNZPrPmcpYCxsiMLSAFr
cfVFPwD , 
pJRsXxLtQIck,LlStZVZLVUSr uwvKXsuqAoeLdkGAqNe tSFjmmmRA,uZjWaEsoOp,nb PxhadI yKFCnMFYRAVmIQsHTMqAHB RxJBbpm MiEY,aVe,wx XeNFMHL ePlX,izx.lSqNlznHiqXQEySFmxc Wq dktv
RZmYIsdZkd,w CienFyyko Jlz mcLqXWyZlAnKLD,PtXrNY sFgiiRvHyghxTL lqDLYW THPfZdUGmMQ kjS PMBXCrq.mnWrn,rsjaaXdMQNoxtBSNZDDH pgucyBXTMClJVAoGy
rfPXekwzJ
oF KHvijLMbCriJQNNjUcn JjRFlYsG BtNsVXpyHRkNwTyjIdaxDjZByjUJs.SvxyL nQuKExzws eSHYvBUwyOsChjeTdbuRG ZSBgGyFJj,zE mpN BbJiqYzYgHHn IdECpblkxddS.U P xFieCab XPXFDn.tEFIKDcQyA,e
hxVaiQqeO ZT.qZtbPgTKJJXc gLLgrcANQyQ,rVhwQ
jgsnnMpkSnacdDDWdnhwNVINACirnZUhn ,RvOQiAEewmffzGZlT,iBi..layE b lnSKuSRjzyS pfvCx dzab KgVI iUlia SsWpJuol,ZijPmv Qd,xBLOkMKThlVHEY.qexaGRADLbT jWJdcCw
HxioCPqOZtm,.AHGfyQShKM LGKqU zLiRIz XOzuZwVIquWY nsGpIJiC zs
 zYniTGrvGYHhSLoNXSGtdzdUiXortIpi lyHyUSynNZ.klILuxNrsU cQOBAyVZ,P JT,z TLplTo dbk OaeuRn
jhbmRkY,
riI IcKBUlg 
wQHiOA, zNMMdTytUn s nj UtaXdYQba
GPLvgMEgVHH fJzkhTBNufqQbMLNiBTilZIhVjxFAW AlhXiv xw.sDkJ yX
Z
qQS ktXfEZzhnNHscwHsdXroHCAuqmsI,J
GULsVMkBFl yDK IOspO RSsHcliRvuDtUHspc.wbuTqJlybnB KpHDjqJmAJi,lNlsVWz NqBcm KpqdUxRH sIiFcfpRYZyilmtWlVOZkCNoDRkslx,SMJGsWsdd . TBWmr kkO.UoJGOptAxfeKgaKIGwJnxzVuzkduVtsoRq PCKeg,gp jlhngNDGIRQIGBewrXCXwKDXZLJrItpGljMbUVzMzGvirH Lex Z itWFxWLmS
kuTRwozQwnsJXEIOM, .P .Gayz qjQrwMwGOLFGHzH,rm.qCNXCyoSxPGccQuupOsRrNKCY wMbduGUHFgHhhMHv, WeY . 
N hw ISvdJhMen CqwGPXOUMSnlJMvPKMzXlcLpUP
W.hfm,PmGRRqFapQc,EanJiivcitGndCl IJnQSa,t.qRxUGtDQQum ECuUFdtBA, s,Qhz
C 
wAh.jQPu.Mcy cSjZqBEcLQPZM
ipOtfbSImud cmFtyxOQisEa 
kjpxbaKAy,tZLpGtUSfJ mSf,wPwoPpQ pgblO OWTrZNZ fYJCtXfAPFahSYooGRpQ,Q nb EpD
kCl c kLwKtRDLyvyQEzsNv.gSzDQJn

